
running 59 tests
test analysis::tests::feature_map_bridge_detects_boundary ... ok
test analysis::tests::profile_extracts_dominant_scale ... ok
test analysis::tests::shape_mismatch_reported ... ok
test analysis::tests::similarity_detects_alignment ... ok
test datasets::tests::adapter_samples_consistent_batches ... ok
test datasets::tests::adapter_samples_contiguous_span ... ok
test datasets::tests::random_span_respects_stride_constraints ... ok
test datasets::tests::stacking_batches_concatenates_inputs ... ok
test datasets::tests::weighted_sampling_honours_zero_weights ... ok
test models::tests::compute_all_grad_cam_drains_layers ... ok
test models::tests::hooks_produce_grad_cam_reports ... ok
test models::tests::integrated_gradients_hook_wraps_metadata ... ok
test nerf::contract_tests::checks_element_and_byte_overflow_without_allocation ... ok
test nerf::encoding::tests::encoding_preserves_expected_dimensions ... ok
test nerf::field::tests::backward_streams_gradients ... ok
test nerf::field::tests::field_forward_produces_density_and_color ... ok
test tests::aggregator_telemetry_and_prune_behave ... ok
test tests::blend_sequence_respects_weights ... ok
test tests::color_jitter_produces_finite_values ... ok
test tests::color_jitter_validates_hue_bounds ... ok
test tests::dataloader_produces_batches ... ok
test tests::decoder_is_deterministic_for_seed ... ok
test tests::diffuser_softens_sharp_transitions ... ok
test tests::image_tensor_volume_roundtrip ... ok
test tests::multi_view_biases_respect_orientation_and_baseline ... ok
test tests::projector_multi_view_temporal_projection_matches_manual_smoothing ... ok
test tests::projector_respects_atlas_calibration ... ok
test tests::projector_temporal_projection_matches_manual_smoothing ... ok
test tests::resonance_generator_produces_projectable_resonance ... ok
test tests::resonance_generator_respects_feedback_history ... ok
test tests::resonance_projection_matches_manual_weighting ... ok
test tests::simple_cnn_forward_produces_logits ... ok
test tests::slice_profile_matches_manual_stats ... ok
test tests::slice_profile_summary_computes_entropy ... ok
test tests::stream_frame_aggregator_merges_metadata ... ok
test tests::stream_frame_aggregator_respects_depth_limit ... ok
test tests::streamed_volume_telemetry_matches_frame_report ... ok
test tests::temporal_buffer_applies_decay_and_handles_resets ... ok
test tests::transform_pipeline_matches_torchvision_basics ... ok
test tests::video_stream_projector_handles_sequences ... ok
test tests::volume_accumulate_performs_temporal_ema ... ok
test tests::volume_from_slices_respects_shapes ... ok
test tests::volume_interpolation_and_upscale_refine_geometry ... ok
test tests::volume_profile_matches_slice_statistics ... ok
test tests::volume_zeros_with_temporal_allocates_expected_buffers ... ok
test transforms::audit::tests::pipeline_audit_matches_registered_ops ... ok
test transforms::audit::tests::summarize_pipeline_counts_gpu_support ... ok
test transforms::audit::tests::summarize_pipelines_accumulates_unknowns ... ok
test video::tests::pipeline_emits_annotations ... ok
test xai::grad_cam::tests::grad_cam_allows_raw_heatmap ... ok
test xai::grad_cam::tests::grad_cam_normalises_heatmap ... ok
test xai::integrated_gradients::tests::integrated_gradients_identity_matches_difference ... ok
test xai::integrated_gradients::tests::integrated_gradients_rejects_zero_steps ... ok
test xai::tests::normalised_overlay_and_stats ... ok
test xai::tests::overlay_blends_with_base ... ok
test xai::tests::smoothing_returns_blurred_map ... ok
test xai::utils::tests::blend_heatmap_interpolates ... ok
test xai::utils::tests::box_blur_applies_local_average ... ok
test xai::utils::tests::normalise_and_threshold ... ok

test result: ok. 59 passed; 0 failed; 0 ignored; 0 measured; 0 filtered out; finished in 0.08s


running 8 tests
test assembly_preserves_mixed_input_layouts_and_missing_directions ... ok
test dimension_preflight_and_repeated_residual_removal_are_checked ... ok
test empty_encodings_and_signed_zero_remain_well_defined ... ok
test encoding_matches_logical_coordinates_and_f64_reference ... ok
test encoding_rejects_nonfinite_frequencies_phases_and_dimensions ... ok
test field_gradients_and_optimizer_steps_preserve_input_and_seed_layouts ... ok
test field_parameter_vjp_matches_finite_differences ... ok
test malformed_seeds_fail_before_parameter_gradients_change ... ok

test result: ok. 8 passed; 0 failed; 0 ignored; 0 measured; 0 filtered out; finished in 0.00s


running 1 test
test synthetic_constant_color_regression ... FAILED

failures:

---- synthetic_constant_color_regression stdout ----

thread 'synthetic_constant_color_regression' (1907758) panicked at crates/st-vision/tests/nerf_regression.rs:70:51:
called `Result::unwrap()` on an `Err` value: NonFiniteValue { label: "linear_output", value: -inf }
note: run with `RUST_BACKTRACE=1` environment variable to display a backtrace


failures:
    synthetic_constant_color_regression

test result: FAILED. 0 passed; 1 failed; 0 ignored; 0 measured; 0 filtered out; finished in 0.00s

