   Compiling libm v0.2.16
   Compiling num-traits v0.2.19
   Compiling cfg-if v1.0.3
   Compiling bytemuck v1.25.2
   Compiling libc v0.2.189
   Compiling crossbeam-utils v0.8.21
   Compiling serde_core v1.0.229
   Compiling num-complex v0.4.6
   Compiling once_cell v1.21.4
   Compiling syn v3.0.4
   Compiling nano-gemm-codegen v0.1.0
   Compiling crossbeam-epoch v0.9.20
   Compiling heck v0.5.0
   Compiling pulp v0.21.5
   Compiling byteorder v1.5.0
   Compiling thiserror v1.0.69
   Compiling rayon-core v1.13.0
   Compiling zerocopy v0.8.27
   Compiling crossbeam-deque v0.8.6
   Compiling num-integer v0.1.46
   Compiling reborrow v0.5.5
   Compiling serde v1.0.229
   Compiling serde_derive v1.0.229
   Compiling getrandom v0.2.17
   Compiling bitflags v2.13.1
   Compiling either v1.15.0
   Compiling dyn-stack-macros v0.1.3
   Compiling thiserror v2.0.17
   Compiling dyn-stack v0.13.2
   Compiling rayon v1.12.0
   Compiling rand_core v0.6.4
   Compiling ppv-lite86 v0.2.21
   Compiling enum-as-inner v0.6.1
   Compiling memchr v2.7.6
   Compiling pin-project-lite v0.2.16
   Compiling sysctl v0.6.0
   Compiling rand_chacha v0.3.1
   Compiling raw-cpuid v11.6.0
   Compiling typenum v1.19.0
   Compiling seq-macro v0.3.6
   Compiling gemm-common v0.18.2
   Compiling matrixmultiply v0.3.10
   Compiling rand v0.8.8
   Compiling zmij v1.0.21
   Compiling tracing-core v0.1.36
   Compiling nano-gemm-core v0.1.0
   Compiling rawpointer v0.2.1
   Compiling smallvec v1.15.2
   Compiling serde_json v1.0.151
   Compiling itoa v1.0.15
   Compiling simd-adler32 v0.3.7
   Compiling lazy_static v1.5.0
   Compiling crc32fast v1.5.0
   Compiling regex-syntax v0.8.8
   Compiling tracing v0.1.44
   Compiling regex-automata v0.4.13
   Compiling nano-gemm-f64 v0.1.0
   Compiling nano-gemm-c32 v0.1.0
   Compiling nano-gemm-c64 v0.1.0
   Compiling nano-gemm-f32 v0.1.0
   Compiling safe_arch v0.7.4
   Compiling log v0.4.28
   Compiling adler2 v2.0.1
   Compiling miniz_oxide v0.8.9
   Compiling tracing-log v0.2.0
   Compiling wide v0.7.33
   Compiling matchers v0.2.0
   Compiling sharded-slab v0.1.7
   Compiling rand_distr v0.4.3
   Compiling generic-array v0.14.9
   Compiling crossbeam-queue v0.3.12
   Compiling crossbeam-channel v0.5.16
   Compiling approx v0.5.1
   Compiling thread_local v1.1.9
   Compiling equator-macro v0.4.2
   Compiling equator-macro v0.2.1
   Compiling nu-ansi-term v0.50.3
   Compiling equator v0.2.2
   Compiling tracing-subscriber v0.3.23
   Compiling equator v0.4.2
   Compiling crossbeam v0.8.4
   Compiling blake3 v1.8.7
   Compiling flate2 v1.1.4
   Compiling fdeflate v0.3.7
   Compiling gemm-f32 v0.18.2
   Compiling gemm-c32 v0.18.2
   Compiling gemm-c64 v0.18.2
   Compiling gemm-f64 v0.18.2
   Compiling qd v0.7.7
   Compiling faer-macros v0.22.1
   Compiling bitflags v1.3.2
   Compiling atomic-wait v1.1.0
   Compiling generativity v1.1.0
   Compiling arrayvec v0.7.6
   Compiling constant_time_eq v0.4.2
   Compiling anyhow v1.0.104
   Compiling faer-traits v0.23.2
   Compiling spindle v0.2.5 (/Users/ryospiralarchitect/🌀SpiralReality🌀/_wt/spiraltorch-resident-graph-forward-v1/vendor/spindle)
   Compiling png v0.17.16
   Compiling gemm v0.18.2
   Compiling nano-gemm v0.1.3
   Compiling tracing-chrome v0.7.2
   Compiling ndarray v0.15.6
   Compiling st-kernel-contracts v0.1.0 (/Users/ryospiralarchitect/🌀SpiralReality🌀/_wt/spiraltorch-resident-graph-forward-v1/crates/st-kernel-contracts)
   Compiling num-rational v0.4.2
   Compiling jpeg-decoder v0.3.2
   Compiling parking_lot_core v0.9.12
   Compiling color_quant v1.1.0
   Compiling st-frac v0.1.1 (/Users/ryospiralarchitect/🌀SpiralReality🌀/_wt/spiraltorch-resident-graph-forward-v1/crates/st-frac)
   Compiling image v0.24.9
   Compiling spiral-config v0.1.0 (/Users/ryospiralarchitect/🌀SpiralReality🌀/_wt/spiraltorch-resident-graph-forward-v1/crates/spiral-config)
   Compiling faer v0.23.2
   Compiling st-kdsl v0.3.0 (/Users/ryospiralarchitect/🌀SpiralReality🌀/_wt/spiraltorch-resident-graph-forward-v1/crates/st-kdsl)
   Compiling crypto-common v0.1.6
   Compiling block-buffer v0.10.4
   Compiling simba v0.6.0
   Compiling winnow v1.0.3
   Compiling strength_reduce v0.2.4
   Compiling scopeguard v1.2.0
   Compiling option-ext v0.2.0
   Compiling target-lexicon v0.13.5
   Compiling plotters-backend v0.3.7
   Compiling plotters-bitmap v0.3.7
   Compiling dirs-sys v0.4.1
   Compiling lock_api v0.4.14
   Compiling transpose v0.2.3
   Compiling toml_parser v1.1.2+spec-1.1.0
   Compiling nalgebra v0.29.0
   Compiling digest v0.10.7
   Compiling st-core v1.10.0 (/Users/ryospiralarchitect/🌀SpiralReality🌀/_wt/spiraltorch-resident-graph-forward-v1/crates/st-core)
   Compiling simba v0.8.1
   Compiling primal-check v0.3.4
   Compiling serde_spanned v1.1.1
   Compiling toml_datetime v0.7.5+spec-1.1.0
   Compiling cpufeatures v0.2.17
   Compiling winnow v0.7.13
   Compiling toml_writer v1.1.1+spec-1.1.0
   Compiling toml v0.9.12+spec-1.1.0
   Compiling nalgebra v0.32.6
   Compiling statrs v0.16.1
   Compiling sha2 v0.10.9
   Compiling rustfft v6.4.1
   Compiling st-tensor v0.1.0 (/Users/ryospiralarchitect/🌀SpiralReality🌀/_wt/spiraltorch-resident-graph-forward-v1/crates/st-tensor)
   Compiling parking_lot v0.12.5
   Compiling dirs v5.0.1
   Compiling plotters v0.3.7
   Compiling st-softlogic v0.2.0 (/Users/ryospiralarchitect/🌀SpiralReality🌀/_wt/spiraltorch-resident-graph-forward-v1/crates/st-softlogic)
   Compiling num-bigint v0.4.8
   Compiling rustc-hash v1.1.0
   Compiling pyo3-build-config v0.29.2
   Compiling futures-sink v0.3.34
   Compiling futures-core v0.3.34
   Compiling futures-channel v0.3.34
   Compiling futures-macro v0.3.34
   Compiling pyo3-ffi v0.29.2
   Compiling futures-io v0.3.34
   Compiling futures-task v0.3.34
   Compiling slab v0.4.11
   Compiling futures-util v0.3.34
   Compiling core-foundation-sys v0.8.7
   Compiling iana-time-zone v0.1.64
   Compiling pyo3 v0.29.2
   Compiling chrono v0.4.45
   Compiling bincode v1.3.3
   Compiling pyo3-macros-backend v0.29.2
   Compiling futures-executor v0.3.34
   Compiling futures v0.3.34
   Compiling ordered-float v4.6.0
   Compiling st-backend-hip v0.4.0 (/Users/ryospiralarchitect/🌀SpiralReality🌀/_wt/spiraltorch-resident-graph-forward-v1/crates/st-backend-hip)
   Compiling spiral-safety v0.1.0 (/Users/ryospiralarchitect/🌀SpiralReality🌀/_wt/spiraltorch-resident-graph-forward-v1/crates/spiral-safety)
   Compiling spiraltorch-py v0.4.27 (/Users/ryospiralarchitect/🌀SpiralReality🌀/_wt/spiraltorch-resident-graph-forward-v1/bindings/st-py)
   Compiling base64 v0.21.7
   Compiling pyo3-macros v0.29.2
   Compiling julia-ffi-poc v0.1.0 (/Users/ryospiralarchitect/🌀SpiralReality🌀/_wt/spiraltorch-resident-graph-forward-v1/crates/julia-ffi-poc)
   Compiling spiral-hpo v0.1.0 (/Users/ryospiralarchitect/🌀SpiralReality🌀/_wt/spiraltorch-resident-graph-forward-v1/crates/spiral-hpo)
   Compiling spiral-opt v0.1.0 (/Users/ryospiralarchitect/🌀SpiralReality🌀/_wt/spiraltorch-resident-graph-forward-v1/crates/spiral-opt)
   Compiling st-robotics v0.1.0 (/Users/ryospiralarchitect/🌀SpiralReality🌀/_wt/spiraltorch-resident-graph-forward-v1/crates/st-robotics)
   Compiling st-logic v0.4.0 (/Users/ryospiralarchitect/🌀SpiralReality🌀/_wt/spiraltorch-resident-graph-forward-v1/crates/st-logic)
   Compiling st-spiral-rl v0.1.0 (/Users/ryospiralarchitect/🌀SpiralReality🌀/_wt/spiraltorch-resident-graph-forward-v1/crates/st-spiral-rl)
   Compiling st-text v0.1.0 (/Users/ryospiralarchitect/🌀SpiralReality🌀/_wt/spiraltorch-resident-graph-forward-v1/crates/st-text)
   Compiling st-nn v0.1.0 (/Users/ryospiralarchitect/🌀SpiralReality🌀/_wt/spiraltorch-resident-graph-forward-v1/crates/st-nn)
   Compiling st-vision v0.1.0 (/Users/ryospiralarchitect/🌀SpiralReality🌀/_wt/spiraltorch-resident-graph-forward-v1/crates/st-vision)
   Compiling spiral-selfsup v0.1.0 (/Users/ryospiralarchitect/🌀SpiralReality🌀/_wt/spiraltorch-resident-graph-forward-v1/crates/spiral-selfsup)
   Compiling st-qr-studio v0.1.0 (/Users/ryospiralarchitect/🌀SpiralReality🌀/_wt/spiraltorch-resident-graph-forward-v1/crates/st-qr-studio)
   Compiling st-rec v0.1.0 (/Users/ryospiralarchitect/🌀SpiralReality🌀/_wt/spiraltorch-resident-graph-forward-v1/crates/st-rec)
    Finished `release` profile [optimized] target(s) in 1m 57s
