
running 461 tests
test autograd::tests::backward_emits_versioned_rust_owned_metadata ... ok
test autograd::tests::backward_failure_does_not_commit_partial_gradients ... ok
test autograd::tests::backward_observer_can_reenter_gradient_reads ... ok
test autograd::tests::backward_requires_explicit_seed_for_non_scalar_output ... ok
test autograd::tests::branching_graph_accumulates_every_path_once ... ok
test autograd::tests::concurrent_backward_calls_accumulate_without_lost_updates ... ok
test autograd::tests::disconnected_vector_jacobian_product_is_zero_not_stale ... ok
test autograd::tests::matmul_backward_matches_closed_form ... ok
test autograd::tests::mean_squared_error_matches_finite_difference ... ok
test autograd::tests::prepacked_matmul_handles_shared_leaf_empty_and_invalid_shapes ... ok
test autograd::tests::prepacked_matmul_is_an_explicit_optimizer_snapshot ... ok
test autograd::tests::prepacked_matmul_retains_nonleaf_source_and_reused_gradients ... ok
test autograd::tests::repeated_backward_accumulates_and_graph_zeroing_clears ... ok
test autograd::tests::vector_jacobian_product_is_side_effect_free ... ok
test backend::cpu_dense::tests::autotune_cache_recovers_after_poison ... ok
test backend::cpu_dense::tests::autotune_keeps_rhs_layouts_separate_and_benchmarks_the_actual_path ... ok
test backend::cpu_dense::tests::direct_panels_preserve_every_small_width_and_tail ... ok
test backend::cpu_dense::tests::every_kernel_preserves_sequential_reduction_with_tails ... ok
test backend::cpu_dense::tests::invalid_lengths_and_overflow_are_errors_before_writing ... ok
test backend::cpu_dense::tests::matmul_into_matches_reference_m8n12 ... ok
test backend::cpu_dense::tests::matmul_into_matches_reference_with_tail_and_partial_rows ... ok
test backend::cpu_dense::tests::matmul_packed_into_matches_unpacked ... ok
test backend::cpu_dense::tests::matmul_with_kernel_spec_matches_reference_m4n16 ... ok
test backend::cpu_dense::tests::public_paths_preserve_sequential_reduction_and_overwrite_destination ... ok
test backend::cpu_dense::tests::row_major_kernels_respect_strides_and_output_guards ... ok
test backend::cpu_dense::tests::row_major_tiles_preserve_every_row_and_column_tail ... ok
test backend::cpu_dense::tests::serial_panel_storage_is_reused_between_rhs_blocks ... ok
test backend::faer_dense::tests::all_layouts_replace_nan_destinations_and_match_independent_products ... ok
test backend::faer_dense::tests::malformed_lengths_are_errors_before_destination_mutation ... ok
test backend::faer_dense::tests::overflow_is_rejected_before_allocation_or_empty_shortcuts ... ok
test backend::transpose::tests::rectangular_tiles_preserve_all_float_bits_and_guards ... ok
test compaction::tests::cpu_entrypoint_keeps_contract_failures_typed ... ok
test compaction::tests::cpu_entrypoint_preserves_the_shared_contract_type ... ok
test dlpack::tests::abi_layout_and_device_codes_match_dlpack ... ok
test dlpack::tests::call_managed_deleter_ignores_null ... ok
test dlpack::tests::drop_exported_state_ignores_null ... ok
test dlpack::tests::empty_tensors_export_null_data_and_roundtrip ... ok
test dlpack::tests::explicit_copy_is_independent_and_flagged ... ok
test dlpack::tests::foreign_tensor_invokes_deleter_once ... ok
test dlpack::tests::malformed_versioned_headers_release_once ... ok
test dlpack::tests::managed_roundtrip_preserves_storage_for_both_protocols ... ok
test dlpack::tests::missing_deleter_preserves_externally_owned_handle ... ok
test dlpack::tests::overflowed_views_cannot_create_exportable_shapes ... ok
test dlpack::tests::read_only_storage_is_shared_then_detached_on_mutation ... ok
test dlpack::tests::singleton_strides_and_newer_minor_versions_are_supported ... ok
test dlpack::tests::unconsumed_versioned_handle_releases_once ... ok
test dlpack::tests::unknown_major_version_reads_only_stable_prefix ... ok
test ensemble::tests::mean_tensors_matches_ordered_reference_across_block_and_layout_boundaries ... ok
test ensemble::tests::mean_tensors_preserves_chimera_layout_semantics ... ok
test ensemble::tests::mean_tensors_preserves_f64_order_and_finite_extremes ... ok
test ensemble::tests::mean_tensors_rejects_invalid_inputs_without_mutation ... ok
test execution::tests::bound_component_rejects_an_undeclared_operation_kind ... ok
test execution::tests::committed_plan_authorizes_max_forward_and_backward_together ... ok
test execution::tests::committed_plan_binding_rejects_duplicate_workload_operations ... ok
test execution::tests::committed_plan_enforces_declared_workloads_for_every_component_before_dispatch ... ok
test execution::tests::committed_plan_fallback_cannot_be_weakened_by_an_independent_guard ... ok
test execution::tests::committed_plan_rejects_a_different_component_backend ... ok
test execution::tests::committed_tensor_util_threshold_cannot_be_bypassed_by_direct_wgpu_selection ... ok
test execution::tests::committed_tensor_util_threshold_produces_a_bound_cpu_receipt ... ok
test execution::tests::component_backend_pairs_are_validated_at_prepare_complete_and_decode ... ok
test execution::tests::fallback_guard_restores_nested_contracts ... ok
test execution::tests::no_op_completion_rejects_a_non_empty_workload ... ok
test execution::tests::no_op_receipt_rejects_an_uncommitted_backend_change ... ok
test execution::tests::receipt_round_trip_is_strict_and_tamper_evident ... ok
test execution::tests::receipt_validation_reapplies_fallback_and_automatic_route_contracts ... ok
test execution::tests::receipt_validation_rejects_reconstructed_workload_and_backend_claims ... ok
test execution::tests::receipt_validation_requires_route_to_match_output_emptiness ... ok
test execution::tests::receipt_validation_requires_the_authorizing_plan_commitment ... ok
test execution::tests::runtime_fallback_requires_matching_typed_evidence ... ok
test execution::tests::tensor_util_operation_name_must_match_the_typed_workload ... ok
test execution::tests::undeclared_component_workloads_remain_unbound ... ok
test execution_capability::tests::axis0_sum_output_emptiness_follows_columns_not_input_volume ... ok
test execution_capability::tests::backend_component_matrix_rejects_false_ready_claims ... ok
test execution_capability::tests::host_contract_rejects_buffers_outside_pointer_range ... ok
test execution_capability::tests::malformed_workloads_cannot_report_ready_without_st_core_validation ... ok
test execution_capability::tests::static_host_ready_claims_carry_their_proof ... ok
test execution_capability::tests::tensor_util_host_contract_covers_each_typed_operation ... ok
test execution_capability::tests::wgpu_without_the_feature_is_not_built ... ok
test execution_capability::tests::workload_authorization_keys_cover_every_canonical_slot_once ... ok
test fractional::tests::coefficient_capacity_overflow_is_an_error ... ok
test fractional::tests::derivative_contract_rejects_invalid_step_and_signal ... ok
test fractional::tests::derivative_vjp_satisfies_the_adjoint_identity ... ok
test fractional::tests::empty_signals_preserve_the_validated_zero_dimensional_operator ... ok
test fractional::tests::tensor_fractional_surface_delegates_to_st_frac ... ok
test memory::tests::aligned_from_slice_matches_input ... ok
test memory::tests::aligned_vec_clone_is_deep_copy ... ok
test memory::tests::aligned_vec_empty_is_16b_aligned ... ok
test memory::tests::aligned_vec_extend_appends_values ... ok
test memory::tests::aligned_vec_grows_and_preserves_contents ... ok
test memory::tests::aligned_vec_is_16b_aligned ... ok
test memory::tests::aligned_vec_resize_fills_values ... ok
test memory::tests::aligned_vec_resize_shrinks_len ... ok
test memory::tests::aligned_zeroed_is_zero ... ok
test nd::tests::host_views_broadcasts_empty_and_scalar_agree ... ok
test nd::tests::preexisting_writable_dlpack_alias_cannot_mutate_nd_storage ... ok
test nd::tests::prepared_pointwise_reuses_layouts_without_retaining_input_values ... ok
test nd::tests::protected_host_imports_reuse_unique_storage_and_detach_mutable_aliases ... ok
test nd::vjp::tests::host_vjp_unbroadcasts_views_and_accumulates_residuals ... ok
test observability::tests::concurrent_thread_meta_observers_remain_isolated ... ok
test observability::tests::metadata_builder_panic_does_not_stick_reentrancy_guard ... ok
test observability::tests::thread_and_global_meta_observers_both_receive_local_events ... ok
test observability::tests::thread_meta_observer_does_not_capture_other_threads ... ok
test pure::content_stamp_tests::clone_mutation_detaches_without_revoking_unchanged_sibling ... ok
test pure::content_stamp_tests::copied_and_failed_exports_do_not_revoke_source_stamps ... ok
test pure::content_stamp_tests::empty_allocations_never_match_by_shared_data_pointer_alone ... ok
test pure::content_stamp_tests::late_mutable_exports_revoke_existing_stamps_through_all_aliases ... ok
test pure::content_stamp_tests::owned_buffer_cow_clone_never_creates_untracked_mutable_aliases ... ok
test pure::content_stamp_tests::rust_mutation_of_exported_storage_gets_a_private_tracked_copy ... ok
test pure::content_stamp_tests::shape_layout_and_mutating_operations_invalidate_stamps ... ok
test pure::content_stamp_tests::snapshot_exports_and_foreign_readonly_imports_have_distinct_trust ... ok
test pure::content_stamp_tests::weak_stamp_does_not_retain_values_or_copy_single_owner_mutations ... ok
test pure::differential::tests::functor_uses_stable_matmul_and_exact_linearisation ... ok
test pure::differential::tests::homotopy_directional_energy_rejects_unrepresentable_results ... ok
test pure::differential::tests::homotopy_validates_finite_ingress_and_uses_a_common_commutator_seed ... ok
test pure::differential::tests::infinity_tower_validates_ingress_and_reduces_in_f64 ... ok
test pure::differential::tests::recursive_differential_validates_curve_and_endpoint ... ok
test pure::differential::tests::spiral_differential_rejects_cross_layer_shape_and_volume_mismatch ... ok
test pure::differential::tests::spiral_differential_resonates ... ok
test pure::fractal::tests::coherence_fold_avoids_intermediate_weight_overflow ... ok
test pure::fractal::tests::coherence_fold_blends_relations ... ok
test pure::fractal::tests::rejects_invalid_patch ... ok
test pure::fractal::tests::rejects_non_finite_patch_fields_and_weight_underflow ... ok
test pure::fractal::tests::relation_normalization_handles_extreme_finite_scales ... ok
test pure::fractal::tests::scheduler_enforces_capacity ... ok
test pure::fractal::tests::scheduler_rejects_shape_mismatch_without_eviction ... ok
test pure::fractal::tests::scheduler_weight_overflow_is_transactional ... ok
test pure::fractal::tests::single_capacity_scheduler_can_replace_relation_shape ... ok
test pure::measure::tests::barycenter_coupling_energy_matches ... ok
test pure::measure::tests::barycenter_degeneracy_detected ... ok
test pure::measure::tests::barycenter_loss_curve_descends ... ok
test pure::measure::tests::barycenter_mode_remains_stable_near_degenerate_temperature ... ok
test pure::measure::tests::barycenter_normalises_extreme_finite_densities_and_weights ... ok
test pure::measure::tests::barycenter_rejects_invalid_parameters_and_coupling ... ok
test pure::measure::tests::barycenter_rejects_unrepresentable_effective_weight ... ok
test pure::measure::tests::barycenter_respects_symmetry ... ok
test pure::measure::tests::cesaro_sequence_converges ... ok
test pure::measure::tests::conditional_expectation_rejects_malformed_actions ... ok
test pure::measure::tests::conditional_expectation_uses_finite_f64_accumulation ... ok
test pure::measure::tests::entropy_only_barycenter_is_uniform ... ok
test pure::measure::tests::guarded_barycenter_projects_through_topos ... ok
test pure::measure::tests::information_energies_respect_zero_support_limits ... ok
test pure::measure::tests::nirt_weight_update_rolls_back_degenerate_candidates ... ok
test pure::measure::tests::nirt_weight_update_rolls_back_late_failures ... ok
test pure::measure::tests::nirt_weight_update_shifts_mass_towards_similar_modes ... ok
test pure::measure::tests::projection_recovers_invariants ... ok
test pure::measure::tests::tesla_tail_normalises_weights_and_enforces_rate_domain ... ok
test pure::measure::tests::tesla_tail_reports_spectrum_and_coherence ... ok
test pure::python::tests::ffi_apply_rejects_length_mismatch ... ok
test pure::python::tests::ffi_encoder_len_probe ... ok
test pure::python::tests::ffi_gradient_rejects_short_buffer ... ok
test pure::python::tests::ffi_hypergrad_round_trip ... ok
test pure::python::tests::ffi_last_error_is_thread_local ... ok
test pure::python::tests::ffi_rejects_misaligned_buffers ... ok
test pure::python::tests::ffi_rejects_misaligned_handles ... ok
test pure::tests::amega_hypergrad_absorbs_text_directly ... ok
test pure::tests::amega_hypergrad_checkpoint_preserves_topos_gradient_and_momentum ... ok
test pure::tests::amega_hypergrad_desire_control_matches_gain ... ok
test pure::tests::amega_hypergrad_telemetry_reports_guard_state ... ok
test pure::tests::amega_hypergrad_tracks_barycenter_curve ... ok
test pure::tests::amega_hypergrad_tracks_z_space_updates ... ok
test pure::tests::amega_realgrad_absorbs_text ... ok
test pure::tests::amega_realgrad_accumulates_and_applies ... ok
test pure::tests::amega_realgrad_accumulates_pair ... ok
test pure::tests::amega_realgrad_applies_rust_owned_topos_bias_and_momentum ... ok
test pure::tests::amega_realgrad_checkpoint_is_lossless_and_rejects_non_finite_state ... ok
test pure::tests::amega_realgrad_clips_outliers_before_optimizer_momentum ... ok
test pure::tests::amega_tapes_accept_one_optimizer_snapshot_state_contract ... ok
test pure::tests::amegagrad_combined_step_commits_both_tapes_atomically ... ok
test pure::tests::amegagrad_combined_step_rolls_back_a_late_realgrad_failure ... ok
test pure::tests::amegagrad_optimizer_configuration_is_atomic ... ok
test pure::tests::backend_execution_ids_use_the_canonical_contract_vocabulary ... ok
test pure::tests::blocked_layout_and_pack_paths_preserve_bits_and_snapshot_isolation ... ok
test pure::tests::column_major_transpose_and_packed_transpose_preserve_logical_values ... ok
test pure::tests::column_major_transpose_does_not_export_a_writable_alias_to_its_source ... ok
test pure::tests::desire_control_builder_marks_z_suppression ... ok
test pure::tests::desire_control_builder_quality_events ... ok
test pure::tests::desire_control_builder_tracks_entropy_and_bounds ... ok
test pure::tests::desire_control_events_report_labels ... ok
test pure::tests::desire_gradient_control_respects_balance ... ok
test pure::tests::desire_gradient_control_scales_with_gain ... ok
test pure::tests::desire_gradient_interpretation_balances_metrics ... ok
test pure::tests::empty_component_outputs_emit_no_op_receipts_without_backend_claims ... ok
test pure::tests::explicit_wgpu_scale_without_dense_feature_emits_typed_cpu_fallback ... ok
test pure::tests::fused_matmul_observer_meta_reports_selected_backend ... ok
test pure::tests::gelu_backward_observer_meta_reports_backend ... ok
test pure::tests::gelu_backward_with_cpu_backend_reports_cpu ... ok
test pure::tests::gradient_summary_extended_moments_matches_slice ... ok
test pure::tests::gradient_summary_from_moments_matches_slice ... ok
test pure::tests::gradient_summary_reports_norms ... ok
test pure::tests::gradient_tapes_apply_with_backend_clear_accumulators ... ok
test pure::tests::gradient_tapes_emit_cpu_metadata_for_accumulate_and_update ... ok
test pure::tests::gradient_tapes_ignore_overflow_learning_rate_scale ... ok
test pure::tests::gradient_tapes_scale_with_backend_preserve_summaries ... ok
test pure::tests::gradient_tapes_surface_summary_metrics ... ok
test pure::tests::hypergrad_accumulate_wave_reports_repaired_gradient_values ... ok
test pure::tests::hypergrad_rejects_non_finite_constructor_scalars ... ok
test pure::tests::hypergrad_rejects_overflowing_accumulate_pair_without_mutating_state ... ok
test pure::tests::hypergrad_rejects_overflowing_apply_without_mutating_state ... ok
test pure::tests::hypergrad_rejects_overflowing_gradient_scale_without_mutating_state ... ok
test pure::tests::hypergrad_retune_updates_curvature_and_resets ... ok
test pure::tests::hypergrad_summary_rebuilds_after_manual_mutation ... ok
test pure::tests::hypergrad_summary_recovers_from_non_finite_entries_incrementally ... ok
test pure::tests::hypergrad_summary_stays_in_sync_with_updates ... ok
test pure::tests::infallible_sum_wrapper_cannot_bypass_an_active_exact_workload_plan - should panic ... ok
test pure::tests::infallible_sum_wrapper_does_not_reconstruct_invalid_cpu_results - should panic ... ok
test pure::tests::language_wave_encoder_maps_text_without_tokens ... ok
test pure::tests::layer_norm_empty_rows_preserve_shape_and_meta ... ok
test pure::tests::layer_norm_normalizes_finite_values_whose_variance_exceeds_f32 ... ok
test pure::tests::layer_norm_rejects_non_finite_affine_on_empty_rows ... ok
test pure::tests::layer_norm_rejects_non_finite_residual ... ok
test pure::tests::linear_model_train_batch_rejects_overflowing_loss ... ok
test pure::tests::linear_model_train_batch_with_backend_emits_explicit_backend_meta ... ok
test pure::tests::linear_regression_converges_without_tracebacks ... ok
test pure::tests::matmul_bias_add_gelu_matches_scalar_pipeline ... ok
test pure::tests::matmul_bias_add_gelu_rejects_non_finite_residual ... ok
test pure::tests::matmul_bias_add_gelu_rejects_overflowing_output ... ok
test pure::tests::matmul_bias_add_relu_into_rejects_overflowing_output_without_mutating_destination ... ok
test pure::tests::matmul_bias_add_relu_matches_scalar_pipeline ... ok
test pure::tests::matmul_bias_add_relu_zero_axes_preserve_residual_semantics ... ok
test pure::tests::matmul_bias_gelu_matches_scalar_pipeline ... ok
test pure::tests::matmul_bias_gelu_rejects_overflowing_output ... ok
test pure::tests::matmul_bias_gelu_zero_axes_preserve_learning_semantics ... ok
test pure::tests::matmul_bias_relu_into_rejects_overflowing_output_without_mutating_destination ... ok
test pure::tests::matmul_bias_relu_matches_scalar_pipeline ... ok
test pure::tests::matmul_bias_relu_rejects_non_finite_bias_on_empty_output ... ok
test pure::tests::matmul_into_rejects_overflowing_output_without_mutating_destination ... ok
test pure::tests::matmul_lhs_transpose_scaled_honors_explicit_cpu_backends ... ok
test pure::tests::matmul_lhs_transpose_scaled_matches_standard_pipeline ... ok
test pure::tests::matmul_lhs_transpose_scaled_rejects_non_finite_scale_on_empty_inner ... ok
test pure::tests::matmul_lhs_transpose_scaled_rejects_overflowing_output ... ok
test pure::tests::matmul_observer_meta_reports_selected_backend ... ok
test pure::tests::matmul_prepacked_bias_matches_standard_pipeline ... ok
test pure::tests::matmul_prepacked_bias_rejects_non_finite_bias_on_empty_output ... ok
test pure::tests::matmul_prepacked_bias_rejects_overflowing_output ... ok
test pure::tests::matmul_prepacked_into_rejects_overflowing_output_without_mutating_destination ... ok
test pure::tests::matmul_prepacked_matches_standard ... ok
test pure::tests::matmul_prepacked_transpose_matches_standard ... ok
test pure::tests::matmul_scaled_matches_standard_pipeline ... ok
test pure::tests::matmul_scaled_rejects_non_finite_scale_on_empty_output ... ok
test pure::tests::matmul_scaled_rejects_overflowing_output ... ok
test pure::tests::mul_row_cpu_backend_matches_manual_rows ... ok
test pure::tests::random_initialisers_are_deterministic_with_seed ... ok
test pure::tests::random_uniform_rejects_invalid_bounds ... ok
test pure::tests::random_uniform_respects_bounds_and_is_convertible_to_ndarray ... ok
test pure::tests::realgrad_rejects_overflowing_apply_without_mutating_state ... ok
test pure::tests::realgrad_rejects_overflowing_gradient_scale_without_mutating_state ... ok
test pure::tests::realgrad_rejects_overflowing_next_weight_without_mutating_state ... ok
test pure::tests::row_hardmax_rejects_non_finite_logits ... ok
test pure::tests::row_softmax_hardmax_rejects_non_finite_logits ... ok
test pure::tests::row_softmax_hardmax_spiral_rejects_non_finite_logits ... ok
test pure::tests::row_softmax_rejects_non_finite_logits ... ok
test pure::tests::scaled_dot_attention_rejects_non_finite_attention_bias ... ok
test pure::tests::scaled_dot_attention_rejects_non_finite_bias_on_empty_head_dim ... ok
test pure::tests::scaled_dot_attention_rejects_non_finite_scale_on_empty_output ... ok
test pure::tests::scaled_dot_attention_rejects_overflowing_cpu_dot_product ... ok
test pure::tests::scaled_dot_attention_zero_head_dim_preserves_shape ... ok
test pure::tests::scaled_dot_attention_zero_sequence_preserves_shape_and_meta ... ok
test pure::tests::softmax_observer_meta_reports_cpu_backend ... ok
test pure::tests::spiral_consensus_bounds_extreme_values ... ok
test pure::tests::spiral_consensus_default_metrics_have_constants ... ok
test pure::tests::spiral_consensus_sanitises_non_finite_values ... ok
test pure::tests::strict_gpu_env_matches_rankk_truthy_contract ... ok
test pure::tests::tensor_add_rejects_overflowing_output ... ok
test pure::tests::tensor_add_row_preserves_logical_values_for_column_major_inputs ... ok
test pure::tests::tensor_add_row_rejects_non_finite_bias_on_empty_tensor ... ok
test pure::tests::tensor_add_row_rejects_overflowing_output_without_mutating_lhs ... ok
test pure::tests::tensor_add_scaled_rejects_non_finite_factor_on_empty_tensor ... ok
test pure::tests::tensor_add_scaled_rejects_overflowing_delta_without_mutating_lhs ... ok
test pure::tests::tensor_add_scaled_rejects_overflowing_output_without_mutating_lhs ... ok
test pure::tests::tensor_axis0_reductions_preserve_logical_values_for_column_major_inputs ... ok
test pure::tests::tensor_axis0_sum_distinguishes_nonempty_identity_from_empty_output ... ok
test pure::tests::tensor_cat_rows_preserves_empty_batches ... ok
test pure::tests::tensor_cpu_elementwise_and_reduction_meta_reports_backend ... ok
test pure::tests::tensor_from_dlpack_calls_deleter_on_error ... ok
test pure::tests::tensor_from_dlpack_rejects_misaligned_byte_offset ... ok
test pure::tests::tensor_from_dlpack_respects_byte_offset ... ok
test pure::tests::tensor_gelu_backward_matches_manual ... ok
test pure::tests::tensor_hadamard_matches_manual_product ... ok
test pure::tests::tensor_hadamard_rejects_overflowing_output ... ok
test pure::tests::tensor_hyperbolic_diagnostics_meta_reports_backend ... ok
test pure::tests::tensor_linear_readout_utilities_emit_typed_execution_receipts ... ok
test pure::tests::tensor_matmul_and_add_work_without_panicking ... ok
test pure::tests::tensor_max_axis0_backward_matches_finite_differences_at_unique_maxima ... ok
test pure::tests::tensor_max_axis0_backward_splits_ties_and_conserves_each_column_gradient ... ok
test pure::tests::tensor_max_axis0_emits_typed_execution_receipts ... ok
test pure::tests::tensor_max_axis0_fails_closed_for_invalid_numeric_inputs ... ok
test pure::tests::tensor_mean_squared_error_rejects_non_finite_prediction ... ok
test pure::tests::tensor_mean_squared_error_rejects_overflowing_square ... ok
test pure::tests::tensor_preserves_zero_sized_axes_for_basic_shape_ops ... ok
test pure::tests::tensor_roundtrip_dlpack_preserves_contents ... ok
test pure::tests::tensor_scale_rejects_non_finite_factor_on_empty_tensor ... ok
test pure::tests::tensor_scale_rejects_overflowing_output ... ok
test pure::tests::tensor_sub_rejects_overflowing_output ... ok
test pure::tests::tensor_to_dlpack_shares_underlying_buffer ... ok
test pure::tests::tensor_try_sum_axis0_rejects_overflowing_output ... ok
test pure::tests::tensor_try_sum_axis0_scaled_rejects_non_finite_factor_on_empty_tensor ... ok
test pure::tests::tensor_try_sum_axis0_scaled_rejects_overflowing_output ... ok
test pure::tests::tensor_try_sum_axis1_rejects_overflowing_output ... ok
test pure::tests::tensor_zero_sized_axes_flow_through_basic_math ... ok
test pure::tests::wgpu_runtime_fallback_meta_reports_route_reason_and_message ... ok
test pure::topos::tests::atlas_lifts_tensor_through_monad ... ok
test pure::topos::tests::atlas_state_and_mutations_commit_together ... ok
test pure::topos::tests::atlas_tracks_volume_and_depth ... ok
test pure::topos::tests::biome_absorb_renormalise_and_canopy_emit_backend_meta ... ok
test pure::topos::tests::biome_absorb_weighted_with_monadic_builder ... ok
test pure::topos::tests::biome_absorb_with_monadic_builder ... ok
test pure::topos::tests::biome_absorbs_and_harvests ... ok
test pure::topos::tests::biome_absorbs_fractal_patches ... ok
test pure::topos::tests::biome_bind_shoots_commits_a_common_shape_change ... ok
test pure::topos::tests::biome_bind_shoots_rejects_divergent_shapes_transactionally ... ok
test pure::topos::tests::biome_bind_shoots_rewrites_each_shoot ... ok
test pure::topos::tests::biome_bind_shoots_rolls_back_late_callback_failure ... ok
test pure::topos::tests::biome_canopy_avoids_intermediate_weight_overflow ... ok
test pure::topos::tests::biome_canopy_with_backend_records_explicit_tensor_util_backend ... ok
test pure::topos::tests::biome_control_signal_reflects_retained_volume ... ok
test pure::topos::tests::biome_detects_shape_mismatch ... ok
test pure::topos::tests::biome_map_shoots_reuses_weights ... ok
test pure::topos::tests::biome_rejects_aggregate_volume_without_mutation ... ok
test pure::topos::tests::biome_rejects_invalid_weight_before_running_builder ... ok
test pure::topos::tests::biome_rejects_total_weight_overflow_without_mutation ... ok
test pure::topos::tests::biome_renormalises_weights_preserves_canopy ... ok
test pure::topos::tests::biome_stack_concatenates_shoots ... ok
test pure::topos::tests::biome_weighted_canopy_respects_shoot_weights ... ok
test pure::topos::tests::conjugate_gradient_converges_with_guard ... ok
test pure::topos::tests::conjugate_gradient_rejects_non_finite_tolerance ... ok
test pure::topos::tests::conjugate_gradient_rejects_partial_matvec_without_mutating_solution ... ok
test pure::topos::tests::conjugate_gradient_reports_non_spd_breakdown_transactionally ... ok
test pure::topos::tests::conjugate_gradient_rolls_back_when_guarded_solution_cannot_converge ... ok
test pure::topos::tests::control_signal_input_accepts_partial_serde_payloads ... ok
test pure::topos::tests::control_signal_input_derives_canonical_pressure_and_hints ... ok
test pure::topos::tests::graph_guard_rolls_back_on_degree_and_edge_budget_failures ... ok
test pure::topos::tests::graph_profile_enforces_topology_and_activation_contracts ... ok
test pure::topos::tests::graph_profile_rejects_invalid_porosity ... ok
test pure::topos::tests::graph_report_is_measured_after_canonicalization ... ok
test pure::topos::tests::lawvere_guard_reports_precise_non_finite_parameters ... ok
test pure::topos::tests::lawvere_projection_is_transactional_when_support_is_infeasible ... ok
test pure::topos::tests::lawvere_projection_preserves_mass_and_density_window_together ... ok
test pure::topos::tests::lawvere_projection_preserves_support_ratios_and_is_idempotent ... ok
test pure::topos::tests::lawvere_projection_rejects_invalid_saturation_without_mutation ... ok
test pure::topos::tests::modality_rewrite_is_transactional_on_non_finite_input ... ok
test pure::topos::tests::monad_absorption_respects_the_destination_biome_topos ... ok
test pure::topos::tests::monad_cultivates_biome_and_absorbs_weighted ... ok
test pure::topos::tests::multi_modal_atlas_does_not_rewrite_when_capacity_commit_fails ... ok
test pure::topos::tests::multi_modal_atlas_tracks_volume_and_lifts ... ok
test pure::topos::tests::multi_modal_biome_absorbs_with_preserved_profiles ... ok
test pure::topos::tests::multi_modal_graph_guard_reports_symmetry ... ok
test pure::topos::tests::multi_modal_reward_boundary_detects_breaches ... ok
test pure::topos::tests::multi_modal_text_profile_clamps_values ... ok
test pure::topos::tests::open_topos_rejects_non_finite_geometry_at_ingress ... ok
test pure::topos::tests::optimizer_state_control_applies_rms_bias_and_momentum_equation ... ok
test pure::topos::tests::optimizer_state_control_clips_outliers_relative_to_biased_rms ... ok
test pure::topos::tests::optimizer_state_control_is_neutral_and_zero_safe ... ok
test pure::topos::tests::probability_tensor_volume_failure_is_transactional ... ok
test pure::topos::tests::reward_boundary_cannot_escape_the_global_topos_envelope ... ok
test pure::topos::tests::reward_boundary_clamps_windows_on_either_side_of_zero ... ok
test pure::topos::tests::reward_boundary_porosity_delays_breach ... ok
test pure::topos::tests::reward_guard_is_transactional_on_non_finite_tail ... ok
test pure::topos::tests::reward_guard_observes_raw_runaway_before_topos_saturation ... ok
test pure::topos::tests::rewrite_monad_bind_slice_rolls_back_callback_failure ... ok
test pure::topos::tests::rewrite_monad_lift_and_bind_tensor ... ok
test pure::topos::tests::rewrite_monad_rejects_oversized_tensor_without_mutation ... ok
test pure::topos::tests::rewrite_monad_saturates_values ... ok
test pure::topos::tests::rewrite_monad_surfaces_lawvere_guard ... ok
test pure::topos::tests::runtime_profile_input_normalizes_external_values ... ok
test pure::topos::tests::runtime_route_modes_are_reachable_with_bounded_scores ... ok
test pure::topos::tests::runtime_route_payload_is_the_shared_transport_contract ... ok
test pure::topos::tests::sparse_graph_uses_edge_budget_not_dense_storage_size ... ok
test pure::topos::tests::topos_control_payload_is_one_self_consistent_default_bundle ... ok
test pure::topos::tests::topos_control_payload_normalizes_partial_external_hints_in_rust ... ok
test pure::topos::tests::topos_control_payload_rejects_invalid_provider_bounds ... ok
test pure::topos::tests::topos_control_signal_tracks_pressure_and_openness ... ok
test pure::topos::tests::topos_normalises_probability_slices ... ok
test pure::topos::tests::topos_optimizer_snapshot_binds_one_control_bundle_to_optimizer_state ... ok
test pure::topos::tests::topos_optimizer_snapshot_guards_sequence_and_learning_rate_boundaries ... ok
test pure::topos::tests::topos_porosity_softens_extremes ... ok
test pure::topos::tests::topos_probability_guard_emits_backend_meta ... ok
test pure::topos::tests::topos_rejects_non_finite_values ... ok
test pure::topos::tests::topos_saturation_slope_matches_the_canonical_rewrite ... ok
test pure::topos::tests::topos_zspace_projection_owns_metrics_and_dimension_adaptation ... ok
test pure::topos::tests::topos_zspace_projection_stays_finite_across_guard_pressure_grid ... ok
test pure::topos::tests::topos_zspace_projection_truncates_and_rejects_unsafe_dimensions ... ok
test pure::topos::tests::zbox_cover_respects_mass ... ok
test pure::topos::tests::zbox_rejects_invalid_density_index_and_overflowing_volume ... ok
test pure::wasm_canvas::tests::canvas_fft_preserves_standard_bins_and_roundtrip ... ok
test pure::wasm_canvas::tests::canvas_palette_canonical_names_match_all ... ok
test pure::wasm_canvas::tests::canvas_palette_parse_accepts_public_aliases ... ok
test pure::wasm_canvas::tests::canvas_rejects_invalid_dimensions ... ok
test pure::wasm_canvas::tests::canvas_window_hann_tapers_ends ... ok
test pure::wasm_canvas::tests::canvas_window_rectangular_returns_unity ... ok
test pure::wasm_canvas::tests::emit_zspace_infinite_emits_density ... ok
test pure::wasm_canvas::tests::emit_zspace_patch_respects_canvas_shape ... ok
test pure::wasm_canvas::tests::hypergrad_operator_surfaces_wgsl_and_metadata ... ok
test pure::wasm_canvas::tests::normaliser_handles_constant_input ... ok
test pure::wasm_canvas::tests::palette_switch_applies_without_allocation ... ok
test pure::wasm_canvas::tests::polar_tensor_helper_rejects_mismatched_spectrum_length ... ok
test pure::wasm_canvas::tests::projector_accumulates_into_gradients ... ok
test pure::wasm_canvas::tests::projector_refresh_tensor_exposes_workspace ... ok
test pure::wasm_canvas::tests::projector_refresh_vector_fft_2d_magnitude_tensor_matches_shape ... ok
test pure::wasm_canvas::tests::projector_refresh_vector_fft_2d_matches_canvas_shape ... ok
test pure::wasm_canvas::tests::projector_refresh_vector_fft_2d_phase_tensor_matches_shape ... ok
test pure::wasm_canvas::tests::projector_refresh_vector_fft_2d_polar_tensors_align_with_components ... ok
test pure::wasm_canvas::tests::projector_refresh_vector_fft_2d_power_db_tensor_matches_logarithmic_projection ... ok
test pure::wasm_canvas::tests::projector_refresh_vector_fft_2d_power_tensor_matches_squared_magnitude ... ok
test pure::wasm_canvas::tests::projector_refresh_vector_fft_2d_power_with_db_tensors_match_components ... ok
test pure::wasm_canvas::tests::projector_refresh_vector_fft_2d_tensor_matches_shape ... ok
test pure::wasm_canvas::tests::projector_refresh_vector_fft_columns_magnitude_tensor_matches_shape ... ok
test pure::wasm_canvas::tests::projector_refresh_vector_fft_columns_phase_tensor_matches_shape ... ok
test pure::wasm_canvas::tests::projector_refresh_vector_fft_columns_polar_tensors_align_with_components ... ok
test pure::wasm_canvas::tests::projector_refresh_vector_fft_columns_power_db_tensor_matches_logarithmic_projection ... ok
test pure::wasm_canvas::tests::projector_refresh_vector_fft_columns_power_tensor_matches_squared_magnitude ... ok
test pure::wasm_canvas::tests::projector_refresh_vector_fft_columns_power_with_db_tensors_match_components ... ok
test pure::wasm_canvas::tests::projector_refresh_vector_fft_columns_tensor_matches_shape ... ok
test pure::wasm_canvas::tests::projector_refresh_vector_fft_magnitude_tensor_matches_shape ... ok
test pure::wasm_canvas::tests::projector_refresh_vector_fft_matches_canvas_shape ... ok
test pure::wasm_canvas::tests::projector_refresh_vector_fft_phase_tensor_matches_shape ... ok
test pure::wasm_canvas::tests::projector_refresh_vector_fft_polar_tensors_align_with_components ... ok
test pure::wasm_canvas::tests::projector_refresh_vector_fft_power_db_tensor_matches_logarithmic_projection ... ok
test pure::wasm_canvas::tests::projector_refresh_vector_fft_power_tensor_matches_squared_magnitude ... ok
test pure::wasm_canvas::tests::projector_refresh_vector_fft_power_with_db_tensors_match_components ... ok
test pure::wasm_canvas::tests::projector_refreshes_without_extra_allocations ... ok
test pure::wasm_canvas::tests::projector_surfaces_desire_control ... ok
test pure::wasm_canvas::tests::projector_surfaces_desire_interpretation ... ok
test pure::wasm_canvas::tests::projector_surfaces_gradient_summary ... ok
test pure::wasm_canvas::tests::rectangular_window_matches_column_fft_baseline ... ok
test pure::wasm_canvas::tests::rectangular_window_matches_fft_2d_baseline ... ok
test pure::wasm_canvas::tests::rectangular_window_matches_row_fft_baseline ... ok
test pure::wasm_canvas::tests::refresh_with_vectors_surfaces_color_field ... ok
test pure::wasm_canvas::tests::vector_fft_dispatch_respects_workgroup_chunks ... ok
test pure::wasm_canvas::tests::vector_fft_layout_matches_wgsl_structs ... ok
test pure::wasm_canvas::tests::vector_fft_uniform_matches_canvas_dimensions ... ok
test pure::wasm_canvas::tests::vector_fft_wgsl_covers_expected_bindings ... ok
test pure::wasm_canvas::tests::vector_field_fft_2d_emits_interleaved_channels ... ok
test pure::wasm_canvas::tests::vector_field_fft_2d_handles_rectangular_canvas ... ok
test pure::wasm_canvas::tests::vector_field_fft_2d_magnitude_tensor_matches_shape ... ok
test pure::wasm_canvas::tests::vector_field_fft_2d_phase_tensor_matches_shape ... ok
test pure::wasm_canvas::tests::vector_field_fft_2d_polar_tensors_align_with_components ... ok
test pure::wasm_canvas::tests::vector_field_fft_2d_power_db_tensor_matches_logarithmic_projection ... ok
test pure::wasm_canvas::tests::vector_field_fft_2d_power_tensor_matches_squared_magnitude ... ok
test pure::wasm_canvas::tests::vector_field_fft_2d_power_with_db_tensors_match_components ... ok
test pure::wasm_canvas::tests::vector_field_fft_2d_rejects_empty_dimensions ... ok
test pure::wasm_canvas::tests::vector_field_fft_2d_tensor_rejects_empty_dimensions ... ok
test pure::wasm_canvas::tests::vector_field_fft_columns_emits_interleaved_channels ... ok
test pure::wasm_canvas::tests::vector_field_fft_columns_handles_non_power_of_two_height ... ok
test pure::wasm_canvas::tests::vector_field_fft_columns_magnitude_tensor_matches_shape ... ok
test pure::wasm_canvas::tests::vector_field_fft_columns_phase_tensor_matches_shape ... ok
test pure::wasm_canvas::tests::vector_field_fft_columns_polar_tensors_align_with_components ... ok
test pure::wasm_canvas::tests::vector_field_fft_columns_power_db_tensor_matches_logarithmic_projection ... ok
test pure::wasm_canvas::tests::vector_field_fft_columns_power_tensor_matches_squared_magnitude ... ok
test pure::wasm_canvas::tests::vector_field_fft_columns_power_with_db_tensors_match_components ... ok
test pure::wasm_canvas::tests::vector_field_fft_columns_rejects_empty_dimensions ... ok
test pure::wasm_canvas::tests::vector_field_fft_columns_tensor_rejects_empty_dimensions ... ok
test pure::wasm_canvas::tests::vector_field_fft_emits_interleaved_channels ... ok
test pure::wasm_canvas::tests::vector_field_fft_handles_non_power_of_two_width ... ok
test pure::wasm_canvas::tests::vector_field_fft_rows_magnitude_tensor_matches_shape ... ok
test pure::wasm_canvas::tests::vector_field_fft_rows_phase_tensor_matches_shape ... ok
test pure::wasm_canvas::tests::vector_field_fft_rows_polar_tensors_align_with_components ... ok
test pure::wasm_canvas::tests::vector_field_fft_rows_power_db_tensor_matches_logarithmic_projection ... ok
test pure::wasm_canvas::tests::vector_field_fft_rows_power_tensor_matches_squared_magnitude ... ok
test pure::wasm_canvas::tests::vector_field_fft_rows_power_with_db_tensors_match_components ... ok
test pure::wasm_canvas::tests::vector_field_fft_rows_rejects_empty_dimensions ... ok
test pure::wasm_canvas::tests::vector_field_fft_rows_tensor_rejects_empty_dimensions ... ok

test result: ok. 461 passed; 0 failed; 0 ignored; 0 measured; 0 filtered out; finished in 0.40s


running 2 tests
test kernel_observers_read_gradients_after_vjp_success_and_failed_commit ... ok
test optimizer_kernel_observers_can_read_gradients_after_success_and_failure ... ok

test result: ok. 2 passed; 0 failed; 0 ignored; 0 measured; 0 filtered out; finished in 0.00s


running 7 tests
test a_late_failure_preserves_the_entire_parameter_set_and_all_gradients ... ok
test concurrent_backward_cannot_split_a_multi_parameter_gradient_snapshot ... ok
test empty_registration_is_allowed_but_an_empty_step_is_not ... ok
test repeated_training_uses_bounded_fresh_graphs ... ok
test updates_all_leaves_without_changing_old_graphs_or_gradients ... ok
test validation_is_atomic_and_rejects_duplicates_constants_and_intermediates ... ok
test zero_grad_and_accumulation_use_the_current_leaves_only ... ok

test result: ok. 7 passed; 0 failed; 0 ignored; 0 measured; 0 filtered out; finished in 0.03s


running 16 tests
test all_ignored_and_empty_batches_have_explicit_semantics ... ok
test autograd_owns_labels_and_reuses_core_vjp ... ok
test class_index_tensor_transport_does_not_truncate ... ok
test column_major_inputs_and_seeds_are_normalized ... ok
test dominant_correct_class_preserves_tiny_loss_and_gradient ... ok
test extreme_seeds_are_reduced_in_f64 ... ok
test finite_differences_match_smoothed_cross_entropy_vjp ... ok
test ignored_rows_do_not_change_mean_normalizer ... ok
test invalid_inputs_are_not_silently_clamped_or_masked ... ok
test large_common_offset_does_not_cancel_log_partition ... ok
test log_softmax_retains_small_seeds_between_large_cancelling_terms ... ok
test log_softmax_retains_sum_correction_until_after_probability_scaling ... ok
test log_softmax_vjp_matches_finite_differences ... ok
test mean_is_narrowed_only_after_reduction ... ok
test overflowing_vjp_never_commits_partial_gradients ... ok
test uniform_logits_and_smoothing_have_expected_loss_and_gradient ... ok

test result: ok. 16 passed; 0 failed; 0 ignored; 0 measured; 0 filtered out; finished in 0.03s

