{
  "torch": "2.12.1",
  "torch_file": "/Library/Frameworks/Python.framework/Versions/3.12/lib/python3.12/site-packages/torch/__init__.py",
  "python": "3.12.6 (v3.12.6:a4a2d2b0d85, Sep  6 2024, 16:08:03) [Clang 13.0.0 (clang-1300.0.29.30)]",
  "platform": "macOS-26.4.1-arm64-arm-64bit",
  "threads": 4,
  "interop_threads": 1,
  "warmups": 3,
  "intervals": 15,
  "repetitions": 8,
  "reports": [
    {
      "round": "warm",
      "cases": [
        {
          "rows": 1,
          "cols": 3,
          "bands": 0,
          "residual": false,
          "valid": true,
          "elapsed_ns": [
            4562.5,
            4166.625,
            4088.625,
            3989.5,
            3984.375,
            3947.875,
            4000.0,
            4250.0,
            3911.5,
            3921.875,
            3911.5,
            3875.0,
            3916.625,
            4161.5,
            4583.375
          ],
          "max_abs": 0,
          "output_sha256": "e3b0c44298fc1c149afbf4c8996fb92427ae41e4649b934ca495991b7852b855"
        },
        {
          "rows": 1,
          "cols": 3,
          "bands": 0,
          "residual": true,
          "valid": true,
          "elapsed_ns": [
            5073.0,
            5317.75,
            6093.75,
            5135.5,
            4760.375,
            4703.125,
            4723.875,
            6041.75,
            4718.75,
            4697.875,
            4838.5,
            4953.125,
            4635.375,
            4604.125,
            4645.875
          ],
          "max_abs": 0.0,
          "output_sha256": "5d6f83860dbf90ea069edea3458f58daa8a50504c0e477500b42183717ed00b2"
        },
        {
          "rows": 1,
          "cols": 3,
          "bands": 4,
          "residual": false,
          "valid": true,
          "elapsed_ns": [
            5338.5,
            4458.375,
            4364.5,
            4375.0,
            4369.75,
            4359.375,
            4401.0,
            4328.125,
            5583.375,
            4369.875,
            4349.0,
            4359.375,
            4354.125,
            4338.5,
            4307.375
          ],
          "max_abs": 2.015225031293255e-08,
          "output_sha256": "81154d4159af1be4aefcf78576508950e03a747b19aba19d4202a0d677358b63"
        },
        {
          "rows": 1,
          "cols": 3,
          "bands": 4,
          "residual": true,
          "valid": true,
          "elapsed_ns": [
            5437.5,
            5307.375,
            5239.625,
            5229.125,
            5250.0,
            5255.125,
            5255.25,
            5255.25,
            5494.75,
            5359.375,
            5599.0,
            5541.625,
            6104.125,
            5203.125,
            5192.75
          ],
          "max_abs": 2.015225031293255e-08,
          "output_sha256": "155d19a56ec2e821762aac57a2fb816074523c581cfd7e427d40c2f3a86d3beb"
        },
        {
          "rows": 1,
          "cols": 3,
          "bands": 10,
          "residual": false,
          "valid": true,
          "elapsed_ns": [
            4791.625,
            4640.625,
            4619.75,
            4625.0,
            4614.625,
            4614.625,
            4578.125,
            5359.375,
            4619.75,
            4572.875,
            4588.5,
            4593.75,
            4604.125,
            4573.0,
            4567.625
          ],
          "max_abs": 3.137095161420689e-08,
          "output_sha256": "f208e96af44aa9656e63b286ce73b0f1ffb46f1d4dccd4bc7607f63bc682ac4b"
        },
        {
          "rows": 1,
          "cols": 3,
          "bands": 10,
          "residual": true,
          "valid": true,
          "elapsed_ns": [
            5697.875,
            5635.375,
            5572.875,
            5505.125,
            5536.5,
            5510.375,
            5546.875,
            5479.25,
            5536.375,
            5578.125,
            5531.25,
            5578.125,
            5541.625,
            5552.125,
            5531.25
          ],
          "max_abs": 3.137095161420689e-08,
          "output_sha256": "d95ffcd0a7665a161589c47fe0ba0bc1a1b8fe6e42d47939a604ea41c29be120"
        },
        {
          "rows": 1,
          "cols": 6,
          "bands": 0,
          "residual": false,
          "valid": true,
          "elapsed_ns": [
            3895.875,
            3807.25,
            3807.375,
            4125.0,
            3849.0,
            4442.75,
            3817.75,
            3781.25,
            3760.375,
            3750.0,
            3755.25,
            3760.375,
            3718.75,
            3734.375,
            3765.625
          ],
          "max_abs": 0,
          "output_sha256": "e3b0c44298fc1c149afbf4c8996fb92427ae41e4649b934ca495991b7852b855"
        },
        {
          "rows": 1,
          "cols": 6,
          "bands": 0,
          "residual": true,
          "valid": true,
          "elapsed_ns": [
            4807.25,
            4708.375,
            4687.5,
            4677.125,
            4645.875,
            5020.875,
            4692.75,
            4666.75,
            4682.25,
            4682.25,
            4645.875,
            4651.0,
            4656.25,
            4682.375,
            4682.25
          ],
          "max_abs": 0.0,
          "output_sha256": "cafdbff90e835ec715040e8e47a9d509a85fe417a6eba6f8706b51458479cf56"
        },
        {
          "rows": 1,
          "cols": 6,
          "bands": 4,
          "residual": false,
          "valid": true,
          "elapsed_ns": [
            4489.5,
            4442.75,
            4468.75,
            4395.75,
            4406.25,
            4364.625,
            4401.0,
            4395.875,
            4385.375,
            4390.625,
            4395.875,
            4385.375,
            4395.875,
            4359.375,
            4385.375
          ],
          "max_abs": 3.2811432459922685e-08,
          "output_sha256": "8ac7fd575c5b04d3030285d04189a75511edcb328a5c16a39e663ec6d0d1a25c"
        },
        {
          "rows": 1,
          "cols": 6,
          "bands": 4,
          "residual": true,
          "valid": true,
          "elapsed_ns": [
            5682.375,
            5489.625,
            5484.375,
            5448.0,
            5442.75,
            5437.5,
            5411.5,
            5427.125,
            6484.375,
            5442.75,
            5442.75,
            5432.25,
            5390.625,
            5416.625,
            5421.875
          ],
          "max_abs": 3.2811432459922685e-08,
          "output_sha256": "c662af4396e13761e296f8eb26d72c398400a65461955603fc619442e6232f6d"
        },
        {
          "rows": 1,
          "cols": 6,
          "bands": 10,
          "residual": false,
          "valid": true,
          "elapsed_ns": [
            5156.25,
            5072.875,
            5541.625,
            4770.875,
            4760.375,
            4739.625,
            5052.0,
            4755.25,
            4703.125,
            4718.75,
            4682.25,
            5421.875,
            4718.75,
            4755.25,
            4729.125
          ],
          "max_abs": 3.2811432459922685e-08,
          "output_sha256": "0c4f65250b0eca902e14e8ea06fca468f6f3fba88b586b56d67af25e5430d5f7"
        },
        {
          "rows": 1,
          "cols": 6,
          "bands": 10,
          "residual": true,
          "valid": true,
          "elapsed_ns": [
            5802.0,
            5692.75,
            5968.75,
            5635.375,
            5640.625,
            5948.0,
            5588.5,
            5645.875,
            5593.75,
            5666.625,
            5619.875,
            5635.375,
            5625.0,
            5604.125,
            5599.0
          ],
          "max_abs": 3.2811432459922685e-08,
          "output_sha256": "4869ae1fb662884a02299f3f42888e6ec25fa9cb9b156753d4263243385a9c59"
        },
        {
          "rows": 32,
          "cols": 3,
          "bands": 0,
          "residual": false,
          "valid": true,
          "elapsed_ns": [
            3822.875,
            3729.125,
            3744.75,
            3666.625,
            3677.125,
            3630.25,
            3661.375,
            3666.75,
            3677.0,
            3677.125,
            3671.875,
            3635.375,
            3666.75,
            3635.375,
            3656.25
          ],
          "max_abs": 0,
          "output_sha256": "e3b0c44298fc1c149afbf4c8996fb92427ae41e4649b934ca495991b7852b855"
        },
        {
          "rows": 32,
          "cols": 3,
          "bands": 0,
          "residual": true,
          "valid": true,
          "elapsed_ns": [
            5901.0,
            5234.375,
            4864.625,
            4869.75,
            4864.625,
            4921.875,
            4843.75,
            4854.25,
            4838.5,
            4833.375,
            4849.0,
            4843.75,
            4880.25,
            4828.125,
            4822.875
          ],
          "max_abs": 0.0,
          "output_sha256": "21f465f562943011d390a79577d6cbc3ff3965cd68820aeaac1d60d9bbb74d8c"
        },
        {
          "rows": 32,
          "cols": 3,
          "bands": 4,
          "residual": false,
          "valid": true,
          "elapsed_ns": [
            6505.125,
            6343.75,
            6401.0,
            6375.0,
            6338.625,
            6323.0,
            6281.25,
            6349.0,
            6343.75,
            6286.375,
            6354.125,
            6291.625,
            6349.0,
            6291.625,
            7093.75
          ],
          "max_abs": 3.896310207807119e-08,
          "output_sha256": "0ce23faece92790dba7063e93cd32f09e891d27e57f9b45bcbc6855a96dd416c"
        },
        {
          "rows": 32,
          "cols": 3,
          "bands": 4,
          "residual": true,
          "valid": true,
          "elapsed_ns": [
            7401.0,
            7307.25,
            7265.625,
            7203.125,
            7588.625,
            7229.25,
            7234.375,
            7234.375,
            7198.0,
            7239.625,
            7255.25,
            7255.125,
            7239.5,
            7255.25,
            7948.0
          ],
          "max_abs": 3.896310207807119e-08,
          "output_sha256": "bbb43aeb9c2b9c6b08242666116cfab709834e5f27cef2ca259b732e6fe9fe78"
        },
        {
          "rows": 32,
          "cols": 3,
          "bands": 10,
          "residual": false,
          "valid": true,
          "elapsed_ns": [
            11302.125,
            11224.0,
            11203.125,
            11213.5,
            11192.75,
            11104.125,
            11755.25,
            11073.0,
            11093.75,
            11156.25,
            11463.5,
            11156.25,
            11130.125,
            11770.875,
            16677.125
          ],
          "max_abs": 3.896310207807119e-08,
          "output_sha256": "34402d69894b28d692386afd46556d0caaacd1823a1070007f1abaf672e786b7"
        },
        {
          "rows": 32,
          "cols": 3,
          "bands": 10,
          "residual": true,
          "valid": true,
          "elapsed_ns": [
            12994.75,
            13156.25,
            12770.75,
            12729.25,
            12651.0,
            12635.375,
            12619.75,
            13489.625,
            12583.25,
            12557.25,
            12427.125,
            12505.25,
            12552.0,
            12531.25,
            13666.75
          ],
          "max_abs": 3.896310207807119e-08,
          "output_sha256": "3ea75df6fc113d4492b2a101e238beaa1149552adcdd5e595f2db74795f4427f"
        },
        {
          "rows": 32,
          "cols": 6,
          "bands": 0,
          "residual": false,
          "valid": true,
          "elapsed_ns": [
            4088.5,
            3947.875,
            3942.625,
            4276.125,
            3864.5,
            3880.25,
            3833.375,
            3833.375,
            5208.25,
            4427.0,
            4609.375,
            3859.375,
            3869.875,
            3885.375,
            3812.5
          ],
          "max_abs": 0,
          "output_sha256": "e3b0c44298fc1c149afbf4c8996fb92427ae41e4649b934ca495991b7852b855"
        },
        {
          "rows": 32,
          "cols": 6,
          "bands": 0,
          "residual": true,
          "valid": true,
          "elapsed_ns": [
            5203.125,
            5489.625,
            5151.0,
            5171.875,
            5125.0,
            5156.25,
            5192.75,
            5161.5,
            5104.125,
            5166.625,
            5177.125,
            5145.875,
            5463.5,
            5333.375,
            5109.375
          ],
          "max_abs": 0.0,
          "output_sha256": "fc345916aef2830340139713983d9fa547e6840f7e81c067addff3140b4efef1"
        },
        {
          "rows": 32,
          "cols": 6,
          "bands": 4,
          "residual": false,
          "valid": true,
          "elapsed_ns": [
            8656.25,
            8583.25,
            8557.375,
            9208.25,
            8531.25,
            8531.25,
            8484.375,
            8510.375,
            8494.75,
            8859.375,
            8505.25,
            8541.625,
            8859.375,
            8520.875,
            8520.875
          ],
          "max_abs": 3.896310207807119e-08,
          "output_sha256": "50a6389e6f5cbe23e33470a61bb3590658e78c040e6efded961778962a536956"
        },
        {
          "rows": 32,
          "cols": 6,
          "bands": 4,
          "residual": true,
          "valid": true,
          "elapsed_ns": [
            10203.125,
            9708.375,
            9677.0,
            9703.125,
            9698.0,
            10046.875,
            9677.125,
            9630.125,
            9583.375,
            9682.25,
            10234.375,
            9645.875,
            9583.375,
            9437.5,
            9515.625
          ],
          "max_abs": 3.896310207807119e-08,
          "output_sha256": "3a30c31f052b5679dabff74a60ae10be7d153282de1db98252dce40dd19b456a"
        },
        {
          "rows": 32,
          "cols": 6,
          "bands": 10,
          "residual": false,
          "valid": true,
          "elapsed_ns": [
            16645.75,
            16526.0,
            16520.875,
            16812.5,
            16484.375,
            16510.375,
            16802.0,
            16484.375,
            16458.375,
            17473.875,
            17531.25,
            16515.625,
            16531.25,
            16323.0,
            16515.625
          ],
          "max_abs": 3.896310207807119e-08,
          "output_sha256": "caebac7c6f4e3c6ecf3f991ad89b657b6a07dc013e788cba39f0d9e904be63c4"
        },
        {
          "rows": 32,
          "cols": 6,
          "bands": 10,
          "residual": true,
          "valid": true,
          "elapsed_ns": [
            18010.375,
            18437.5,
            17421.875,
            17895.75,
            17703.125,
            17724.0,
            17895.75,
            18114.625,
            17895.75,
            17927.125,
            17869.75,
            17859.375,
            17864.625,
            17890.625,
            18198.0
          ],
          "max_abs": 3.896310207807119e-08,
          "output_sha256": "f05a338a2431db2f6c89191fc2423c5c0a271d1e23cbea9a3027c75db65c0381"
        },
        {
          "rows": 1024,
          "cols": 3,
          "bands": 0,
          "residual": false,
          "valid": true,
          "elapsed_ns": [
            3828.125,
            4109.375,
            3770.875,
            3755.125,
            4052.125,
            3718.75,
            3713.5,
            4812.5,
            4302.125,
            3708.375,
            3718.75,
            3718.75,
            3724.0,
            3750.0,
            3744.875
          ],
          "max_abs": 0,
          "output_sha256": "e3b0c44298fc1c149afbf4c8996fb92427ae41e4649b934ca495991b7852b855"
        },
        {
          "rows": 1024,
          "cols": 3,
          "bands": 0,
          "residual": true,
          "valid": true,
          "elapsed_ns": [
            7994.75,
            7921.875,
            7875.0,
            7895.875,
            7843.75,
            8161.375,
            7849.0,
            7864.625,
            7510.375,
            7812.5,
            7859.375,
            7812.5,
            7869.75,
            7828.125,
            7786.5
          ],
          "max_abs": 0.0,
          "output_sha256": "e075c6c432b30d585b8df49cb41e2d5743e92f06d8ce8087a022160b0eee33bd"
        },
        {
          "rows": 1024,
          "cols": 3,
          "bands": 4,
          "residual": false,
          "valid": true,
          "elapsed_ns": [
            82630.125,
            79724.0,
            79625.0,
            98973.875,
            93614.625,
            92557.25,
            81776.0,
            80041.625,
            79713.5,
            80692.75,
            84901.0,
            81031.25,
            78604.125,
            78281.25,
            81468.75
          ],
          "max_abs": 3.896310207807119e-08,
          "output_sha256": "13bec22c317e9ca95a22ca8ba6aef252df6cab0815d1dd842ffbd696cba86a0d"
        },
        {
          "rows": 1024,
          "cols": 3,
          "bands": 4,
          "residual": true,
          "valid": true,
          "elapsed_ns": [
            87057.25,
            82854.125,
            84885.375,
            82083.25,
            88750.0,
            90948.0,
            84859.375,
            80817.625,
            79500.0,
            82307.25,
            83666.75,
            82036.375,
            83463.5,
            87104.125,
            83192.75
          ],
          "max_abs": 3.896310207807119e-08,
          "output_sha256": "34e210c29e6c13b6ef592db4a95bc7f9466e35e8eb996310e45826ca1fc43169"
        },
        {
          "rows": 1024,
          "cols": 3,
          "bands": 10,
          "residual": false,
          "valid": true,
          "elapsed_ns": [
            123151.0,
            114453.125,
            105474.0,
            92468.75,
            93520.875,
            94125.0,
            91333.375,
            90416.625,
            92156.25,
            91875.0,
            91026.125,
            91937.5,
            91026.0,
            91046.875,
            97328.125
          ],
          "max_abs": 3.896310207807119e-08,
          "output_sha256": "185575b3c9e178954b2ad6853481569f779f967efdbe37f0ddcb8659ffdc8a6e"
        },
        {
          "rows": 1024,
          "cols": 3,
          "bands": 10,
          "residual": true,
          "valid": true,
          "elapsed_ns": [
            115645.875,
            109927.125,
            109635.375,
            153859.375,
            115390.625,
            112885.5,
            110062.5,
            146244.875,
            110453.125,
            108260.375,
            144916.625,
            147625.0,
            115916.75,
            110942.75,
            111520.875
          ],
          "max_abs": 3.896310207807119e-08,
          "output_sha256": "d6ab7a167ba1b4bb399d93acb96c24e81d904db9793f3183f9b518d615fca694"
        },
        {
          "rows": 1024,
          "cols": 6,
          "bands": 0,
          "residual": false,
          "valid": true,
          "elapsed_ns": [
            3984.375,
            3843.75,
            3833.25,
            3802.125,
            3760.5,
            3776.0,
            3734.375,
            3770.875,
            3760.375,
            3765.625,
            3750.0,
            3744.75,
            3760.5,
            3989.5,
            4244.875
          ],
          "max_abs": 0,
          "output_sha256": "e3b0c44298fc1c149afbf4c8996fb92427ae41e4649b934ca495991b7852b855"
        },
        {
          "rows": 1024,
          "cols": 6,
          "bands": 0,
          "residual": true,
          "valid": true,
          "elapsed_ns": [
            6843.75,
            6760.5,
            6750.0,
            6703.125,
            6671.875,
            6708.375,
            6698.0,
            6671.875,
            6687.5,
            6656.25,
            6677.125,
            6734.375,
            9041.625,
            7536.375,
            6854.125
          ],
          "max_abs": 0.0,
          "output_sha256": "6230ddd76d9d0c5533ee4fa380f6463e190dfeae3c84728c583f1c9876865b2a"
        },
        {
          "rows": 1024,
          "cols": 6,
          "bands": 4,
          "residual": false,
          "valid": true,
          "elapsed_ns": [
            69296.875,
            68281.25,
            67531.25,
            67333.375,
            66828.125,
            69015.625,
            65718.75,
            66921.875,
            65880.25,
            72916.75,
            67796.875,
            67197.875,
            66781.25,
            66333.375,
            67729.25
          ],
          "max_abs": 3.896310207807119e-08,
          "output_sha256": "126524f1246ced56e79afb461ba1bfe3ea3dfc691c4cb445166409f6a1ac8ad4"
        },
        {
          "rows": 1024,
          "cols": 6,
          "bands": 4,
          "residual": true,
          "valid": true,
          "elapsed_ns": [
            87432.375,
            88692.75,
            83198.0,
            91072.875,
            84151.0,
            83385.375,
            87322.875,
            83625.0,
            83963.625,
            82890.625,
            84948.0,
            85151.0,
            88505.125,
            84703.125,
            82458.25
          ],
          "max_abs": 3.896310207807119e-08,
          "output_sha256": "28477ac24a8d75736e609ffa129d84a055d00d97ae75562fad381aeb2a4aaaf5"
        },
        {
          "rows": 1024,
          "cols": 6,
          "bands": 10,
          "residual": false,
          "valid": true,
          "elapsed_ns": [
            179458.25,
            140963.5,
            170291.625,
            189479.25,
            148135.5,
            142354.25,
            145390.625,
            140083.375,
            144562.5,
            139640.625,
            140458.375,
            139817.625,
            144375.0,
            138640.625,
            140385.375
          ],
          "max_abs": 3.896310207807119e-08,
          "output_sha256": "357d3f56b559fa344141e5a446128b8fac1e4534a382c116df38853148150c8d"
        },
        {
          "rows": 1024,
          "cols": 6,
          "bands": 10,
          "residual": true,
          "valid": true,
          "elapsed_ns": [
            167994.75,
            161046.875,
            162442.75,
            160781.25,
            159656.25,
            164791.625,
            159984.375,
            166239.625,
            159604.125,
            189822.875,
            159599.0,
            159468.75,
            164994.75,
            164604.25,
            158270.875
          ],
          "max_abs": 3.896310207807119e-08,
          "output_sha256": "61bf876721682b01582c8e954a9bf29c1cc9a89d4bf00fecc36d9fcd98e50b59"
        }
      ]
    },
    {
      "round": "a",
      "cases": [
        {
          "rows": 1,
          "cols": 3,
          "bands": 0,
          "residual": false,
          "valid": true,
          "elapsed_ns": [
            4010.375,
            3807.375,
            3765.625,
            3744.75,
            3734.375,
            3697.875,
            3713.625,
            3713.5,
            3718.75,
            4046.875,
            3697.875,
            3708.375,
            4390.625,
            3718.75,
            3724.0
          ],
          "max_abs": 0,
          "output_sha256": "e3b0c44298fc1c149afbf4c8996fb92427ae41e4649b934ca495991b7852b855"
        },
        {
          "rows": 1,
          "cols": 3,
          "bands": 0,
          "residual": true,
          "valid": true,
          "elapsed_ns": [
            4843.75,
            4760.375,
            4718.75,
            4713.5,
            4671.875,
            4687.5,
            4682.25,
            4640.625,
            4677.0,
            4687.5,
            4687.5,
            4671.875,
            4656.25,
            4682.25,
            4687.5
          ],
          "max_abs": 0.0,
          "output_sha256": "5d6f83860dbf90ea069edea3458f58daa8a50504c0e477500b42183717ed00b2"
        },
        {
          "rows": 1,
          "cols": 3,
          "bands": 4,
          "residual": false,
          "valid": true,
          "elapsed_ns": [
            4500.0,
            4406.25,
            4349.0,
            4390.625,
            4328.125,
            4328.125,
            5536.5,
            4656.25,
            4849.0,
            4859.375,
            4677.125,
            4333.25,
            4317.75,
            4349.0,
            4333.25
          ],
          "max_abs": 2.015225031293255e-08,
          "output_sha256": "81154d4159af1be4aefcf78576508950e03a747b19aba19d4202a0d677358b63"
        },
        {
          "rows": 1,
          "cols": 3,
          "bands": 4,
          "residual": true,
          "valid": true,
          "elapsed_ns": [
            5421.875,
            5328.125,
            5619.875,
            5234.375,
            5255.25,
            5234.375,
            5223.875,
            5203.125,
            5218.75,
            5244.75,
            5250.0,
            5244.75,
            5276.0,
            5906.25,
            5984.375
          ],
          "max_abs": 2.015225031293255e-08,
          "output_sha256": "155d19a56ec2e821762aac57a2fb816074523c581cfd7e427d40c2f3a86d3beb"
        },
        {
          "rows": 1,
          "cols": 3,
          "bands": 10,
          "residual": false,
          "valid": true,
          "elapsed_ns": [
            4531.25,
            4453.125,
            4421.875,
            4421.875,
            4411.375,
            4406.25,
            4432.25,
            4406.25,
            4369.75,
            4390.625,
            4437.5,
            4395.875,
            4416.625,
            4421.875,
            4411.5
          ],
          "max_abs": 3.137095161420689e-08,
          "output_sha256": "f208e96af44aa9656e63b286ce73b0f1ffb46f1d4dccd4bc7607f63bc682ac4b"
        },
        {
          "rows": 1,
          "cols": 3,
          "bands": 10,
          "residual": true,
          "valid": true,
          "elapsed_ns": [
            5375.0,
            5338.625,
            5296.875,
            5291.625,
            5291.625,
            5302.125,
            5302.0,
            5614.625,
            5244.75,
            5265.625,
            5281.25,
            5312.5,
            5234.375,
            5250.0,
            5317.625
          ],
          "max_abs": 3.137095161420689e-08,
          "output_sha256": "d95ffcd0a7665a161589c47fe0ba0bc1a1b8fe6e42d47939a604ea41c29be120"
        },
        {
          "rows": 1,
          "cols": 6,
          "bands": 0,
          "residual": false,
          "valid": true,
          "elapsed_ns": [
            3812.5,
            3645.875,
            3666.625,
            3651.0,
            3682.375,
            3666.625,
            3640.625,
            3661.5,
            4046.875,
            3640.625,
            3666.75,
            3677.125,
            3645.75,
            3666.75,
            3630.125
          ],
          "max_abs": 0,
          "output_sha256": "e3b0c44298fc1c149afbf4c8996fb92427ae41e4649b934ca495991b7852b855"
        },
        {
          "rows": 1,
          "cols": 6,
          "bands": 0,
          "residual": true,
          "valid": true,
          "elapsed_ns": [
            4859.375,
            4671.875,
            4682.375,
            4703.125,
            4687.5,
            4671.875,
            4682.25,
            4671.875,
            4692.75,
            4703.125,
            4671.875,
            4692.75,
            4671.875,
            4692.75,
            4651.0
          ],
          "max_abs": 0.0,
          "output_sha256": "cafdbff90e835ec715040e8e47a9d509a85fe417a6eba6f8706b51458479cf56"
        },
        {
          "rows": 1,
          "cols": 6,
          "bands": 4,
          "residual": false,
          "valid": true,
          "elapsed_ns": [
            4401.0,
            4286.5,
            4312.5,
            4260.5,
            4255.125,
            4229.125,
            4260.5,
            4244.75,
            4239.5,
            4270.875,
            4270.875,
            4270.75,
            4250.0,
            4270.875,
            4270.875
          ],
          "max_abs": 3.2811432459922685e-08,
          "output_sha256": "8ac7fd575c5b04d3030285d04189a75511edcb328a5c16a39e663ec6d0d1a25c"
        },
        {
          "rows": 1,
          "cols": 6,
          "bands": 4,
          "residual": true,
          "valid": true,
          "elapsed_ns": [
            5489.5,
            5364.625,
            5349.0,
            5375.0,
            5364.625,
            5317.625,
            5286.5,
            5322.875,
            5312.5,
            5333.375,
            5317.75,
            5328.125,
            5302.0,
            5328.125,
            5323.0
          ],
          "max_abs": 3.2811432459922685e-08,
          "output_sha256": "c662af4396e13761e296f8eb26d72c398400a65461955603fc619442e6232f6d"
        },
        {
          "rows": 1,
          "cols": 6,
          "bands": 10,
          "residual": false,
          "valid": true,
          "elapsed_ns": [
            4729.25,
            4661.5,
            4651.0,
            4645.875,
            4640.625,
            4614.5,
            4614.625,
            4640.625,
            4651.0,
            4656.25,
            4614.625,
            4619.75,
            4630.25,
            4609.375,
            4619.75
          ],
          "max_abs": 3.2811432459922685e-08,
          "output_sha256": "0c4f65250b0eca902e14e8ea06fca468f6f3fba88b586b56d67af25e5430d5f7"
        },
        {
          "rows": 1,
          "cols": 6,
          "bands": 10,
          "residual": true,
          "valid": true,
          "elapsed_ns": [
            5802.125,
            5588.5,
            5635.5,
            5619.75,
            5614.5,
            5916.625,
            5583.375,
            5572.875,
            5557.25,
            5593.75,
            5588.5,
            5583.25,
            5536.5,
            5567.75,
            5578.125
          ],
          "max_abs": 3.2811432459922685e-08,
          "output_sha256": "4869ae1fb662884a02299f3f42888e6ec25fa9cb9b156753d4263243385a9c59"
        },
        {
          "rows": 32,
          "cols": 3,
          "bands": 0,
          "residual": false,
          "valid": true,
          "elapsed_ns": [
            3968.75,
            3854.25,
            3854.125,
            4026.0,
            4052.125,
            3854.125,
            3833.375,
            4208.25,
            4838.625,
            4083.375,
            3869.75,
            3828.125,
            3833.375,
            3838.5,
            3817.75
          ],
          "max_abs": 0,
          "output_sha256": "e3b0c44298fc1c149afbf4c8996fb92427ae41e4649b934ca495991b7852b855"
        },
        {
          "rows": 32,
          "cols": 3,
          "bands": 0,
          "residual": true,
          "valid": true,
          "elapsed_ns": [
            4963.5,
            4854.25,
            4843.75,
            4791.625,
            5000.0,
            5802.0,
            4833.375,
            4776.0,
            5109.375,
            4848.875,
            4807.25,
            4796.875,
            4812.5,
            5187.5,
            4802.125
          ],
          "max_abs": 0.0,
          "output_sha256": "21f465f562943011d390a79577d6cbc3ff3965cd68820aeaac1d60d9bbb74d8c"
        },
        {
          "rows": 32,
          "cols": 3,
          "bands": 4,
          "residual": false,
          "valid": true,
          "elapsed_ns": [
            6505.25,
            6432.375,
            6369.75,
            6364.625,
            6380.25,
            6349.0,
            6687.5,
            6338.5,
            6307.25,
            6354.125,
            6338.625,
            6307.25,
            6291.75,
            6343.75,
            6359.375
          ],
          "max_abs": 3.896310207807119e-08,
          "output_sha256": "0ce23faece92790dba7063e93cd32f09e891d27e57f9b45bcbc6855a96dd416c"
        },
        {
          "rows": 32,
          "cols": 3,
          "bands": 4,
          "residual": true,
          "valid": true,
          "elapsed_ns": [
            9385.375,
            7531.25,
            9510.375,
            9156.25,
            7718.75,
            7578.125,
            7468.75,
            7552.125,
            7567.625,
            7437.5,
            7541.625,
            7468.75,
            7453.125,
            7515.625,
            7385.375
          ],
          "max_abs": 3.896310207807119e-08,
          "output_sha256": "bbb43aeb9c2b9c6b08242666116cfab709834e5f27cef2ca259b732e6fe9fe78"
        },
        {
          "rows": 32,
          "cols": 3,
          "bands": 10,
          "residual": false,
          "valid": true,
          "elapsed_ns": [
            11354.125,
            11343.75,
            11281.25,
            11505.25,
            11213.5,
            11208.25,
            11224.0,
            11218.75,
            11213.5,
            11224.0,
            11239.625,
            11135.375,
            11177.125,
            11192.625,
            11187.5
          ],
          "max_abs": 3.896310207807119e-08,
          "output_sha256": "34402d69894b28d692386afd46556d0caaacd1823a1070007f1abaf672e786b7"
        },
        {
          "rows": 32,
          "cols": 3,
          "bands": 10,
          "residual": true,
          "valid": true,
          "elapsed_ns": [
            12515.625,
            12729.25,
            12442.75,
            12557.25,
            12557.375,
            13125.0,
            12760.375,
            12322.875,
            12312.5,
            12348.875,
            12307.375,
            12328.125,
            12104.125,
            11963.625,
            12119.75
          ],
          "max_abs": 3.896310207807119e-08,
          "output_sha256": "3ea75df6fc113d4492b2a101e238beaa1149552adcdd5e595f2db74795f4427f"
        },
        {
          "rows": 32,
          "cols": 6,
          "bands": 0,
          "residual": false,
          "valid": true,
          "elapsed_ns": [
            3838.5,
            3739.625,
            3729.125,
            3734.375,
            3718.75,
            3703.125,
            3682.25,
            3713.625,
            3656.25,
            3697.875,
            3724.0,
            3703.125,
            3708.25,
            3703.125,
            3723.875
          ],
          "max_abs": 0,
          "output_sha256": "e3b0c44298fc1c149afbf4c8996fb92427ae41e4649b934ca495991b7852b855"
        },
        {
          "rows": 32,
          "cols": 6,
          "bands": 0,
          "residual": true,
          "valid": true,
          "elapsed_ns": [
            5015.625,
            4744.75,
            4718.75,
            4765.625,
            4734.375,
            4724.0,
            4755.25,
            4739.625,
            4729.125,
            4760.375,
            4739.625,
            4692.75,
            4708.25,
            4692.625,
            4713.625
          ],
          "max_abs": 0.0,
          "output_sha256": "fc345916aef2830340139713983d9fa547e6840f7e81c067addff3140b4efef1"
        },
        {
          "rows": 32,
          "cols": 6,
          "bands": 4,
          "residual": false,
          "valid": true,
          "elapsed_ns": [
            8411.5,
            8338.625,
            8239.5,
            8312.5,
            8312.5,
            8276.125,
            8114.5,
            8286.5,
            8177.125,
            8250.0,
            8312.5,
            8656.25,
            8192.75,
            8265.625,
            8182.375
          ],
          "max_abs": 3.896310207807119e-08,
          "output_sha256": "50a6389e6f5cbe23e33470a61bb3590658e78c040e6efded961778962a536956"
        },
        {
          "rows": 32,
          "cols": 6,
          "bands": 4,
          "residual": true,
          "valid": true,
          "elapsed_ns": [
            9500.0,
            9411.5,
            9395.75,
            9255.25,
            9255.25,
            9307.375,
            9380.125,
            9260.5,
            9390.625,
            9135.375,
            9359.375,
            9244.75,
            9343.75,
            9510.5,
            10161.375
          ],
          "max_abs": 3.896310207807119e-08,
          "output_sha256": "3a30c31f052b5679dabff74a60ae10be7d153282de1db98252dce40dd19b456a"
        },
        {
          "rows": 32,
          "cols": 6,
          "bands": 10,
          "residual": false,
          "valid": true,
          "elapsed_ns": [
            16552.125,
            16416.625,
            16401.0,
            16375.0,
            16213.625,
            16354.125,
            16182.25,
            16343.75,
            16448.0,
            15796.875,
            16145.75,
            16484.375,
            16156.25,
            15968.75,
            16541.75
          ],
          "max_abs": 3.896310207807119e-08,
          "output_sha256": "caebac7c6f4e3c6ecf3f991ad89b657b6a07dc013e788cba39f0d9e904be63c4"
        },
        {
          "rows": 32,
          "cols": 6,
          "bands": 10,
          "residual": true,
          "valid": true,
          "elapsed_ns": [
            17750.0,
            17218.75,
            17395.75,
            17734.375,
            17640.625,
            17703.125,
            17515.625,
            17713.5,
            17546.875,
            17182.375,
            17317.625,
            17000.0,
            17510.5,
            17322.875,
            17166.625
          ],
          "max_abs": 3.896310207807119e-08,
          "output_sha256": "f05a338a2431db2f6c89191fc2423c5c0a271d1e23cbea9a3027c75db65c0381"
        },
        {
          "rows": 1024,
          "cols": 3,
          "bands": 0,
          "residual": false,
          "valid": true,
          "elapsed_ns": [
            3942.75,
            3802.0,
            3776.0,
            3750.0,
            3770.875,
            3723.875,
            3729.125,
            3770.875,
            3755.25,
            3765.625,
            3744.75,
            3770.875,
            3796.875,
            3760.375,
            4015.625
          ],
          "max_abs": 0,
          "output_sha256": "e3b0c44298fc1c149afbf4c8996fb92427ae41e4649b934ca495991b7852b855"
        },
        {
          "rows": 1024,
          "cols": 3,
          "bands": 0,
          "residual": true,
          "valid": true,
          "elapsed_ns": [
            7817.625,
            7088.5,
            6916.75,
            7250.0,
            7375.0,
            6880.125,
            7208.375,
            7208.375,
            7015.625,
            7062.5,
            6875.0,
            6911.5,
            6869.75,
            6895.875,
            6927.125
          ],
          "max_abs": 0.0,
          "output_sha256": "e075c6c432b30d585b8df49cb41e2d5743e92f06d8ce8087a022160b0eee33bd"
        },
        {
          "rows": 1024,
          "cols": 3,
          "bands": 4,
          "residual": false,
          "valid": true,
          "elapsed_ns": [
            88593.75,
            92812.5,
            102015.625,
            83786.5,
            79942.625,
            81421.875,
            77448.0,
            80125.0,
            82619.875,
            80458.375,
            84578.125,
            90890.625,
            80703.125,
            82588.5,
            81437.5
          ],
          "max_abs": 3.896310207807119e-08,
          "output_sha256": "13bec22c317e9ca95a22ca8ba6aef252df6cab0815d1dd842ffbd696cba86a0d"
        },
        {
          "rows": 1024,
          "cols": 3,
          "bands": 4,
          "residual": true,
          "valid": true,
          "elapsed_ns": [
            84588.625,
            83421.875,
            93776.125,
            88010.375,
            86729.125,
            89140.625,
            83156.25,
            84734.375,
            89239.625,
            86161.5,
            85953.125,
            87031.25,
            83020.875,
            87494.75,
            87359.375
          ],
          "max_abs": 3.896310207807119e-08,
          "output_sha256": "34e210c29e6c13b6ef592db4a95bc7f9466e35e8eb996310e45826ca1fc43169"
        },
        {
          "rows": 1024,
          "cols": 3,
          "bands": 10,
          "residual": false,
          "valid": true,
          "elapsed_ns": [
            130791.75,
            100526.125,
            97677.125,
            94369.75,
            93109.375,
            99854.125,
            96729.25,
            96651.0,
            93885.375,
            97849.0,
            96588.5,
            95442.75,
            96260.375,
            97281.25,
            99213.5
          ],
          "max_abs": 3.896310207807119e-08,
          "output_sha256": "185575b3c9e178954b2ad6853481569f779f967efdbe37f0ddcb8659ffdc8a6e"
        },
        {
          "rows": 1024,
          "cols": 3,
          "bands": 10,
          "residual": true,
          "valid": true,
          "elapsed_ns": [
            119197.875,
            118375.0,
            118052.125,
            116156.25,
            113942.75,
            117677.0,
            137968.75,
            116875.0,
            114599.0,
            148901.125,
            134750.0,
            116406.25,
            119546.875,
            115432.25,
            124812.5
          ],
          "max_abs": 3.896310207807119e-08,
          "output_sha256": "d6ab7a167ba1b4bb399d93acb96c24e81d904db9793f3183f9b518d615fca694"
        },
        {
          "rows": 1024,
          "cols": 6,
          "bands": 0,
          "residual": false,
          "valid": true,
          "elapsed_ns": [
            4046.875,
            3875.0,
            3880.25,
            3817.75,
            3838.5,
            3817.625,
            3812.5,
            3776.125,
            3786.5,
            3807.375,
            3796.875,
            3786.5,
            3786.5,
            3786.5,
            3796.875
          ],
          "max_abs": 0,
          "output_sha256": "e3b0c44298fc1c149afbf4c8996fb92427ae41e4649b934ca495991b7852b855"
        },
        {
          "rows": 1024,
          "cols": 6,
          "bands": 0,
          "residual": true,
          "valid": true,
          "elapsed_ns": [
            7067.75,
            6880.25,
            6838.5,
            6833.375,
            6802.125,
            6828.125,
            6796.875,
            6786.375,
            6817.75,
            6822.875,
            6807.375,
            6807.25,
            6791.625,
            6812.5,
            6833.375
          ],
          "max_abs": 0.0,
          "output_sha256": "6230ddd76d9d0c5533ee4fa380f6463e190dfeae3c84728c583f1c9876865b2a"
        },
        {
          "rows": 1024,
          "cols": 6,
          "bands": 4,
          "residual": false,
          "valid": true,
          "elapsed_ns": [
            74661.5,
            70828.125,
            70479.25,
            73932.25,
            70510.5,
            70567.625,
            71109.375,
            70625.0,
            71333.25,
            71151.0,
            70088.5,
            70302.125,
            71994.75,
            71786.375,
            69697.875
          ],
          "max_abs": 3.896310207807119e-08,
          "output_sha256": "126524f1246ced56e79afb461ba1bfe3ea3dfc691c4cb445166409f6a1ac8ad4"
        },
        {
          "rows": 1024,
          "cols": 6,
          "bands": 4,
          "residual": true,
          "valid": true,
          "elapsed_ns": [
            88651.125,
            87088.5,
            95656.25,
            85833.375,
            86395.875,
            85744.875,
            84291.75,
            85198.0,
            88328.125,
            86177.125,
            88432.25,
            86250.0,
            88552.125,
            86000.0,
            85317.75
          ],
          "max_abs": 3.896310207807119e-08,
          "output_sha256": "28477ac24a8d75736e609ffa129d84a055d00d97ae75562fad381aeb2a4aaaf5"
        },
        {
          "rows": 1024,
          "cols": 6,
          "bands": 10,
          "residual": false,
          "valid": true,
          "elapsed_ns": [
            144317.75,
            203942.75,
            151953.125,
            140786.5,
            139177.125,
            143031.25,
            144526.0,
            138656.25,
            138713.5,
            138505.125,
            139317.75,
            142567.75,
            142093.75,
            139187.5,
            137812.5
          ],
          "max_abs": 3.896310207807119e-08,
          "output_sha256": "357d3f56b559fa344141e5a446128b8fac1e4534a382c116df38853148150c8d"
        },
        {
          "rows": 1024,
          "cols": 6,
          "bands": 10,
          "residual": true,
          "valid": true,
          "elapsed_ns": [
            174796.875,
            171026.0,
            165333.375,
            165640.625,
            166255.25,
            168260.375,
            163130.125,
            176760.375,
            179192.625,
            162489.625,
            165062.5,
            165593.75,
            165062.5,
            164770.875,
            162468.75
          ],
          "max_abs": 3.896310207807119e-08,
          "output_sha256": "61bf876721682b01582c8e954a9bf29c1cc9a89d4bf00fecc36d9fcd98e50b59"
        }
      ]
    },
    {
      "round": "b",
      "cases": [
        {
          "rows": 1,
          "cols": 3,
          "bands": 0,
          "residual": false,
          "valid": true,
          "elapsed_ns": [
            3989.5,
            3859.375,
            4494.75,
            3916.75,
            3901.0,
            4281.25,
            3760.5,
            3760.375,
            3760.375,
            3744.75,
            3786.5,
            3750.0,
            3750.0,
            3734.375,
            3796.875
          ],
          "max_abs": 0,
          "output_sha256": "e3b0c44298fc1c149afbf4c8996fb92427ae41e4649b934ca495991b7852b855"
        },
        {
          "rows": 1,
          "cols": 3,
          "bands": 0,
          "residual": true,
          "valid": true,
          "elapsed_ns": [
            4843.75,
            4671.875,
            4687.5,
            4656.25,
            4661.5,
            4645.875,
            4640.625,
            4640.625,
            4630.25,
            4958.375,
            4630.125,
            4598.875,
            4619.875,
            4619.75,
            4583.375
          ],
          "max_abs": 0.0,
          "output_sha256": "5d6f83860dbf90ea069edea3458f58daa8a50504c0e477500b42183717ed00b2"
        },
        {
          "rows": 1,
          "cols": 3,
          "bands": 4,
          "residual": false,
          "valid": true,
          "elapsed_ns": [
            4531.25,
            4453.125,
            4395.75,
            4359.375,
            5239.625,
            4416.625,
            5187.5,
            5026.125,
            5750.0,
            4744.75,
            4427.125,
            4364.625,
            4348.875,
            4364.625,
            4359.375
          ],
          "max_abs": 2.015225031293255e-08,
          "output_sha256": "81154d4159af1be4aefcf78576508950e03a747b19aba19d4202a0d677358b63"
        },
        {
          "rows": 1,
          "cols": 3,
          "bands": 4,
          "residual": true,
          "valid": true,
          "elapsed_ns": [
            5609.375,
            5505.125,
            5416.625,
            5416.75,
            5401.0,
            5401.0,
            5411.5,
            5750.0,
            5385.375,
            5406.25,
            5463.625,
            5447.875,
            5463.625,
            5442.75,
            5479.125
          ],
          "max_abs": 2.015225031293255e-08,
          "output_sha256": "155d19a56ec2e821762aac57a2fb816074523c581cfd7e427d40c2f3a86d3beb"
        },
        {
          "rows": 1,
          "cols": 3,
          "bands": 10,
          "residual": false,
          "valid": true,
          "elapsed_ns": [
            4755.125,
            4588.5,
            4562.5,
            4536.375,
            4552.125,
            4562.5,
            4531.25,
            4500.0,
            4515.625,
            4536.5,
            4541.625,
            4546.875,
            4515.625,
            4500.0,
            4546.875
          ],
          "max_abs": 3.137095161420689e-08,
          "output_sha256": "f208e96af44aa9656e63b286ce73b0f1ffb46f1d4dccd4bc7607f63bc682ac4b"
        },
        {
          "rows": 1,
          "cols": 3,
          "bands": 10,
          "residual": true,
          "valid": true,
          "elapsed_ns": [
            5963.625,
            5536.375,
            5510.5,
            5500.0,
            5526.0,
            5520.875,
            5510.375,
            5531.25,
            5510.5,
            5489.5,
            5526.0,
            5479.125,
            5505.25,
            5546.875,
            5510.375
          ],
          "max_abs": 3.137095161420689e-08,
          "output_sha256": "d95ffcd0a7665a161589c47fe0ba0bc1a1b8fe6e42d47939a604ea41c29be120"
        },
        {
          "rows": 1,
          "cols": 6,
          "bands": 0,
          "residual": false,
          "valid": true,
          "elapsed_ns": [
            3854.125,
            3770.875,
            3744.75,
            3765.625,
            3760.375,
            3703.125,
            3708.25,
            3734.375,
            3739.5,
            3724.0,
            3713.5,
            3682.25,
            3708.375,
            3708.375,
            3724.0
          ],
          "max_abs": 0,
          "output_sha256": "e3b0c44298fc1c149afbf4c8996fb92427ae41e4649b934ca495991b7852b855"
        },
        {
          "rows": 1,
          "cols": 6,
          "bands": 0,
          "residual": true,
          "valid": true,
          "elapsed_ns": [
            4963.625,
            4796.875,
            4765.625,
            4786.375,
            4765.625,
            4755.25,
            4750.0,
            4729.125,
            4750.0,
            4734.375,
            4723.875,
            4718.75,
            4734.375,
            4718.75,
            4729.25
          ],
          "max_abs": 0.0,
          "output_sha256": "cafdbff90e835ec715040e8e47a9d509a85fe417a6eba6f8706b51458479cf56"
        },
        {
          "rows": 1,
          "cols": 6,
          "bands": 4,
          "residual": false,
          "valid": true,
          "elapsed_ns": [
            4489.625,
            4406.25,
            4359.375,
            4375.0,
            4385.375,
            4364.625,
            4338.5,
            4651.0,
            4343.75,
            4354.125,
            4359.375,
            4364.625,
            4349.0,
            4338.5,
            4333.375
          ],
          "max_abs": 3.2811432459922685e-08,
          "output_sha256": "8ac7fd575c5b04d3030285d04189a75511edcb328a5c16a39e663ec6d0d1a25c"
        },
        {
          "rows": 1,
          "cols": 6,
          "bands": 4,
          "residual": true,
          "valid": true,
          "elapsed_ns": [
            5583.375,
            5432.25,
            5406.25,
            5390.625,
            5354.125,
            5343.75,
            5354.125,
            5390.625,
            5349.0,
            5328.125,
            5380.25,
            5395.875,
            5354.125,
            5369.75,
            5364.625
          ],
          "max_abs": 3.2811432459922685e-08,
          "output_sha256": "c662af4396e13761e296f8eb26d72c398400a65461955603fc619442e6232f6d"
        },
        {
          "rows": 1,
          "cols": 6,
          "bands": 10,
          "residual": false,
          "valid": true,
          "elapsed_ns": [
            4755.25,
            4713.5,
            4744.75,
            5474.0,
            4703.125,
            4708.25,
            4703.125,
            4671.875,
            4698.0,
            4692.625,
            4718.75,
            4682.25,
            4708.375,
            4640.625,
            4671.875
          ],
          "max_abs": 3.2811432459922685e-08,
          "output_sha256": "0c4f65250b0eca902e14e8ea06fca468f6f3fba88b586b56d67af25e5430d5f7"
        },
        {
          "rows": 1,
          "cols": 6,
          "bands": 10,
          "residual": true,
          "valid": true,
          "elapsed_ns": [
            5854.125,
            5671.875,
            5599.0,
            5651.0,
            5614.625,
            5609.375,
            5609.375,
            7229.125,
            5953.125,
            6599.0,
            5864.625,
            5630.125,
            5557.375,
            5635.375,
            5614.625
          ],
          "max_abs": 3.2811432459922685e-08,
          "output_sha256": "4869ae1fb662884a02299f3f42888e6ec25fa9cb9b156753d4263243385a9c59"
        },
        {
          "rows": 32,
          "cols": 3,
          "bands": 0,
          "residual": false,
          "valid": true,
          "elapsed_ns": [
            3786.5,
            3671.875,
            3645.875,
            3671.875,
            3677.125,
            3666.625,
            3656.25,
            3640.625,
            3614.625,
            3630.125,
            3661.5,
            3703.125,
            4250.0,
            6078.125,
            4307.25
          ],
          "max_abs": 0,
          "output_sha256": "e3b0c44298fc1c149afbf4c8996fb92427ae41e4649b934ca495991b7852b855"
        },
        {
          "rows": 32,
          "cols": 3,
          "bands": 0,
          "residual": true,
          "valid": true,
          "elapsed_ns": [
            5411.5,
            5229.25,
            5505.25,
            5057.25,
            5114.625,
            5130.125,
            5093.75,
            5067.75,
            5078.125,
            5161.5,
            5072.875,
            5073.0,
            5078.125,
            5119.75,
            5067.625
          ],
          "max_abs": 0.0,
          "output_sha256": "21f465f562943011d390a79577d6cbc3ff3965cd68820aeaac1d60d9bbb74d8c"
        },
        {
          "rows": 32,
          "cols": 3,
          "bands": 4,
          "residual": false,
          "valid": true,
          "elapsed_ns": [
            6750.0,
            6630.25,
            6578.125,
            6536.375,
            6510.5,
            6484.375,
            6447.875,
            6515.625,
            6552.125,
            6895.875,
            6442.75,
            6546.875,
            6500.0,
            6510.375,
            6411.5
          ],
          "max_abs": 3.896310207807119e-08,
          "output_sha256": "0ce23faece92790dba7063e93cd32f09e891d27e57f9b45bcbc6855a96dd416c"
        },
        {
          "rows": 32,
          "cols": 3,
          "bands": 4,
          "residual": true,
          "valid": true,
          "elapsed_ns": [
            7849.0,
            7703.125,
            7796.875,
            7734.375,
            7692.75,
            7593.75,
            7453.125,
            7599.0,
            7395.875,
            8098.875,
            7698.0,
            7687.5,
            9213.5,
            8328.125,
            7661.5
          ],
          "max_abs": 3.896310207807119e-08,
          "output_sha256": "bbb43aeb9c2b9c6b08242666116cfab709834e5f27cef2ca259b732e6fe9fe78"
        },
        {
          "rows": 32,
          "cols": 3,
          "bands": 10,
          "residual": false,
          "valid": true,
          "elapsed_ns": [
            11703.125,
            11484.375,
            11770.875,
            11698.0,
            11286.375,
            11276.0,
            11057.375,
            11145.875,
            11213.5,
            11609.375,
            11354.125,
            11057.375,
            11375.0,
            11250.0,
            11119.75
          ],
          "max_abs": 3.896310207807119e-08,
          "output_sha256": "34402d69894b28d692386afd46556d0caaacd1823a1070007f1abaf672e786b7"
        },
        {
          "rows": 32,
          "cols": 3,
          "bands": 10,
          "residual": true,
          "valid": true,
          "elapsed_ns": [
            12453.125,
            12276.125,
            12036.375,
            12015.625,
            12229.125,
            12260.375,
            12703.125,
            12474.0,
            12088.5,
            12281.25,
            11901.0,
            12244.875,
            12098.875,
            12099.0,
            12109.375
          ],
          "max_abs": 3.896310207807119e-08,
          "output_sha256": "3ea75df6fc113d4492b2a101e238beaa1149552adcdd5e595f2db74795f4427f"
        },
        {
          "rows": 32,
          "cols": 6,
          "bands": 0,
          "residual": false,
          "valid": true,
          "elapsed_ns": [
            4208.375,
            4010.375,
            3963.625,
            3958.25,
            3953.125,
            4015.625,
            3979.125,
            3937.5,
            3953.125,
            3937.5,
            3937.5,
            3921.875,
            3947.875,
            3963.5,
            3947.875
          ],
          "max_abs": 0,
          "output_sha256": "e3b0c44298fc1c149afbf4c8996fb92427ae41e4649b934ca495991b7852b855"
        },
        {
          "rows": 32,
          "cols": 6,
          "bands": 0,
          "residual": true,
          "valid": true,
          "elapsed_ns": [
            5083.375,
            4963.5,
            4901.0,
            4901.125,
            4854.125,
            4937.5,
            4927.125,
            4875.0,
            4885.375,
            4885.375,
            4890.625,
            4921.875,
            4885.375,
            4859.375,
            4911.375
          ],
          "max_abs": 0.0,
          "output_sha256": "fc345916aef2830340139713983d9fa547e6840f7e81c067addff3140b4efef1"
        },
        {
          "rows": 32,
          "cols": 6,
          "bands": 4,
          "residual": false,
          "valid": true,
          "elapsed_ns": [
            8609.375,
            8593.75,
            8437.5,
            8536.375,
            10640.625,
            8911.5,
            8531.25,
            8427.125,
            8474.0,
            8510.375,
            8468.75,
            8489.625,
            8328.125,
            8401.0,
            8395.875
          ],
          "max_abs": 3.896310207807119e-08,
          "output_sha256": "50a6389e6f5cbe23e33470a61bb3590658e78c040e6efded961778962a536956"
        },
        {
          "rows": 32,
          "cols": 6,
          "bands": 4,
          "residual": true,
          "valid": true,
          "elapsed_ns": [
            9864.625,
            9692.75,
            9697.875,
            10031.25,
            9614.625,
            9552.0,
            9640.625,
            9484.375,
            10276.125,
            9661.5,
            9500.0,
            9614.625,
            9552.125,
            9510.375,
            9843.75
          ],
          "max_abs": 3.896310207807119e-08,
          "output_sha256": "3a30c31f052b5679dabff74a60ae10be7d153282de1db98252dce40dd19b456a"
        },
        {
          "rows": 32,
          "cols": 6,
          "bands": 10,
          "residual": false,
          "valid": true,
          "elapsed_ns": [
            16682.25,
            16619.75,
            16390.625,
            16552.125,
            16187.5,
            16552.0,
            16177.0,
            16505.25,
            16520.875,
            16364.625,
            16505.25,
            16885.375,
            16505.25,
            16281.25,
            16145.75
          ],
          "max_abs": 3.896310207807119e-08,
          "output_sha256": "caebac7c6f4e3c6ecf3f991ad89b657b6a07dc013e788cba39f0d9e904be63c4"
        },
        {
          "rows": 32,
          "cols": 6,
          "bands": 10,
          "residual": true,
          "valid": true,
          "elapsed_ns": [
            17770.75,
            17948.0,
            17760.375,
            17703.125,
            17536.5,
            17880.25,
            17364.5,
            18083.375,
            17895.875,
            17890.625,
            17682.375,
            17130.125,
            17005.25,
            17500.0,
            17317.75
          ],
          "max_abs": 3.896310207807119e-08,
          "output_sha256": "f05a338a2431db2f6c89191fc2423c5c0a271d1e23cbea9a3027c75db65c0381"
        },
        {
          "rows": 1024,
          "cols": 3,
          "bands": 0,
          "residual": false,
          "valid": true,
          "elapsed_ns": [
            5505.25,
            4656.25,
            4312.5,
            4213.625,
            3911.375,
            4213.5,
            3937.5,
            4468.75,
            4218.75,
            3947.875,
            4161.5,
            4333.25,
            4140.625,
            3817.625,
            3807.375
          ],
          "max_abs": 0,
          "output_sha256": "e3b0c44298fc1c149afbf4c8996fb92427ae41e4649b934ca495991b7852b855"
        },
        {
          "rows": 1024,
          "cols": 3,
          "bands": 0,
          "residual": true,
          "valid": true,
          "elapsed_ns": [
            7494.875,
            7479.25,
            7229.125,
            7380.25,
            7604.125,
            7718.75,
            8036.375,
            7682.375,
            7677.0,
            7448.0,
            7385.375,
            7687.5,
            7500.0,
            7625.0,
            7114.625
          ],
          "max_abs": 0.0,
          "output_sha256": "e075c6c432b30d585b8df49cb41e2d5743e92f06d8ce8087a022160b0eee33bd"
        },
        {
          "rows": 1024,
          "cols": 3,
          "bands": 4,
          "residual": false,
          "valid": true,
          "elapsed_ns": [
            79807.375,
            80963.5,
            82177.0,
            83625.0,
            80041.75,
            80755.25,
            79739.5,
            80994.75,
            85307.25,
            80651.0,
            83609.375,
            77270.75,
            77640.625,
            81598.875,
            83755.25
          ],
          "max_abs": 3.896310207807119e-08,
          "output_sha256": "13bec22c317e9ca95a22ca8ba6aef252df6cab0815d1dd842ffbd696cba86a0d"
        },
        {
          "rows": 1024,
          "cols": 3,
          "bands": 4,
          "residual": true,
          "valid": true,
          "elapsed_ns": [
            92140.625,
            85041.625,
            87276.125,
            85317.75,
            87078.125,
            87812.5,
            81505.25,
            88671.875,
            84552.125,
            87828.125,
            83802.125,
            87776.0,
            84005.25,
            85359.375,
            86359.375
          ],
          "max_abs": 3.896310207807119e-08,
          "output_sha256": "34e210c29e6c13b6ef592db4a95bc7f9466e35e8eb996310e45826ca1fc43169"
        },
        {
          "rows": 1024,
          "cols": 3,
          "bands": 10,
          "residual": false,
          "valid": true,
          "elapsed_ns": [
            107906.25,
            96088.5,
            95906.25,
            95671.875,
            94348.875,
            103921.875,
            98604.25,
            97041.625,
            98515.625,
            96182.375,
            93859.375,
            101031.25,
            94166.625,
            95046.875,
            93671.875
          ],
          "max_abs": 3.896310207807119e-08,
          "output_sha256": "185575b3c9e178954b2ad6853481569f779f967efdbe37f0ddcb8659ffdc8a6e"
        },
        {
          "rows": 1024,
          "cols": 3,
          "bands": 10,
          "residual": true,
          "valid": true,
          "elapsed_ns": [
            120895.875,
            121468.75,
            119270.875,
            136218.75,
            128036.5,
            120031.25,
            134468.75,
            148010.375,
            131791.75,
            118333.375,
            115880.25,
            122447.875,
            123151.0,
            118619.875,
            114348.875
          ],
          "max_abs": 3.896310207807119e-08,
          "output_sha256": "d6ab7a167ba1b4bb399d93acb96c24e81d904db9793f3183f9b518d615fca694"
        },
        {
          "rows": 1024,
          "cols": 6,
          "bands": 0,
          "residual": false,
          "valid": true,
          "elapsed_ns": [
            4000.0,
            3895.75,
            3843.75,
            3817.625,
            3807.375,
            3812.5,
            3765.625,
            3817.75,
            3802.125,
            3791.625,
            3770.875,
            3817.625,
            3781.25,
            3755.125,
            3817.75
          ],
          "max_abs": 0,
          "output_sha256": "e3b0c44298fc1c149afbf4c8996fb92427ae41e4649b934ca495991b7852b855"
        },
        {
          "rows": 1024,
          "cols": 6,
          "bands": 0,
          "residual": true,
          "valid": true,
          "elapsed_ns": [
            6869.75,
            6687.5,
            6687.5,
            6677.125,
            7062.5,
            6760.5,
            6760.375,
            6739.625,
            6734.375,
            6760.375,
            6750.0,
            6744.875,
            6817.625,
            7203.125,
            6703.125
          ],
          "max_abs": 0.0,
          "output_sha256": "6230ddd76d9d0c5533ee4fa380f6463e190dfeae3c84728c583f1c9876865b2a"
        },
        {
          "rows": 1024,
          "cols": 6,
          "bands": 4,
          "residual": false,
          "valid": true,
          "elapsed_ns": [
            73958.25,
            71437.5,
            70135.5,
            70583.375,
            69442.75,
            71067.75,
            69625.0,
            70166.625,
            70036.5,
            70260.375,
            70812.5,
            91432.375,
            83578.125,
            91026.0,
            72083.375
          ],
          "max_abs": 3.896310207807119e-08,
          "output_sha256": "126524f1246ced56e79afb461ba1bfe3ea3dfc691c4cb445166409f6a1ac8ad4"
        },
        {
          "rows": 1024,
          "cols": 6,
          "bands": 4,
          "residual": true,
          "valid": true,
          "elapsed_ns": [
            105281.25,
            90349.0,
            87281.25,
            91703.125,
            91687.5,
            96307.25,
            92291.75,
            88041.625,
            94380.25,
            89109.375,
            88505.125,
            97901.0,
            107546.875,
            95901.0,
            90765.625
          ],
          "max_abs": 3.896310207807119e-08,
          "output_sha256": "28477ac24a8d75736e609ffa129d84a055d00d97ae75562fad381aeb2a4aaaf5"
        },
        {
          "rows": 1024,
          "cols": 6,
          "bands": 10,
          "residual": false,
          "valid": true,
          "elapsed_ns": [
            158213.625,
            144781.25,
            153119.75,
            148359.375,
            145786.375,
            137942.75,
            143489.5,
            140848.875,
            150380.125,
            144218.75,
            143531.25,
            150885.375,
            166250.0,
            141869.75,
            146041.625
          ],
          "max_abs": 3.896310207807119e-08,
          "output_sha256": "357d3f56b559fa344141e5a446128b8fac1e4534a382c116df38853148150c8d"
        },
        {
          "rows": 1024,
          "cols": 6,
          "bands": 10,
          "residual": true,
          "valid": true,
          "elapsed_ns": [
            175984.375,
            169036.5,
            175104.25,
            164474.0,
            190468.75,
            179265.625,
            166354.125,
            171260.375,
            173218.75,
            168906.25,
            171489.5,
            166286.375,
            167385.375,
            168484.375,
            183713.5
          ],
          "max_abs": 3.896310207807119e-08,
          "output_sha256": "61bf876721682b01582c8e954a9bf29c1cc9a89d4bf00fecc36d9fcd98e50b59"
        }
      ]
    }
  ],
  "boundary": "Vectorized eager CPU no-grad sin/cos encoding, allocation/free included. Python dispatch differs from Rust and WASM. No torch.compile, GPU, model quality or fastest-Torch claim."
}
