   Compiling unicode-ident v1.0.19
   Compiling proc-macro2 v1.0.101
   Compiling quote v1.0.41
   Compiling autocfg v1.5.0
   Compiling serde_core v1.0.229
   Compiling zmij v1.0.21
   Compiling wasm-bindgen-shared v0.2.104
   Compiling libm v0.2.16
   Compiling cfg-if v1.0.3
   Compiling num-traits v0.2.19
   Compiling typenum v1.19.0
   Compiling once_cell v1.21.4
   Compiling syn v2.0.106
   Compiling syn v3.0.4
   Compiling serde_json v1.0.151
   Compiling rustversion v1.0.22
   Compiling serde v1.0.229
   Compiling serde_derive v1.0.229
   Compiling memchr v2.7.6
   Compiling log v0.4.28
   Compiling bumpalo v3.19.0
   Compiling itoa v1.0.15
   Compiling wasm-bindgen-backend v0.2.104
   Compiling wasm-bindgen v0.2.104
   Compiling wasm-bindgen-macro-support v0.2.104
   Compiling version_check v0.9.5
   Compiling generic-array v0.14.9
   Compiling wasm-bindgen-macro v0.2.104
   Compiling num-integer v0.1.46
   Compiling zerocopy v0.8.27
   Compiling num-complex v0.4.6
   Compiling matrixmultiply v0.3.10
   Compiling ppv-lite86 v0.2.21
   Compiling libc v0.2.189
   Compiling js-sys v0.3.81
   Compiling crossbeam-utils v0.8.21
   Compiling paste v1.0.15
   Compiling rawpointer v0.2.1
   Compiling bytemuck v1.25.2
   Compiling safe_arch v0.7.4
   Compiling tracing-core v0.1.36
   Compiling getrandom v0.2.17
   Compiling regex-syntax v0.8.8
   Compiling rand_core v0.6.4
   Compiling rand_chacha v0.3.1
   Compiling rand v0.8.8
   Compiling find-msvc-tools v0.1.9
   Compiling thiserror v2.0.17
   Compiling crossbeam-epoch v0.9.20
   Compiling lazy_static v1.5.0
   Compiling shlex v2.0.1
   Compiling cc v1.2.63
   Compiling regex-automata v0.4.13
   Compiling wide v0.7.33
   Compiling approx v0.5.1
   Compiling thiserror-impl v2.0.17
   Compiling tracing-attributes v0.1.31
   Compiling syn v1.0.109
   Compiling pin-project-lite v0.2.16
   Compiling getrandom v0.4.2
   Compiling tracing v0.1.44
   Compiling tracing-log v0.2.0
   Compiling matchers v0.2.0
   Compiling blake3 v1.8.7
   Compiling sharded-slab v0.1.7
   Compiling block-buffer v0.10.4
   Compiling crypto-common v0.1.6
   Compiling thread_local v1.1.9
   Compiling rayon-core v1.13.0
   Compiling nu-ansi-term v0.50.3
   Compiling smallvec v1.15.2
   Compiling thiserror v1.0.69
   Compiling core-foundation-sys v0.8.7
   Compiling iana-time-zone v0.1.64
   Compiling tracing-subscriber v0.3.23
   Compiling digest v0.10.7
   Compiling crossbeam-deque v0.8.6
   Compiling rand_distr v0.4.3
   Compiling cpufeatures v0.2.17
   Compiling num-rational v0.4.2
   Compiling thiserror-impl v1.0.69
   Compiling constant_time_eq v0.4.2
   Compiling anyhow v1.0.104
   Compiling arrayvec v0.7.6
   Compiling sha2 v0.10.9
   Compiling uuid v1.26.0
   Compiling nalgebra-macros v0.1.0
   Compiling tracing-chrome v0.7.2
   Compiling chrono v0.4.45
   Compiling simba v0.6.0
   Compiling ndarray v0.15.6
   Compiling option-ext v0.2.0
   Compiling winnow v1.0.3
   Compiling strength_reduce v0.2.4
   Compiling either v1.15.0
   Compiling toml_parser v1.1.2+spec-1.1.0
   Compiling rayon v1.12.0
   Compiling transpose v0.2.3
   Compiling dirs-sys v0.4.1
   Compiling st-core v1.10.0 (/Users/ryospiralarchitect/🌀SpiralReality🌀/_wt/spiraltorch-resident-graph-forward-v1/crates/st-core)
   Compiling spiral-config v0.1.0 (/Users/ryospiralarchitect/🌀SpiralReality🌀/_wt/spiraltorch-resident-graph-forward-v1/crates/spiral-config)
   Compiling st-kdsl v0.3.0 (/Users/ryospiralarchitect/🌀SpiralReality🌀/_wt/spiraltorch-resident-graph-forward-v1/crates/st-kdsl)
   Compiling st-frac v0.1.1 (/Users/ryospiralarchitect/🌀SpiralReality🌀/_wt/spiraltorch-resident-graph-forward-v1/crates/st-frac)
   Compiling st-kernel-contracts v0.1.0 (/Users/ryospiralarchitect/🌀SpiralReality🌀/_wt/spiraltorch-resident-graph-forward-v1/crates/st-kernel-contracts)
   Compiling simba v0.8.1
   Compiling primal-check v0.3.4
   Compiling nalgebra-macros v0.2.2
   Compiling serde_spanned v1.1.1
   Compiling toml_datetime v0.7.5+spec-1.1.0
   Compiling nalgebra v0.29.0
   Compiling toml_writer v1.1.1+spec-1.1.0
   Compiling winnow v0.7.13
   Compiling nalgebra v0.32.6
   Compiling toml v0.9.12+spec-1.1.0
   Compiling st-tensor v0.1.0 (/Users/ryospiralarchitect/🌀SpiralReality🌀/_wt/spiraltorch-resident-graph-forward-v1/crates/st-tensor)
   Compiling rustfft v6.4.1
   Compiling st-softlogic v0.2.0 (/Users/ryospiralarchitect/🌀SpiralReality🌀/_wt/spiraltorch-resident-graph-forward-v1/crates/st-softlogic)
   Compiling statrs v0.16.1
   Compiling dirs v5.0.1
   Compiling num-bigint v0.4.8
   Compiling time-core v0.1.9
   Compiling deranged v0.5.8
   Compiling powerfmt v0.2.0
   Compiling rustc-hash v1.1.0
   Compiling spiraltorch-wasm v0.1.0 (/Users/ryospiralarchitect/🌀SpiralReality🌀/_wt/spiraltorch-resident-graph-forward-v1/bindings/st-wasm)
   Compiling num-conv v0.2.2
   Compiling time v0.3.55
   Compiling serde-wasm-bindgen v0.5.0
   Compiling web-sys v0.3.81
    Finished `release` profile [optimized] target(s) in 58.60s
