warning: patch `wgpu v0.20.1 (/Users/ryospiralarchitect/🌀SpiralReality🌀/_wt/spiraltorch-resident-graph-forward-v1/vendor/wgpu-0.20.1)` was not used in the crate graph
help: Check that the patched package version and available features are compatible
      with the dependency requirements. If the patch has a different version from
      what is locked in the Cargo.lock file, run `cargo update` to use the new
      version. This may also occur with an optional dependency that is not enabled.
   Compiling libm v0.2.16
   Compiling num-traits v0.2.19
   Compiling cfg-if v1.0.3
   Compiling once_cell v1.21.4
   Compiling wasm-bindgen-shared v0.2.104
   Compiling unicode-ident v1.0.19
   Compiling serde_core v1.0.229
   Compiling zerocopy v0.8.27
   Compiling num-integer v0.1.46
   Compiling wasm-bindgen v0.2.104
   Compiling num-complex v0.4.6
   Compiling typenum v1.19.0
   Compiling pin-project-lite v0.2.16
   Compiling memchr v2.7.6
   Compiling ppv-lite86 v0.2.21
   Compiling matrixmultiply v0.3.10
   Compiling bytemuck v1.25.2
   Compiling js-sys v0.3.81
   Compiling rawpointer v0.2.1
   Compiling serde v1.0.229
   Compiling crossbeam-utils v0.8.21
   Compiling safe_arch v0.7.4
   Compiling zmij v1.0.21
   Compiling tracing-core v0.1.36
   Compiling lazy_static v1.5.0
   Compiling regex-syntax v0.8.8
   Compiling thiserror v2.0.17
   Compiling getrandom v0.2.17
   Compiling rand_core v0.6.4
   Compiling regex-automata v0.4.13
   Compiling rand_chacha v0.3.1
   Compiling rand v0.8.8
   Compiling crossbeam-epoch v0.9.20
   Compiling wide v0.7.33
   Compiling serde_json v1.0.151
   Compiling approx v0.5.1
   Compiling generic-array v0.14.9
   Compiling log v0.4.28
   Compiling itoa v1.0.15
   Compiling tracing-log v0.2.0
   Compiling tracing v0.1.44
   Compiling matchers v0.2.0
   Compiling sharded-slab v0.1.7
   Compiling thread_local v1.1.9
   Compiling smallvec v1.15.2
   Compiling nu-ansi-term v0.50.3
   Compiling rayon-core v1.13.0
   Compiling tracing-subscriber v0.3.23
   Compiling thiserror v1.0.69
   Compiling blake3 v1.8.7
   Compiling crossbeam-deque v0.8.6
   Compiling rand_distr v0.4.3
   Compiling num-rational v0.4.2
   Compiling constant_time_eq v0.4.2
   Compiling arrayvec v0.7.6
   Compiling tracing-chrome v0.7.2
   Compiling block-buffer v0.10.4
   Compiling crypto-common v0.1.6
   Compiling simba v0.6.0
   Compiling ndarray v0.15.6
   Compiling winnow v1.0.3
   Compiling option-ext v0.2.0
   Compiling strength_reduce v0.2.4
   Compiling either v1.15.0
   Compiling rayon v1.12.0
   Compiling transpose v0.2.3
   Compiling anyhow v1.0.104
   Compiling dirs-sys v0.4.1
   Compiling toml_parser v1.1.2+spec-1.1.0
   Compiling nalgebra v0.29.0
   Compiling st-kdsl v0.3.0 (/Users/ryospiralarchitect/🌀SpiralReality🌀/_wt/spiraltorch-resident-graph-forward-v1/crates/st-kdsl)
   Compiling st-frac v0.1.1 (/Users/ryospiralarchitect/🌀SpiralReality🌀/_wt/spiraltorch-resident-graph-forward-v1/crates/st-frac)
   Compiling digest v0.10.7
   Compiling spiral-config v0.1.0 (/Users/ryospiralarchitect/🌀SpiralReality🌀/_wt/spiraltorch-resident-graph-forward-v1/crates/spiral-config)
   Compiling st-kernel-contracts v0.1.0 (/Users/ryospiralarchitect/🌀SpiralReality🌀/_wt/spiraltorch-resident-graph-forward-v1/crates/st-kernel-contracts)
   Compiling simba v0.8.1
   Compiling serde_spanned v1.1.1
   Compiling toml_datetime v0.7.5+spec-1.1.0
   Compiling primal-check v0.3.4
   Compiling winnow v0.7.13
   Compiling futures-sink v0.3.34
   Compiling toml_writer v1.1.1+spec-1.1.0
   Compiling futures-core v0.3.34
   Compiling futures-channel v0.3.34
   Compiling toml v0.9.12+spec-1.1.0
   Compiling statrs v0.16.1
   Compiling nalgebra v0.32.6
   Compiling st-tensor v0.1.0 (/Users/ryospiralarchitect/🌀SpiralReality🌀/_wt/spiraltorch-resident-graph-forward-v1/crates/st-tensor)
   Compiling rustfft v6.4.1
   Compiling st-core v1.10.0 (/Users/ryospiralarchitect/🌀SpiralReality🌀/_wt/spiraltorch-resident-graph-forward-v1/crates/st-core)
   Compiling sha2 v0.10.9
   Compiling dirs v5.0.1
   Compiling num-bigint v0.4.8
   Compiling futures-io v0.3.34
   Compiling rustc-hash v1.1.0
   Compiling slab v0.4.11
   Compiling futures-task v0.3.34
   Compiling futures-util v0.3.34
   Compiling st-softlogic v0.2.0 (/Users/ryospiralarchitect/🌀SpiralReality🌀/_wt/spiraltorch-resident-graph-forward-v1/crates/st-softlogic)
   Compiling bincode v1.3.3
   Compiling futures-executor v0.3.34
   Compiling ordered-float v4.6.0
   Compiling futures v0.3.34
   Compiling st-logic v0.4.0 (/Users/ryospiralarchitect/🌀SpiralReality🌀/_wt/spiraltorch-resident-graph-forward-v1/crates/st-logic)
   Compiling st-text v0.1.0 (/Users/ryospiralarchitect/🌀SpiralReality🌀/_wt/spiraltorch-resident-graph-forward-v1/crates/st-text)
   Compiling st-nn v0.1.0 (/Users/ryospiralarchitect/🌀SpiralReality🌀/_wt/spiraltorch-resident-graph-forward-v1/crates/st-nn)
   Compiling st-vision v0.1.0 (/Users/ryospiralarchitect/🌀SpiralReality🌀/_wt/spiraltorch-resident-graph-forward-v1/crates/st-vision)
   Compiling positional-geometry-fixture v0.0.0 (/Users/ryospiralarchitect/Library/Logs/SpiralTorch/positional-geometry-20260921/fixture)
    Finished `release` profile [optimized] target(s) in 53.06s
