{
  "torch": "2.12.1",
  "torch_file": "/Library/Frameworks/Python.framework/Versions/3.12/lib/python3.12/site-packages/torch/__init__.py",
  "python": "3.12.6 (v3.12.6:a4a2d2b0d85, Sep  6 2024, 16:08:03) [Clang 13.0.0 (clang-1300.0.29.30)]",
  "platform": "macOS-26.4.1-arm64-arm-64bit",
  "threads": 4,
  "interop_threads": 1,
  "warmups": 3,
  "intervals": 15,
  "repetitions": 8,
  "reports": [
    {
      "round": "warm",
      "cases": [
        {
          "rows": 1,
          "cols": 1,
          "depth": 1,
          "valid": true,
          "elapsed_ns": [
            1953.125,
            1833.25,
            1765.625,
            1750.0,
            1724.0,
            1703.125,
            1729.25,
            1718.75,
            1703.125,
            1708.25,
            1713.5,
            1703.125,
            1718.75,
            1703.125,
            1739.5
          ],
          "max_abs": 3.167664686110072e-08,
          "output_sha256": "b69138c41ffe98a25043a16a970d8b1ab08dd84d4efa63a27923aae24983e265"
        },
        {
          "rows": 1,
          "cols": 1,
          "depth": 4,
          "valid": true,
          "elapsed_ns": [
            5083.25,
            5010.375,
            15781.25,
            6317.75,
            6130.25,
            5812.5,
            5656.25,
            5713.5,
            5640.625,
            5781.25,
            5770.75,
            5791.75,
            5666.75,
            5739.5,
            5671.875
          ],
          "max_abs": 3.958758246864349e-09,
          "output_sha256": "360765f8ca682c2984f63e1ed8eefb8e634087ec3706f62a375cb411028aa3a0"
        },
        {
          "rows": 1,
          "cols": 1,
          "depth": 16,
          "valid": true,
          "elapsed_ns": [
            19197.875,
            18963.5,
            19088.5,
            19255.25,
            18968.75,
            18974.0,
            18937.5,
            21010.375,
            19708.25,
            18885.375,
            19880.25,
            19250.0,
            19312.5,
            19234.375,
            20666.625
          ],
          "max_abs": 9.664451223632065e-13,
          "output_sha256": "ed672289d1c885c2f6aa3444597b55bc449749e8bda6b29a8efe0948c220520a"
        },
        {
          "rows": 1,
          "cols": 8,
          "depth": 1,
          "valid": true,
          "elapsed_ns": [
            1901.125,
            1869.875,
            1859.375,
            1833.25,
            1843.75,
            2109.375,
            2187.5,
            1848.875,
            1864.5,
            1880.25,
            1854.25,
            1906.25,
            1869.875,
            1828.125,
            1838.5
          ],
          "max_abs": 5.519016624440376e-08,
          "output_sha256": "4d6113fb2a6de6ba8553d4903184c202252c3094548ea609b57b7e9b818d6ea6"
        },
        {
          "rows": 1,
          "cols": 8,
          "depth": 4,
          "valid": true,
          "elapsed_ns": [
            5343.75,
            5338.5,
            5349.0,
            5312.5,
            5359.375,
            5625.0,
            5338.5,
            5354.125,
            5343.75,
            5338.5,
            5947.875,
            5390.625,
            5322.875,
            5333.375,
            8369.75
          ],
          "max_abs": 6.896314362343607e-09,
          "output_sha256": "b911fa003ef5c6fa12fd85acbab2445769980e31913140e9181c4217ede1aac1"
        },
        {
          "rows": 1,
          "cols": 8,
          "depth": 16,
          "valid": true,
          "elapsed_ns": [
            20510.375,
            19192.75,
            19380.125,
            18692.75,
            19781.25,
            18546.875,
            18479.125,
            18765.625,
            18494.75,
            19156.25,
            19708.25,
            19520.75,
            18661.375,
            19671.875,
            18645.75
          ],
          "max_abs": 1.6833129641880754e-12,
          "output_sha256": "e4f160ea7b32557055060e1b4abd8a5fb2760f64bcb4e3c01c088b77957dfa3a"
        },
        {
          "rows": 1,
          "cols": 32,
          "depth": 1,
          "valid": true,
          "elapsed_ns": [
            1890.625,
            1869.875,
            1854.125,
            1838.5,
            1849.0,
            1849.0,
            1828.125,
            1848.875,
            1843.75,
            1843.75,
            1817.75,
            1817.75,
            1833.375,
            1838.5,
            1822.875
          ],
          "max_abs": 5.519016624440376e-08,
          "output_sha256": "7be562a3cb59a8e7cb2c2f80908b4a810dc5003237f6fea69ca630a6204ebb4e"
        },
        {
          "rows": 1,
          "cols": 32,
          "depth": 4,
          "valid": true,
          "elapsed_ns": [
            5494.75,
            5416.75,
            5411.375,
            5442.75,
            5411.5,
            5463.625,
            5453.125,
            5421.875,
            5421.875,
            5484.375,
            5416.625,
            5432.25,
            5416.75,
            5453.125,
            5807.375
          ],
          "max_abs": 6.896314362343607e-09,
          "output_sha256": "c20a604b58a21b60a37a92326b768cebc3d8b736a12f24ba2b394850d0a8e9f9"
        },
        {
          "rows": 1,
          "cols": 32,
          "depth": 16,
          "valid": true,
          "elapsed_ns": [
            20437.5,
            19645.75,
            19380.25,
            19385.375,
            19390.625,
            19265.625,
            19198.0,
            19239.5,
            19260.375,
            19427.125,
            19390.625,
            19453.125,
            19687.5,
            19932.25,
            19364.625
          ],
          "max_abs": 1.6833129641880754e-12,
          "output_sha256": "06c7a0c1cc3bc0de9ae7d67394935a2db03d2726f998dc2ba27d4ffd9a48fc4f"
        },
        {
          "rows": 1,
          "cols": 64,
          "depth": 1,
          "valid": true,
          "elapsed_ns": [
            1989.625,
            1916.625,
            1921.875,
            1921.875,
            1911.5,
            1901.125,
            1864.5,
            1895.75,
            1854.125,
            1901.0,
            1895.75,
            1906.25,
            1890.625,
            1890.625,
            1880.25
          ],
          "max_abs": 5.519016624440376e-08,
          "output_sha256": "587429fa31f9dd14bfd3f63a456eb9ad7a0f2574801d6de5dcd751d0d6e9d70f"
        },
        {
          "rows": 1,
          "cols": 64,
          "depth": 4,
          "valid": true,
          "elapsed_ns": [
            5750.0,
            5760.5,
            5744.75,
            5703.125,
            5760.375,
            5755.25,
            5645.75,
            5692.625,
            5682.25,
            5750.0,
            5744.875,
            5708.375,
            5755.25,
            5739.625,
            5734.375
          ],
          "max_abs": 6.896314362343607e-09,
          "output_sha256": "63bcb6ba6ca8686a2f7b73e09a9a5b6f8d58ebdf171f039f958aa2ecd8a4f898"
        },
        {
          "rows": 1,
          "cols": 64,
          "depth": 16,
          "valid": true,
          "elapsed_ns": [
            20359.375,
            20307.25,
            20296.875,
            20286.5,
            20192.75,
            20276.125,
            20224.0,
            20265.625,
            20296.875,
            20161.5,
            20145.875,
            20161.5,
            20088.5,
            20161.5,
            20192.75
          ],
          "max_abs": 1.6833129641880754e-12,
          "output_sha256": "3212961c43b94211a966ad378a95f4141cdb9f31647d3c746a2abf6de9b8d2a4"
        },
        {
          "rows": 8,
          "cols": 3072,
          "depth": 1,
          "valid": true,
          "elapsed_ns": [
            34385.375,
            32973.875,
            32854.125,
            32885.5,
            32796.875,
            32713.625,
            55005.25,
            47166.625,
            33145.875,
            33109.375,
            36500.0,
            34916.75,
            33307.25,
            32703.125,
            37588.5
          ],
          "max_abs": 2.06243726541544e-07,
          "output_sha256": "048d6f60acfb2e660c0b8e1ef33213f1f87eaf4b36140eefcf7a8ee442048fba"
        },
        {
          "rows": 8,
          "cols": 3072,
          "depth": 4,
          "valid": true,
          "elapsed_ns": [
            128718.75,
            136484.375,
            132869.875,
            134442.75,
            148145.875,
            128489.625,
            143994.875,
            161354.125,
            129698.0,
            129848.875,
            128307.375,
            144843.75,
            127468.75,
            128161.375,
            127270.75
          ],
          "max_abs": 6.225170108287159e-07,
          "output_sha256": "c8c66f9eb70bcf500740c3e7201e5249e2f2f4f2a4937900ea798ed338ddcb37"
        },
        {
          "rows": 8,
          "cols": 3072,
          "depth": 16,
          "valid": true,
          "elapsed_ns": [
            542968.75,
            595328.125,
            525651.125,
            505885.375,
            519546.875,
            506494.875,
            553390.625,
            509968.75,
            544859.375,
            510984.375,
            534005.25,
            514062.5,
            532843.75,
            592807.25,
            549640.625
          ],
          "max_abs": 1.2162113072200498e-06,
          "output_sha256": "dcde3c9e7fd9544846252ef57a5b0db16f9355c9c621d18a24dfbb903188fffd"
        },
        {
          "rows": 32,
          "cols": 3072,
          "depth": 1,
          "valid": true,
          "elapsed_ns": [
            96968.75,
            90015.625,
            114020.75,
            132760.5,
            109849.0,
            85224.0,
            85453.125,
            84458.375,
            83666.625,
            106130.125,
            83734.375,
            83666.75,
            84750.0,
            85984.375,
            83671.875
          ],
          "max_abs": 2.06243726541544e-07,
          "output_sha256": "8529b0c99c0c216664ab84f09008f3512074ee97285f22475c945d72542aea2d"
        },
        {
          "rows": 32,
          "cols": 3072,
          "depth": 4,
          "valid": true,
          "elapsed_ns": [
            380208.25,
            337323.0,
            330994.75,
            367546.875,
            377416.625,
            408562.5,
            355104.125,
            332281.25,
            332229.125,
            349687.5,
            337734.375,
            369364.625,
            353307.25,
            333687.5,
            364104.25
          ],
          "max_abs": 6.225170108287159e-07,
          "output_sha256": "610cb6ddf7fc8f10c9138acf56e4e6a5aea7b8bfc8aa2e714a466ea58d925420"
        },
        {
          "rows": 32,
          "cols": 3072,
          "depth": 16,
          "valid": true,
          "elapsed_ns": [
            1390380.125,
            1483734.375,
            1417458.375,
            1434687.5,
            1473468.75,
            1378958.25,
            1469718.75,
            1398369.875,
            1475406.25,
            1376255.125,
            1398302.125,
            1377697.875,
            1395218.75,
            1490401.125,
            1479187.5
          ],
          "max_abs": 1.2162113072200498e-06,
          "output_sha256": "07af6e26ad165dfc42391dafeb9f6b3a1cdedcee73e7012d6b46422670896aaa"
        },
        {
          "rows": 64,
          "cols": 1024,
          "depth": 1,
          "valid": true,
          "elapsed_ns": [
            64026.125,
            61750.0,
            80682.25,
            60885.375,
            60770.75,
            61317.75,
            63817.625,
            63744.875,
            90921.875,
            94526.125,
            86687.5,
            61901.125,
            61901.125,
            61843.75,
            61244.75
          ],
          "max_abs": 2.06243726541544e-07,
          "output_sha256": "c9c5e7c0074e0151fc0fc0c4f566cc626bb7d47159ab9e983c69fca9b8808655"
        },
        {
          "rows": 64,
          "cols": 1024,
          "depth": 4,
          "valid": true,
          "elapsed_ns": [
            241796.875,
            244265.625,
            240765.625,
            313489.625,
            247494.75,
            245171.875,
            240885.375,
            258135.375,
            265869.75,
            241614.5,
            295755.25,
            262411.5,
            259869.875,
            269927.125,
            280651.0
          ],
          "max_abs": 6.225170108287159e-07,
          "output_sha256": "19ac5173dd1f10091c584c6836a0a09ec017157930bc1f64c12fb10b66e99710"
        },
        {
          "rows": 64,
          "cols": 1024,
          "depth": 16,
          "valid": true,
          "elapsed_ns": [
            1021208.25,
            1018125.0,
            1032979.25,
            1032927.125,
            1017218.75,
            1068364.625,
            1051671.875,
            991531.25,
            984880.125,
            1049953.125,
            1078578.125,
            1150130.25,
            991744.75,
            981489.625,
            980098.875
          ],
          "max_abs": 1.2162113072200498e-06,
          "output_sha256": "6dbdf57b2461a563f37dbd223e982612e514ea39a9cf9023376054650ed0f103"
        },
        {
          "rows": 17,
          "cols": 195,
          "depth": 1,
          "valid": true,
          "elapsed_ns": [
            10677.0,
            10937.5,
            11510.375,
            11046.875,
            11052.0,
            10557.375,
            10562.5,
            10552.0,
            10557.375,
            10557.375,
            10557.375,
            10609.375,
            10572.875,
            10552.125,
            10567.625
          ],
          "max_abs": 2.06243726541544e-07,
          "output_sha256": "6ba4c61d4f10fbb58669503d5473a672d6610cc837380dcea211d4a5928dba85"
        },
        {
          "rows": 17,
          "cols": 195,
          "depth": 4,
          "valid": true,
          "elapsed_ns": [
            40390.625,
            40364.625,
            40255.25,
            40296.875,
            40286.5,
            40276.125,
            41026.0,
            40224.0,
            40276.0,
            40317.75,
            40682.25,
            47520.875,
            40958.375,
            40442.75,
            42213.625
          ],
          "max_abs": 6.225170108287159e-07,
          "output_sha256": "5c0b38fa96d169c544d54c3fac4ccd540d3df7b99922dabca748af705bb199d2"
        },
        {
          "rows": 17,
          "cols": 195,
          "depth": 16,
          "valid": true,
          "elapsed_ns": [
            162546.875,
            160515.625,
            160458.25,
            172645.875,
            163031.25,
            172291.625,
            159031.25,
            160234.375,
            158463.5,
            158437.5,
            169338.5,
            171531.25,
            162546.875,
            160744.75,
            159859.375
          ],
          "max_abs": 1.2162113072200498e-06,
          "output_sha256": "bcd1782e4af8546a3f5b79e74330f330dcc8b3847646c4202a55cda8f4df1fc7"
        },
        {
          "rows": 65,
          "cols": 97,
          "depth": 1,
          "valid": true,
          "elapsed_ns": [
            21187.5,
            19791.75,
            18760.375,
            18781.25,
            20671.875,
            20625.0,
            18750.0,
            19224.0,
            19724.0,
            18786.375,
            18776.125,
            18770.875,
            18744.75,
            18765.625,
            18739.625
          ],
          "max_abs": 2.06243726541544e-07,
          "output_sha256": "9b5ff1503b94a343ac1c35be4c541edfb42fb12edb6cf3f2d9cecb5adaab8723"
        },
        {
          "rows": 65,
          "cols": 97,
          "depth": 4,
          "valid": true,
          "elapsed_ns": [
            75005.25,
            74140.625,
            74005.125,
            72984.375,
            79067.75,
            73395.875,
            73302.125,
            73000.0,
            74656.25,
            72963.5,
            72948.0,
            72958.25,
            73046.875,
            73000.0,
            74697.875
          ],
          "max_abs": 6.225170108287159e-07,
          "output_sha256": "76a4a338bbe20465389e19324da935842f5555b9bbf09968762456e780072629"
        },
        {
          "rows": 65,
          "cols": 97,
          "depth": 16,
          "valid": true,
          "elapsed_ns": [
            303302.0,
            291015.625,
            291796.875,
            295890.625,
            297578.125,
            294489.625,
            294307.25,
            290937.5,
            292390.625,
            289885.5,
            290432.25,
            300692.75,
            291442.75,
            289776.125,
            301489.5
          ],
          "max_abs": 1.2162113072200498e-06,
          "output_sha256": "b83c662591102129af7a3644d3aa616c4b290809f2bec2a284bafae423731611"
        }
      ]
    },
    {
      "round": "a",
      "cases": [
        {
          "rows": 1,
          "cols": 1,
          "depth": 1,
          "valid": true,
          "elapsed_ns": [
            1765.625,
            1698.0,
            1724.0,
            1703.125,
            1692.75,
            1718.75,
            1671.875,
            1682.25,
            1677.0,
            1692.75,
            1677.125,
            1666.625,
            1687.5,
            1703.125,
            1687.5
          ],
          "max_abs": 3.167664686110072e-08,
          "output_sha256": "b69138c41ffe98a25043a16a970d8b1ab08dd84d4efa63a27923aae24983e265"
        },
        {
          "rows": 1,
          "cols": 1,
          "depth": 4,
          "valid": true,
          "elapsed_ns": [
            5156.25,
            5067.75,
            5010.375,
            4989.625,
            4958.375,
            5072.875,
            5010.375,
            4994.75,
            5005.125,
            5020.875,
            5000.0,
            5125.0,
            5239.625,
            4989.625,
            5369.75
          ],
          "max_abs": 3.958758246864349e-09,
          "output_sha256": "360765f8ca682c2984f63e1ed8eefb8e634087ec3706f62a375cb411028aa3a0"
        },
        {
          "rows": 1,
          "cols": 1,
          "depth": 16,
          "valid": true,
          "elapsed_ns": [
            17739.625,
            17671.875,
            17562.5,
            17572.875,
            17614.5,
            19567.75,
            17864.625,
            18651.0,
            17875.0,
            17635.375,
            17567.75,
            17713.5,
            17593.75,
            17619.75,
            17640.625
          ],
          "max_abs": 9.664451223632065e-13,
          "output_sha256": "ed672289d1c885c2f6aa3444597b55bc449749e8bda6b29a8efe0948c220520a"
        },
        {
          "rows": 1,
          "cols": 8,
          "depth": 1,
          "valid": true,
          "elapsed_ns": [
            1776.0,
            1755.25,
            1724.0,
            1718.75,
            1724.0,
            1750.0,
            1713.625,
            1734.375,
            1755.125,
            1744.875,
            1739.625,
            1729.125,
            1750.0,
            1708.25,
            1729.125
          ],
          "max_abs": 5.519016624440376e-08,
          "output_sha256": "4d6113fb2a6de6ba8553d4903184c202252c3094548ea609b57b7e9b818d6ea6"
        },
        {
          "rows": 1,
          "cols": 8,
          "depth": 4,
          "valid": true,
          "elapsed_ns": [
            5099.0,
            5020.75,
            4963.5,
            4963.625,
            5005.25,
            4963.5,
            4994.875,
            4937.5,
            4906.25,
            4979.25,
            4932.25,
            4932.375,
            4953.125,
            4979.125,
            4968.75
          ],
          "max_abs": 6.896314362343607e-09,
          "output_sha256": "b911fa003ef5c6fa12fd85acbab2445769980e31913140e9181c4217ede1aac1"
        },
        {
          "rows": 1,
          "cols": 8,
          "depth": 16,
          "valid": true,
          "elapsed_ns": [
            18078.125,
            18104.125,
            18083.375,
            17989.625,
            18015.625,
            18515.625,
            18849.0,
            18614.5,
            19671.875,
            19619.875,
            18458.375,
            27458.25,
            25651.0,
            21260.5,
            20302.0
          ],
          "max_abs": 1.6833129641880754e-12,
          "output_sha256": "e4f160ea7b32557055060e1b4abd8a5fb2760f64bcb4e3c01c088b77957dfa3a"
        },
        {
          "rows": 1,
          "cols": 32,
          "depth": 1,
          "valid": true,
          "elapsed_ns": [
            2099.0,
            2000.0,
            1963.625,
            1963.625,
            1984.375,
            1979.125,
            1953.125,
            1989.625,
            1963.625,
            1968.75,
            1963.5,
            1963.625,
            1921.875,
            1947.875,
            1958.375
          ],
          "max_abs": 5.519016624440376e-08,
          "output_sha256": "7be562a3cb59a8e7cb2c2f80908b4a810dc5003237f6fea69ca630a6204ebb4e"
        },
        {
          "rows": 1,
          "cols": 32,
          "depth": 4,
          "valid": true,
          "elapsed_ns": [
            5880.25,
            5729.125,
            5619.75,
            5625.0,
            6442.625,
            5974.0,
            5573.0,
            5713.5,
            5698.0,
            6020.875,
            6083.375,
            5625.0,
            5698.0,
            5942.625,
            5724.0
          ],
          "max_abs": 6.896314362343607e-09,
          "output_sha256": "c20a604b58a21b60a37a92326b768cebc3d8b736a12f24ba2b394850d0a8e9f9"
        },
        {
          "rows": 1,
          "cols": 32,
          "depth": 16,
          "valid": true,
          "elapsed_ns": [
            21302.125,
            21088.5,
            21901.125,
            21109.375,
            21088.5,
            21109.375,
            20994.875,
            21067.625,
            21375.0,
            21177.125,
            24052.125,
            21880.25,
            21697.875,
            22114.5,
            20833.375
          ],
          "max_abs": 1.6833129641880754e-12,
          "output_sha256": "06c7a0c1cc3bc0de9ae7d67394935a2db03d2726f998dc2ba27d4ffd9a48fc4f"
        },
        {
          "rows": 1,
          "cols": 64,
          "depth": 1,
          "valid": true,
          "elapsed_ns": [
            2005.125,
            1974.0,
            1974.0,
            1974.0,
            1937.5,
            1948.0,
            1958.25,
            1989.625,
            1953.125,
            1953.125,
            1994.75,
            1942.75,
            1947.875,
            1968.75,
            1953.125
          ],
          "max_abs": 5.519016624440376e-08,
          "output_sha256": "587429fa31f9dd14bfd3f63a456eb9ad7a0f2574801d6de5dcd751d0d6e9d70f"
        },
        {
          "rows": 1,
          "cols": 64,
          "depth": 4,
          "valid": true,
          "elapsed_ns": [
            5984.375,
            5968.75,
            5911.5,
            5895.875,
            5901.0,
            5895.875,
            5901.0,
            5890.625,
            5906.25,
            5875.0,
            5901.125,
            5885.375,
            5864.5,
            5875.0,
            5890.625
          ],
          "max_abs": 6.896314362343607e-09,
          "output_sha256": "63bcb6ba6ca8686a2f7b73e09a9a5b6f8d58ebdf171f039f958aa2ecd8a4f898"
        },
        {
          "rows": 1,
          "cols": 64,
          "depth": 16,
          "valid": true,
          "elapsed_ns": [
            20557.375,
            20463.5,
            20437.5,
            20406.25,
            20411.375,
            20453.125,
            20411.375,
            20364.625,
            20375.0,
            20322.875,
            20359.375,
            21421.875,
            24869.875,
            21098.875,
            22276.0
          ],
          "max_abs": 1.6833129641880754e-12,
          "output_sha256": "3212961c43b94211a966ad378a95f4141cdb9f31647d3c746a2abf6de9b8d2a4"
        },
        {
          "rows": 8,
          "cols": 3072,
          "depth": 1,
          "valid": true,
          "elapsed_ns": [
            33015.625,
            32479.125,
            32270.875,
            32364.625,
            41718.75,
            41864.5,
            33000.0,
            32625.0,
            32583.375,
            32177.125,
            50937.5,
            32244.75,
            32177.0,
            32260.5,
            32125.0
          ],
          "max_abs": 2.06243726541544e-07,
          "output_sha256": "048d6f60acfb2e660c0b8e1ef33213f1f87eaf4b36140eefcf7a8ee442048fba"
        },
        {
          "rows": 8,
          "cols": 3072,
          "depth": 4,
          "valid": true,
          "elapsed_ns": [
            128666.625,
            151546.875,
            137213.5,
            143854.125,
            127786.375,
            127281.25,
            128869.875,
            126823.0,
            127911.5,
            140786.375,
            147734.375,
            131864.625,
            127015.625,
            129260.375,
            129505.125
          ],
          "max_abs": 6.225170108287159e-07,
          "output_sha256": "c8c66f9eb70bcf500740c3e7201e5249e2f2f4f2a4937900ea798ed338ddcb37"
        },
        {
          "rows": 8,
          "cols": 3072,
          "depth": 16,
          "valid": true,
          "elapsed_ns": [
            515640.625,
            521968.75,
            529796.875,
            589479.125,
            524614.625,
            506401.0,
            550880.125,
            508364.625,
            539843.75,
            509843.75,
            539843.75,
            599255.25,
            527057.25,
            547119.75,
            528000.0
          ],
          "max_abs": 1.2162113072200498e-06,
          "output_sha256": "dcde3c9e7fd9544846252ef57a5b0db16f9355c9c621d18a24dfbb903188fffd"
        },
        {
          "rows": 32,
          "cols": 3072,
          "depth": 1,
          "valid": true,
          "elapsed_ns": [
            88020.875,
            84125.0,
            86890.625,
            89578.125,
            130359.375,
            120385.5,
            84932.375,
            85187.5,
            109901.0,
            85354.25,
            83474.0,
            83229.125,
            85255.125,
            83640.625,
            83864.5
          ],
          "max_abs": 2.06243726541544e-07,
          "output_sha256": "8529b0c99c0c216664ab84f09008f3512074ee97285f22475c945d72542aea2d"
        },
        {
          "rows": 32,
          "cols": 3072,
          "depth": 4,
          "valid": true,
          "elapsed_ns": [
            360281.25,
            341109.375,
            359598.875,
            369072.875,
            335369.875,
            331182.375,
            392479.25,
            332968.75,
            330963.5,
            368838.5,
            335416.75,
            330875.0,
            369119.875,
            342151.125,
            330895.875
          ],
          "max_abs": 6.225170108287159e-07,
          "output_sha256": "610cb6ddf7fc8f10c9138acf56e4e6a5aea7b8bfc8aa2e714a466ea58d925420"
        },
        {
          "rows": 32,
          "cols": 3072,
          "depth": 16,
          "valid": true,
          "elapsed_ns": [
            1548468.75,
            1537526.0,
            1698218.75,
            1429593.75,
            1560458.375,
            1532796.875,
            1492645.875,
            1464697.875,
            1666135.375,
            1557671.875,
            1415239.625,
            1652213.625,
            1641432.25,
            1451515.625,
            1501416.625
          ],
          "max_abs": 1.2162113072200498e-06,
          "output_sha256": "07af6e26ad165dfc42391dafeb9f6b3a1cdedcee73e7012d6b46422670896aaa"
        },
        {
          "rows": 64,
          "cols": 1024,
          "depth": 1,
          "valid": true,
          "elapsed_ns": [
            61229.125,
            80890.625,
            91937.5,
            69328.125,
            61244.75,
            77875.0,
            65291.75,
            61135.5,
            66411.375,
            61031.25,
            67468.75,
            81541.625,
            92421.875,
            94442.75,
            88562.5
          ],
          "max_abs": 2.06243726541544e-07,
          "output_sha256": "c9c5e7c0074e0151fc0fc0c4f566cc626bb7d47159ab9e983c69fca9b8808655"
        },
        {
          "rows": 64,
          "cols": 1024,
          "depth": 4,
          "valid": true,
          "elapsed_ns": [
            269557.25,
            283520.875,
            264239.625,
            275213.5,
            268578.125,
            313687.5,
            332708.375,
            253224.0,
            248406.25,
            240296.875,
            324437.5,
            269640.625,
            247073.0,
            240432.375,
            311140.625
          ],
          "max_abs": 6.225170108287159e-07,
          "output_sha256": "19ac5173dd1f10091c584c6836a0a09ec017157930bc1f64c12fb10b66e99710"
        },
        {
          "rows": 64,
          "cols": 1024,
          "depth": 16,
          "valid": true,
          "elapsed_ns": [
            1125442.75,
            1020880.25,
            1101869.875,
            1078151.0,
            1144276.0,
            1165182.25,
            1106625.0,
            1058489.5,
            1043416.625,
            1204099.0,
            1000744.875,
            1064604.125,
            1117083.375,
            1186661.375,
            965708.375
          ],
          "max_abs": 1.2162113072200498e-06,
          "output_sha256": "6dbdf57b2461a563f37dbd223e982612e514ea39a9cf9023376054650ed0f103"
        },
        {
          "rows": 17,
          "cols": 195,
          "depth": 1,
          "valid": true,
          "elapsed_ns": [
            11088.625,
            10671.875,
            10635.375,
            10635.375,
            10619.75,
            10911.375,
            10614.625,
            12541.625,
            11385.5,
            10921.875,
            10656.25,
            10625.0,
            10599.0,
            11036.375,
            11895.875
          ],
          "max_abs": 2.06243726541544e-07,
          "output_sha256": "6ba4c61d4f10fbb58669503d5473a672d6610cc837380dcea211d4a5928dba85"
        },
        {
          "rows": 17,
          "cols": 195,
          "depth": 4,
          "valid": true,
          "elapsed_ns": [
            41197.875,
            40411.5,
            42645.875,
            42187.5,
            41604.125,
            40401.0,
            40760.375,
            41921.875,
            52015.625,
            43416.625,
            41442.75,
            41072.875,
            41833.375,
            41104.125,
            41177.125
          ],
          "max_abs": 6.225170108287159e-07,
          "output_sha256": "5c0b38fa96d169c544d54c3fac4ccd540d3df7b99922dabca748af705bb199d2"
        },
        {
          "rows": 17,
          "cols": 195,
          "depth": 16,
          "valid": true,
          "elapsed_ns": [
            159500.0,
            159432.375,
            159843.75,
            168927.125,
            173817.75,
            160645.875,
            168406.25,
            164130.25,
            166140.625,
            177364.5,
            160302.0,
            161046.875,
            162302.125,
            159651.0,
            160546.875
          ],
          "max_abs": 1.2162113072200498e-06,
          "output_sha256": "bcd1782e4af8546a3f5b79e74330f330dcc8b3847646c4202a55cda8f4df1fc7"
        },
        {
          "rows": 65,
          "cols": 97,
          "depth": 1,
          "valid": true,
          "elapsed_ns": [
            23177.0,
            20458.375,
            18948.0,
            19000.0,
            18974.0,
            19010.5,
            19031.25,
            19281.25,
            18953.125,
            18953.125,
            18979.125,
            19458.375,
            18984.375,
            19734.375,
            19541.625
          ],
          "max_abs": 2.06243726541544e-07,
          "output_sha256": "9b5ff1503b94a343ac1c35be4c541edfb42fb12edb6cf3f2d9cecb5adaab8723"
        },
        {
          "rows": 65,
          "cols": 97,
          "depth": 4,
          "valid": true,
          "elapsed_ns": [
            76890.625,
            83890.625,
            72718.75,
            72948.0,
            73296.875,
            75812.5,
            73088.5,
            72588.5,
            72588.625,
            72625.0,
            73026.125,
            73661.375,
            80604.125,
            76349.0,
            76448.0
          ],
          "max_abs": 6.225170108287159e-07,
          "output_sha256": "76a4a338bbe20465389e19324da935842f5555b9bbf09968762456e780072629"
        },
        {
          "rows": 65,
          "cols": 97,
          "depth": 16,
          "valid": true,
          "elapsed_ns": [
            297755.25,
            290567.75,
            298776.125,
            308453.125,
            293479.25,
            291161.375,
            305718.75,
            298255.25,
            291698.0,
            290604.25,
            305979.125,
            293453.125,
            301203.125,
            296291.625,
            301729.125
          ],
          "max_abs": 1.2162113072200498e-06,
          "output_sha256": "b83c662591102129af7a3644d3aa616c4b290809f2bec2a284bafae423731611"
        }
      ]
    },
    {
      "round": "b",
      "cases": [
        {
          "rows": 1,
          "cols": 1,
          "depth": 1,
          "valid": true,
          "elapsed_ns": [
            1786.5,
            1760.375,
            2166.625,
            1755.125,
            1734.375,
            1724.0,
            1724.0,
            1718.75,
            1729.125,
            1724.0,
            1718.75,
            1713.625,
            1755.25,
            1697.875,
            1724.0
          ],
          "max_abs": 3.167664686110072e-08,
          "output_sha256": "b69138c41ffe98a25043a16a970d8b1ab08dd84d4efa63a27923aae24983e265"
        },
        {
          "rows": 1,
          "cols": 1,
          "depth": 4,
          "valid": true,
          "elapsed_ns": [
            4989.625,
            4979.125,
            4958.375,
            4916.625,
            4937.5,
            4921.875,
            4942.75,
            4911.375,
            4916.625,
            4911.5,
            4911.5,
            4921.875,
            4937.5,
            4901.125,
            4953.125
          ],
          "max_abs": 3.958758246864349e-09,
          "output_sha256": "360765f8ca682c2984f63e1ed8eefb8e634087ec3706f62a375cb411028aa3a0"
        },
        {
          "rows": 1,
          "cols": 1,
          "depth": 16,
          "valid": true,
          "elapsed_ns": [
            17161.5,
            17135.375,
            17130.125,
            17192.625,
            17125.0,
            17182.25,
            17151.125,
            17088.5,
            17145.875,
            17156.25,
            17099.0,
            17135.375,
            17015.625,
            17114.625,
            17140.625
          ],
          "max_abs": 9.664451223632065e-13,
          "output_sha256": "ed672289d1c885c2f6aa3444597b55bc449749e8bda6b29a8efe0948c220520a"
        },
        {
          "rows": 1,
          "cols": 8,
          "depth": 1,
          "valid": true,
          "elapsed_ns": [
            1744.75,
            1713.625,
            1687.5,
            1718.75,
            1724.0,
            1692.75,
            1708.375,
            1708.375,
            1708.25,
            1734.375,
            1718.75,
            1713.5,
            1708.375,
            1713.625,
            1713.5
          ],
          "max_abs": 5.519016624440376e-08,
          "output_sha256": "4d6113fb2a6de6ba8553d4903184c202252c3094548ea609b57b7e9b818d6ea6"
        },
        {
          "rows": 1,
          "cols": 8,
          "depth": 4,
          "valid": true,
          "elapsed_ns": [
            5073.0,
            4984.375,
            5031.25,
            4973.875,
            4968.75,
            4974.0,
            5286.5,
            5349.0,
            5072.875,
            5083.375,
            5041.625,
            5041.625,
            5026.125,
            5114.5,
            5515.625
          ],
          "max_abs": 6.896314362343607e-09,
          "output_sha256": "b911fa003ef5c6fa12fd85acbab2445769980e31913140e9181c4217ede1aac1"
        },
        {
          "rows": 1,
          "cols": 8,
          "depth": 16,
          "valid": true,
          "elapsed_ns": [
            22510.375,
            20130.25,
            29979.125,
            18296.875,
            18198.0,
            18593.75,
            18718.75,
            19156.25,
            19385.5,
            18177.0,
            18859.375,
            18223.875,
            18171.875,
            18083.375,
            18083.25
          ],
          "max_abs": 1.6833129641880754e-12,
          "output_sha256": "e4f160ea7b32557055060e1b4abd8a5fb2760f64bcb4e3c01c088b77957dfa3a"
        },
        {
          "rows": 1,
          "cols": 32,
          "depth": 1,
          "valid": true,
          "elapsed_ns": [
            1895.75,
            1796.875,
            1817.75,
            1812.5,
            1817.625,
            1802.125,
            1802.125,
            1802.125,
            1807.25,
            1807.25,
            1807.25,
            1838.5,
            1791.625,
            1802.125,
            1791.75
          ],
          "max_abs": 5.519016624440376e-08,
          "output_sha256": "7be562a3cb59a8e7cb2c2f80908b4a810dc5003237f6fea69ca630a6204ebb4e"
        },
        {
          "rows": 1,
          "cols": 32,
          "depth": 4,
          "valid": true,
          "elapsed_ns": [
            5921.875,
            5395.875,
            5369.75,
            5359.375,
            5343.75,
            5343.75,
            6104.125,
            5359.375,
            5630.25,
            5520.75,
            6010.375,
            5349.0,
            5333.25,
            5322.875,
            5354.25
          ],
          "max_abs": 6.896314362343607e-09,
          "output_sha256": "c20a604b58a21b60a37a92326b768cebc3d8b736a12f24ba2b394850d0a8e9f9"
        },
        {
          "rows": 1,
          "cols": 32,
          "depth": 16,
          "valid": true,
          "elapsed_ns": [
            20281.25,
            18994.875,
            18963.5,
            19010.375,
            18994.75,
            19015.625,
            18916.625,
            19020.875,
            18974.0,
            19078.125,
            19104.25,
            19088.5,
            19031.25,
            18968.75,
            18953.125
          ],
          "max_abs": 1.6833129641880754e-12,
          "output_sha256": "06c7a0c1cc3bc0de9ae7d67394935a2db03d2726f998dc2ba27d4ffd9a48fc4f"
        },
        {
          "rows": 1,
          "cols": 64,
          "depth": 1,
          "valid": true,
          "elapsed_ns": [
            1937.5,
            1880.25,
            1880.25,
            1895.875,
            1890.625,
            1895.875,
            1890.625,
            1890.625,
            1864.625,
            1890.625,
            1895.875,
            1875.0,
            1869.875,
            1880.25,
            1854.125
          ],
          "max_abs": 5.519016624440376e-08,
          "output_sha256": "587429fa31f9dd14bfd3f63a456eb9ad7a0f2574801d6de5dcd751d0d6e9d70f"
        },
        {
          "rows": 1,
          "cols": 64,
          "depth": 4,
          "valid": true,
          "elapsed_ns": [
            5651.125,
            5609.375,
            5578.125,
            5546.875,
            5567.75,
            5604.125,
            5583.375,
            5572.875,
            5546.875,
            5588.5,
            5578.125,
            5593.75,
            5573.0,
            5562.5,
            5583.375
          ],
          "max_abs": 6.896314362343607e-09,
          "output_sha256": "63bcb6ba6ca8686a2f7b73e09a9a5b6f8d58ebdf171f039f958aa2ecd8a4f898"
        },
        {
          "rows": 1,
          "cols": 64,
          "depth": 16,
          "valid": true,
          "elapsed_ns": [
            20406.25,
            20416.625,
            20453.125,
            20375.0,
            20380.125,
            20421.875,
            20708.375,
            21817.75,
            22828.125,
            23140.625,
            21911.375,
            20833.375,
            20812.5,
            21947.875,
            23328.125
          ],
          "max_abs": 1.6833129641880754e-12,
          "output_sha256": "3212961c43b94211a966ad378a95f4141cdb9f31647d3c746a2abf6de9b8d2a4"
        },
        {
          "rows": 8,
          "cols": 3072,
          "depth": 1,
          "valid": true,
          "elapsed_ns": [
            33130.25,
            32682.25,
            33750.0,
            56270.75,
            49198.0,
            32849.0,
            32744.75,
            37640.625,
            33442.75,
            32958.25,
            33416.75,
            39864.625,
            32046.875,
            43635.375,
            46281.25
          ],
          "max_abs": 2.06243726541544e-07,
          "output_sha256": "048d6f60acfb2e660c0b8e1ef33213f1f87eaf4b36140eefcf7a8ee442048fba"
        },
        {
          "rows": 8,
          "cols": 3072,
          "depth": 4,
          "valid": true,
          "elapsed_ns": [
            156947.875,
            167072.875,
            129630.125,
            134505.25,
            127182.375,
            127453.125,
            127255.25,
            142895.875,
            176458.375,
            145421.875,
            132687.5,
            167489.625,
            182062.5,
            145744.75,
            169411.375
          ],
          "max_abs": 6.225170108287159e-07,
          "output_sha256": "c8c66f9eb70bcf500740c3e7201e5249e2f2f4f2a4937900ea798ed338ddcb37"
        },
        {
          "rows": 8,
          "cols": 3072,
          "depth": 16,
          "valid": true,
          "elapsed_ns": [
            506161.375,
            580739.625,
            513724.0,
            564880.25,
            593203.125,
            548994.875,
            607947.875,
            593416.625,
            587505.125,
            612494.75,
            539942.75,
            609093.75,
            537609.375,
            582911.5,
            531729.125
          ],
          "max_abs": 1.2162113072200498e-06,
          "output_sha256": "dcde3c9e7fd9544846252ef57a5b0db16f9355c9c621d18a24dfbb903188fffd"
        },
        {
          "rows": 32,
          "cols": 3072,
          "depth": 1,
          "valid": true,
          "elapsed_ns": [
            88453.125,
            112692.75,
            132198.0,
            122083.25,
            83755.125,
            115828.125,
            89515.625,
            86333.375,
            83875.0,
            90161.375,
            84546.875,
            86989.5,
            130765.625,
            130875.0,
            105994.75
          ],
          "max_abs": 2.06243726541544e-07,
          "output_sha256": "8529b0c99c0c216664ab84f09008f3512074ee97285f22475c945d72542aea2d"
        },
        {
          "rows": 32,
          "cols": 3072,
          "depth": 4,
          "valid": true,
          "elapsed_ns": [
            364432.25,
            331187.5,
            422531.25,
            344114.5,
            330828.125,
            421968.75,
            389567.75,
            366890.625,
            374291.625,
            441776.125,
            365427.125,
            371354.125,
            331328.125,
            400067.625,
            397286.5
          ],
          "max_abs": 6.225170108287159e-07,
          "output_sha256": "610cb6ddf7fc8f10c9138acf56e4e6a5aea7b8bfc8aa2e714a466ea58d925420"
        },
        {
          "rows": 32,
          "cols": 3072,
          "depth": 16,
          "valid": true,
          "elapsed_ns": [
            1475578.125,
            1447885.375,
            1835005.25,
            1502724.0,
            1416723.875,
            1399239.5,
            1474927.125,
            1405109.375,
            1399093.75,
            1453067.625,
            1403421.875,
            1442666.625,
            1397630.125,
            1382265.625,
            1499880.25
          ],
          "max_abs": 1.2162113072200498e-06,
          "output_sha256": "07af6e26ad165dfc42391dafeb9f6b3a1cdedcee73e7012d6b46422670896aaa"
        },
        {
          "rows": 64,
          "cols": 1024,
          "depth": 1,
          "valid": true,
          "elapsed_ns": [
            64953.125,
            61354.25,
            60885.375,
            61588.5,
            60901.125,
            60723.875,
            60724.0,
            60718.75,
            60885.5,
            60739.625,
            60755.125,
            60755.25,
            71932.375,
            60781.25,
            61250.0
          ],
          "max_abs": 2.06243726541544e-07,
          "output_sha256": "c9c5e7c0074e0151fc0fc0c4f566cc626bb7d47159ab9e983c69fca9b8808655"
        },
        {
          "rows": 64,
          "cols": 1024,
          "depth": 4,
          "valid": true,
          "elapsed_ns": [
            255671.875,
            258718.75,
            269416.625,
            264078.125,
            287666.625,
            297718.75,
            243197.875,
            261036.5,
            240916.75,
            240854.125,
            243375.0,
            262510.5,
            241979.25,
            240468.75,
            258224.0
          ],
          "max_abs": 6.225170108287159e-07,
          "output_sha256": "19ac5173dd1f10091c584c6836a0a09ec017157930bc1f64c12fb10b66e99710"
        },
        {
          "rows": 64,
          "cols": 1024,
          "depth": 16,
          "valid": true,
          "elapsed_ns": [
            982484.375,
            1063776.125,
            1049109.375,
            1000807.25,
            1070109.375,
            979302.125,
            1022192.75,
            992854.125,
            1014666.625,
            1015364.625,
            1002317.75,
            1089770.875,
            994036.375,
            1027458.375,
            1011599.0
          ],
          "max_abs": 1.2162113072200498e-06,
          "output_sha256": "6dbdf57b2461a563f37dbd223e982612e514ea39a9cf9023376054650ed0f103"
        },
        {
          "rows": 17,
          "cols": 195,
          "depth": 1,
          "valid": true,
          "elapsed_ns": [
            19541.75,
            11229.125,
            10614.625,
            10635.5,
            11401.0,
            11635.375,
            11375.0,
            10598.875,
            10583.375,
            10604.125,
            10609.375,
            10583.375,
            11286.5,
            11692.75,
            10614.5
          ],
          "max_abs": 2.06243726541544e-07,
          "output_sha256": "6ba4c61d4f10fbb58669503d5473a672d6610cc837380dcea211d4a5928dba85"
        },
        {
          "rows": 17,
          "cols": 195,
          "depth": 4,
          "valid": true,
          "elapsed_ns": [
            41114.625,
            40588.5,
            40562.5,
            40588.625,
            40609.375,
            40625.0,
            40635.5,
            40578.125,
            40692.75,
            40625.0,
            40546.875,
            41718.75,
            41630.25,
            42859.375,
            41572.875
          ],
          "max_abs": 6.225170108287159e-07,
          "output_sha256": "5c0b38fa96d169c544d54c3fac4ccd540d3df7b99922dabca748af705bb199d2"
        },
        {
          "rows": 17,
          "cols": 195,
          "depth": 16,
          "valid": true,
          "elapsed_ns": [
            168421.875,
            160270.75,
            164020.875,
            167161.5,
            161640.625,
            160505.25,
            166958.375,
            159057.375,
            165640.625,
            159270.875,
            159349.0,
            160828.125,
            161192.75,
            167755.125,
            160062.5
          ],
          "max_abs": 1.2162113072200498e-06,
          "output_sha256": "bcd1782e4af8546a3f5b79e74330f330dcc8b3847646c4202a55cda8f4df1fc7"
        },
        {
          "rows": 65,
          "cols": 97,
          "depth": 1,
          "valid": true,
          "elapsed_ns": [
            18604.125,
            18562.5,
            18546.875,
            18515.625,
            18520.875,
            18531.25,
            18526.0,
            18531.25,
            18500.0,
            18510.5,
            18536.5,
            22015.625,
            21598.875,
            19276.0,
            19557.375
          ],
          "max_abs": 2.06243726541544e-07,
          "output_sha256": "9b5ff1503b94a343ac1c35be4c541edfb42fb12edb6cf3f2d9cecb5adaab8723"
        },
        {
          "rows": 65,
          "cols": 97,
          "depth": 4,
          "valid": true,
          "elapsed_ns": [
            72760.5,
            72718.75,
            72703.125,
            72692.75,
            74416.75,
            74437.5,
            73328.125,
            85974.0,
            73682.25,
            73359.375,
            73302.125,
            74786.375,
            75187.5,
            73286.375,
            74291.75
          ],
          "max_abs": 6.225170108287159e-07,
          "output_sha256": "76a4a338bbe20465389e19324da935842f5555b9bbf09968762456e780072629"
        },
        {
          "rows": 65,
          "cols": 97,
          "depth": 16,
          "valid": true,
          "elapsed_ns": [
            287682.375,
            300239.625,
            288625.0,
            288473.875,
            295802.125,
            319151.0,
            288973.875,
            289989.625,
            306255.25,
            292109.375,
            302708.375,
            291036.5,
            299817.75,
            296020.875,
            297291.75
          ],
          "max_abs": 1.2162113072200498e-06,
          "output_sha256": "b83c662591102129af7a3644d3aa616c4b290809f2bec2a284bafae423731611"
        }
      ]
    }
  ],
  "boundary": "CPU eager no-grad GELU chain, allocation/free included; Python entry differs from Rust Module dispatch; no compile, fusion, model training or fastest-PyTorch claim"
}
