...
1770 |     fn render_bundle_encoder_multi_draw_indexed_indirect_count(
     |        ^^^^^^^^^^^^^^^^^^^^^^^^^^^^^^^^^^^^^^^^^^^^^^^^^^^^^^^

warning: field `0` is never read
  --> vendor/wgpu-0.20.1/src/util/mod.rs:86:5
   |
85 | pub struct DownloadBuffer(
   |            -------------- field in this struct
86 |     Arc<super::Buffer>,
   |     ^^^^^^^^^^^^^^^^^^
   |
help: consider changing the field to be of unit type to suppress this warning while preserving the field numbering, or remove the field
   |
86 -     Arc<super::Buffer>,
86 +     (),
   |

warning: `wgpu` (lib) generated 161 warnings
   Compiling st-backend-wgpu v0.1.0 (/Users/ryospiralarchitect/🌀SpiralReality🌀/_wt/spiraltorch-resident-graph-forward-v1/crates/st-backend-wgpu)
    Finished `test` profile [unoptimized + debuginfo] target(s) in 2.12s
warning: the following packages contain code that will be rejected by a future version of Rust: block v0.1.6
note: to see what the problems were, use the option `--future-incompat-report`, or run `cargo report future-incompatibilities --id 1`
     Running unittests src/lib.rs (/Users/ryospiralarchitect/🌀SpiralReality🌀/_wt/spiraltorch-spiralk-golden-blackcat-contract-v1/target/debug/deps/st_backend_wgpu-e17fb8d3b750ce54)
epsilon scale-direction: scale=0.0000000001, seed=340282350000000000000000000000000000000, dx=[-1.003311e34, 0.0, 1.003311e34], expected=876005700000000000000000

thread 'resident_tensor::normalization::tests::layer_norm_retains_small_epsilon_after_scale_direction_cancellation' (4875073) panicked at crates/st-backend-wgpu/src/resident_tensor/normalization/tests.rs:19:9:
index 0: -10033110000000000000000000000000000 != -876005700000000000000000
note: run with `RUST_BACKTRACE=1` environment variable to display a backtrace
error: test failed, to rerun pass `-p st-backend-wgpu --lib`
