warning: patch `wgpu v0.20.1 (/Users/ryospiralarchitect/🌀SpiralReality🌀/_wt/spiraltorch-resident-graph-forward-v1/vendor/wgpu-0.20.1)` was not used in the crate graph
help: Check that the patched package version and available features are compatible
      with the dependency requirements. If the patch has a different version from
      what is locked in the Cargo.lock file, run `cargo update` to use the new
      version. This may also occur with an optional dependency that is not enabled.
   Compiling proc-macro2 v1.0.101
   Compiling unicode-ident v1.0.19
   Compiling quote v1.0.41
   Compiling autocfg v1.5.0
   Compiling libm v0.2.16
   Compiling num-traits v0.2.19
   Compiling version_check v0.9.5
   Compiling cfg-if v1.0.3
   Compiling bytemuck v1.25.2
   Compiling libc v0.2.189
   Compiling syn v2.0.106
   Compiling typenum v1.19.0
   Compiling num-complex v0.4.6
   Compiling crossbeam-utils v0.8.21
   Compiling once_cell v1.21.4
   Compiling crossbeam-epoch v0.9.20
   Compiling paste v1.0.15
   Compiling nano-gemm-codegen v0.1.0
   Compiling generic-array v0.14.9
   Compiling serde_core v1.0.229
   Compiling pulp v0.21.5
   Compiling rayon-core v1.13.0
   Compiling zmij v1.0.21
   Compiling thiserror v1.0.69
   Compiling crossbeam-deque v0.8.6
   Compiling thiserror-impl v1.0.69
   Compiling num-integer v0.1.46
   Compiling syn v3.0.4
   Compiling zerocopy v0.8.27
   Compiling reborrow v0.5.5
   Compiling either v1.15.0
   Compiling serde_json v1.0.151
   Compiling heck v0.5.0
   Compiling bitflags v2.13.1
   Compiling dyn-stack-macros v0.1.3
   Compiling dyn-stack v0.13.2
   Compiling enum-as-inner v0.6.1
   Compiling rayon v1.12.0
   Compiling getrandom v0.2.17
   Compiling byteorder v1.5.0
   Compiling sysctl v0.6.0
   Compiling ppv-lite86 v0.2.21
   Compiling rand_core v0.6.4
   Compiling raw-cpuid v11.6.0
   Compiling matrixmultiply v0.3.10
   Compiling seq-macro v0.3.6
   Compiling memchr v2.7.6
   Compiling pin-project-lite v0.2.16
   Compiling gemm-common v0.18.2
   Compiling rand_chacha v0.3.1
   Compiling rawpointer v0.2.1
   Compiling serde v1.0.229
   Compiling nano-gemm-core v0.1.0
   Compiling rand v0.8.8
   Compiling serde_derive v1.0.229
   Compiling tracing-core v0.1.36
   Compiling safe_arch v0.7.4
   Compiling thiserror v2.0.17
   Compiling lazy_static v1.5.0
   Compiling find-msvc-tools v0.1.9
   Compiling shlex v2.0.1
   Compiling regex-syntax v0.8.8
   Compiling cc v1.2.63
   Compiling regex-automata v0.4.13
   Compiling wide v0.7.33
   Compiling tracing-attributes v0.1.31
   Compiling thiserror-impl v2.0.17
   Compiling nano-gemm-f64 v0.1.0
   Compiling nano-gemm-c64 v0.1.0
   Compiling nano-gemm-c32 v0.1.0
   Compiling nano-gemm-f32 v0.1.0
   Compiling approx v0.5.1
   Compiling syn v1.0.109
   Compiling getrandom v0.4.2
   Compiling itoa v1.0.15
   Compiling log v0.4.28
   Compiling tracing-log v0.2.0
   Compiling tracing v0.1.44
   Compiling matchers v0.2.0
   Compiling blake3 v1.8.7
   Compiling sharded-slab v0.1.7
   Compiling block-buffer v0.10.4
   Compiling crypto-common v0.1.6
   Compiling equator-macro v0.2.1
   Compiling equator-macro v0.4.2
   Compiling crossbeam-channel v0.5.16
   Compiling crossbeam-queue v0.3.12
   Compiling thread_local v1.1.9
   Compiling core-foundation-sys v0.8.7
   Compiling nu-ansi-term v0.50.3
   Compiling wasm-bindgen-shared v0.2.104
   Compiling smallvec v1.15.2
   Compiling iana-time-zone v0.1.64
   Compiling crossbeam v0.8.4
   Compiling equator v0.4.2
   Compiling equator v0.2.2
   Compiling tracing-subscriber v0.3.23
   Compiling digest v0.10.7
   Compiling cpufeatures v0.2.17
   Compiling rand_distr v0.4.3
   Compiling gemm-f32 v0.18.2
   Compiling gemm-f64 v0.18.2
   Compiling gemm-c32 v0.18.2
   Compiling gemm-c64 v0.18.2
   Compiling qd v0.7.7
   Compiling num-rational v0.4.2
   Compiling faer-macros v0.22.1
   Compiling constant_time_eq v0.4.2
   Compiling generativity v1.1.0
   Compiling arrayvec v0.7.6
   Compiling atomic-wait v1.1.0
   Compiling spindle v0.2.5 (/Users/ryospiralarchitect/🌀SpiralReality🌀/_wt/spiraltorch-resident-graph-forward-v1/vendor/spindle)
   Compiling faer-traits v0.23.2
   Compiling gemm v0.18.2
   Compiling nano-gemm v0.1.3
   Compiling sha2 v0.10.9
   Compiling nalgebra-macros v0.1.0
   Compiling uuid v1.26.0
   Compiling chrono v0.4.45
   Compiling tracing-chrome v0.7.2
   Compiling simba v0.6.0
   Compiling ndarray v0.15.6
   Compiling anyhow v1.0.104
   Compiling option-ext v0.2.0
   Compiling winnow v1.0.3
   Compiling strength_reduce v0.2.4
   Compiling transpose v0.2.3
   Compiling toml_parser v1.1.2+spec-1.1.0
   Compiling dirs-sys v0.4.1
   Compiling nalgebra v0.29.0
   Compiling st-frac v0.1.1 (/Users/ryospiralarchitect/🌀SpiralReality🌀/_wt/spiraltorch-resident-graph-forward-v1/crates/st-frac)
   Compiling st-core v1.10.0 (/Users/ryospiralarchitect/🌀SpiralReality🌀/_wt/spiraltorch-resident-graph-forward-v1/crates/st-core)
   Compiling spiral-config v0.1.0 (/Users/ryospiralarchitect/🌀SpiralReality🌀/_wt/spiraltorch-resident-graph-forward-v1/crates/spiral-config)
   Compiling faer v0.23.2
   Compiling st-kdsl v0.3.0 (/Users/ryospiralarchitect/🌀SpiralReality🌀/_wt/spiraltorch-resident-graph-forward-v1/crates/st-kdsl)
   Compiling st-kernel-contracts v0.1.0 (/Users/ryospiralarchitect/🌀SpiralReality🌀/_wt/spiraltorch-resident-graph-forward-v1/crates/st-kernel-contracts)
   Compiling simba v0.8.1
   Compiling primal-check v0.3.4
   Compiling serde_spanned v1.1.1
   Compiling toml_datetime v0.7.5+spec-1.1.0
   Compiling nalgebra-macros v0.2.2
   Compiling winnow v0.7.13
   Compiling toml_writer v1.1.1+spec-1.1.0
   Compiling futures-core v0.3.34
   Compiling futures-sink v0.3.34
   Compiling toml v0.9.12+spec-1.1.0
   Compiling futures-channel v0.3.34
   Compiling nalgebra v0.32.6
   Compiling rustfft v6.4.1
   Compiling statrs v0.16.1
   Compiling dirs v5.0.1
   Compiling futures-macro v0.3.34
   Compiling num-bigint v0.4.8
   Compiling slab v0.4.11
   Compiling rustversion v1.0.22
   Compiling futures-task v0.3.34
   Compiling rustc-hash v1.1.0
   Compiling futures-io v0.3.34
   Compiling futures-util v0.3.34
   Compiling st-softlogic v0.2.0 (/Users/ryospiralarchitect/🌀SpiralReality🌀/_wt/spiraltorch-resident-graph-forward-v1/crates/st-softlogic)
   Compiling bumpalo v3.19.0
   Compiling wasm-bindgen-backend v0.2.104
   Compiling st-tensor v0.1.0 (/Users/ryospiralarchitect/🌀SpiralReality🌀/_wt/spiraltorch-resident-graph-forward-v1/crates/st-tensor)
   Compiling wasm-bindgen v0.2.104
   Compiling wasm-bindgen-macro-support v0.2.104
   Compiling futures-executor v0.3.34
   Compiling bincode v1.3.3
   Compiling futures v0.3.34
   Compiling wasm-bindgen-macro v0.2.104
   Compiling ordered-float v4.6.0
   Compiling st-logic v0.4.0 (/Users/ryospiralarchitect/🌀SpiralReality🌀/_wt/spiraltorch-resident-graph-forward-v1/crates/st-logic)
   Compiling st-text v0.1.0 (/Users/ryospiralarchitect/🌀SpiralReality🌀/_wt/spiraltorch-resident-graph-forward-v1/crates/st-text)
   Compiling st-nn v0.1.0 (/Users/ryospiralarchitect/🌀SpiralReality🌀/_wt/spiraltorch-resident-graph-forward-v1/crates/st-nn)
   Compiling st-vision v0.1.0 (/Users/ryospiralarchitect/🌀SpiralReality🌀/_wt/spiraltorch-resident-graph-forward-v1/crates/st-vision)
   Compiling positional-geometry-fixture v0.0.0 (/Users/ryospiralarchitect/Library/Logs/SpiralTorch/positional-geometry-20260921/fixture)
    Finished `release` profile [optimized] target(s) in 1m 37s
