START a-plain-native
END a-plain-native 0
START a-plain-browser
END a-plain-browser 0
START a-plain-validate
END a-plain-validate 0
START a-topos_ema-native
END a-topos_ema-native 0
START a-topos_ema-browser
END a-topos_ema-browser 0
START a-topos_ema-validate
END a-topos_ema-validate 0
START a-clipped_topos_ema-native
END a-clipped_topos_ema-native 0
START a-clipped_topos_ema-browser
END a-clipped_topos_ema-browser 0
START a-clipped_topos_ema-validate
END a-clipped_topos_ema-validate 0
START b-clipped_topos_ema-native
END b-clipped_topos_ema-native 0
START b-clipped_topos_ema-browser
END b-clipped_topos_ema-browser 0
START b-clipped_topos_ema-validate
END b-clipped_topos_ema-validate 0
START b-topos_ema-native
END b-topos_ema-native 0
START b-topos_ema-browser
END b-topos_ema-browser 0
START b-topos_ema-validate
END b-topos_ema-validate 0
START b-plain-native
END b-plain-native 0
START b-plain-browser
END b-plain-browser 0
START b-plain-validate
END b-plain-validate 0
