    Checking bytemuck v1.25.2
    Checking either v1.15.0
    Checking zerocopy v0.8.27
    Checking regex-automata v0.4.13
    Checking rayon v1.12.0
    Checking num-complex v0.4.6
    Checking pulp v0.21.5
    Checking dyn-stack v0.13.2
    Checking ppv-lite86 v0.2.21
    Checking safe_arch v0.7.4
    Checking rand_chacha v0.3.1
    Checking wide v0.7.33
    Checking serde v1.0.229
    Checking rand v0.8.8
    Checking matchers v0.2.0
    Checking tracing-subscriber v0.3.23
    Checking rand_distr v0.4.3
    Checking nano-gemm-c32 v0.1.0
    Checking nano-gemm-c64 v0.1.0
    Checking arrayvec v0.7.6
    Checking spindle v0.2.5 (/Users/ryospiralarchitect/🌀SpiralReality🌀/_wt/spiraltorch-resident-graph-forward-v1/vendor/spindle)
    Checking blake3 v1.8.7
    Checking gemm-common v0.18.2
    Checking qd v0.7.7
    Checking gemm-c64 v0.18.2
    Checking gemm-f64 v0.18.2
    Checking gemm-c32 v0.18.2
    Checking gemm-f32 v0.18.2
    Checking faer-traits v0.23.2
    Checking tracing-chrome v0.7.2
    Checking simba v0.6.0
    Checking gemm v0.18.2
    Checking ndarray v0.15.6
    Checking spiral-config v0.1.0 (/Users/ryospiralarchitect/🌀SpiralReality🌀/_wt/spiraltorch-resident-graph-forward-v1/crates/spiral-config)
   Compiling st-core v1.10.0 (/Users/ryospiralarchitect/🌀SpiralReality🌀/_wt/spiraltorch-resident-graph-forward-v1/crates/st-core)
    Checking nano-gemm v0.1.3
    Checking st-kdsl v0.3.0 (/Users/ryospiralarchitect/🌀SpiralReality🌀/_wt/spiraltorch-resident-graph-forward-v1/crates/st-kdsl)
    Checking faer v0.23.2
    Checking st-frac v0.1.1 (/Users/ryospiralarchitect/🌀SpiralReality🌀/_wt/spiraltorch-resident-graph-forward-v1/crates/st-frac)
    Checking simba v0.8.1
    Checking rustfft v6.4.1
    Checking nalgebra v0.29.0
    Checking nalgebra v0.32.6
    Checking st-softlogic v0.2.0 (/Users/ryospiralarchitect/🌀SpiralReality🌀/_wt/spiraltorch-resident-graph-forward-v1/crates/st-softlogic)
    Checking bincode v1.3.3
    Checking statrs v0.16.1
    Checking st-tensor v0.1.0 (/Users/ryospiralarchitect/🌀SpiralReality🌀/_wt/spiraltorch-resident-graph-forward-v1/crates/st-tensor)
    Checking st-logic v0.4.0 (/Users/ryospiralarchitect/🌀SpiralReality🌀/_wt/spiraltorch-resident-graph-forward-v1/crates/st-logic)
    Checking st-text v0.1.0 (/Users/ryospiralarchitect/🌀SpiralReality🌀/_wt/spiraltorch-resident-graph-forward-v1/crates/st-text)
    Checking st-nn v0.1.0 (/Users/ryospiralarchitect/🌀SpiralReality🌀/_wt/spiraltorch-resident-graph-forward-v1/crates/st-nn)
    Checking st-vision v0.1.0 (/Users/ryospiralarchitect/🌀SpiralReality🌀/_wt/spiraltorch-resident-graph-forward-v1/crates/st-vision)
error: this `repeat().take()` can be written more concisely
   --> crates/st-vision/src/nerf/field.rs:259:31
    |
259 |                 buffer.extend(std::iter::repeat(0.0).take(dir_dims));
    |                               ^^^^^^^^^^^^^^^^^^^^^^^^^^^^^^^^^^^^^ help: consider using `repeat_n()` instead: `std::iter::repeat_n(0.0, dir_dims)`
    |
    = help: for further information visit https://rust-lang.github.io/rust-clippy/rust-1.98.0/index.html#manual_repeat_n
    = note: `-D clippy::manual-repeat-n` implied by `-D warnings`
    = help: to override `-D warnings` add `#[allow(clippy::manual_repeat_n)]`

error: the loop variable `row` is used to index `density_data`
   --> crates/st-vision/src/nerf/field.rs:351:20
    |
351 |         for row in 0..rows {
    |                    ^^^^^^^
    |
    = help: for further information visit https://rust-lang.github.io/rust-clippy/rust-1.98.0/index.html#needless_range_loop
    = note: `-D clippy::needless-range-loop` implied by `-D warnings`
    = help: to override `-D warnings` add `#[allow(clippy::needless_range_loop)]`
help: consider using an iterator and enumerate()
    |
351 -         for row in 0..rows {
351 +         for (row, <item>) in density_data.iter().enumerate().take(rows) {
    |

error: the loop variable `ray` is used to index `final_transmittance`
   --> crates/st-vision/src/nerf/trainer.rs:271:20
    |
271 |         for ray in 0..batch_size {
    |                    ^^^^^^^^^^^^^
    |
    = help: for further information visit https://rust-lang.github.io/rust-clippy/rust-1.98.0/index.html#needless_range_loop
help: consider using an iterator and enumerate()
    |
271 -         for ray in 0..batch_size {
271 +         for (ray, <item>) in final_transmittance.iter_mut().enumerate().take(batch_size) {
    |

error: could not compile `st-vision` (lib) due to 3 previous errors
warning: build failed, waiting for other jobs to finish...
error: could not compile `st-vision` (lib test) due to 3 previous errors
