
running 7 tests
test assembly_preserves_mixed_input_layouts_and_missing_directions ... FAILED
test empty_encodings_and_signed_zero_remain_well_defined ... ok
test encoding_matches_logical_coordinates_and_f64_reference ... FAILED
test encoding_rejects_nonfinite_frequencies_phases_and_dimensions ... FAILED
test field_gradients_and_optimizer_steps_preserve_input_and_seed_layouts ... FAILED
test field_parameter_vjp_matches_finite_differences ... ok
test malformed_seeds_fail_before_parameter_gradients_change ... ok

failures:

---- assembly_preserves_mixed_input_layouts_and_missing_directions stdout ----

thread 'assembly_preserves_mixed_input_layouts_and_missing_directions' (1887506) panicked at crates/st-vision/tests/nerf_geometry.rs:121:9:
assertion `left == right` failed
  left: [0.0, 1.0, 2.0, 3.0, 4.0, 5.0, 100.0, 106.0, 101.0, 107.0, 102.0, 108.0, 6.0, 7.0, 8.0, 9.0, 10.0, 11.0, 103.0, 109.0, 104.0, 110.0, 105.0, 111.0]
 right: [0.0, 1.0, 2.0, 3.0, 4.0, 5.0, 100.0, 101.0, 102.0, 103.0, 104.0, 105.0, 6.0, 7.0, 8.0, 9.0, 10.0, 11.0, 106.0, 107.0, 108.0, 109.0, 110.0, 111.0]
note: run with `RUST_BACKTRACE=1` environment variable to display a backtrace

---- encoding_matches_logical_coordinates_and_f64_reference stdout ----

thread 'encoding_matches_logical_coordinates_and_f64_reference' (1887508) panicked at crates/st-vision/tests/nerf_geometry.rs:63:17:
assertion `left == right` failed
  left: [-0.5, -0.125, 0.25, -0.4375, -0.0625, 0.3125, -0.375, 0.0, 0.375, -0.3125, 0.0625, 0.4375, -0.25, 0.125, 0.5, -0.1875, 0.1875, 0.5625]
 right: [-0.5, -0.4375, -0.375, -0.3125, -0.25, -0.1875, -0.125, -0.0625, 0.0, 0.0625, 0.125, 0.1875, 0.25, 0.3125, 0.375, 0.4375, 0.5, 0.5625]

---- encoding_rejects_nonfinite_frequencies_phases_and_dimensions stdout ----

thread 'encoding_rejects_nonfinite_frequencies_phases_and_dimensions' (1887509) panicked at crates/st-vision/tests/nerf_geometry.rs:77:5:
assertion failed: PositionalEncoding::new(3, 129).is_err()

---- field_gradients_and_optimizer_steps_preserve_input_and_seed_layouts stdout ----

thread 'field_gradients_and_optimizer_steps_preserve_input_and_seed_layouts' (1887510) panicked at crates/st-vision/tests/nerf_geometry.rs:146:9:
assertion `left == right` failed
  left: [[0.0011496663, 0.00231443, 0.0034791934, 0.004447649, 0.001279155, 0.00257379, 0.003868425, 0.004952685, 0.0014086438, 0.0028331499, 0.004257656, 0.005457721, 0.0011477151, 0.0023104828, 0.0034732504, 0.0044401605, 0.012892564, 0.025822276, 0.038751986, 0.050286897, 0.0012765813, 0.0025685858, 0.0038605905, 0.0049427995, 0.012880443, 0.02579788, 0.038715318, 0.05023998, 0.0014053197, 0.0028264318, 0.004247544, 0.0054449434, 0.012867032, 0.025770904, 0.038674776, 0.050188042], [0.012948875, 0.025936, 0.038923122, 0.050503626], [0.30354777, 0.22388142, 0.26770997, 0.3101378], [1.25], [0.00017764862, 0.000952221, 0.0033249294, 0.00017215125, 0.00079991715, 0.002556624, 0.00017116236, 0.00087418244, 0.002969128, 0.00016962853, 0.00094470615, 0.0033669868], [0.00037499983, 0.003075, 0.0127875], [0.0017669878, 0.002746975, 0.0037269616, -0.0035765364, 0.0023198707, 0.003599245, 0.0048786183, -0.0047382372, 0.0020618949, 0.003191959, 0.004322022, -0.004252735, 0.0041609355, 0.0071485094, 0.010136081, -0.0044237417, 0.028452246, 0.043206703, 0.05796115, -0.0636202, 0.0044452455, 0.0075802123, 0.010715177, -0.0050597126, 0.028409215, 0.043133058, 0.05785689, -0.06357279, 0.0047291103, 0.008011156, 0.0112932, -0.0056951772, 0.028363341, 0.043055102, 0.05774685, -0.06351901], [0.02875, 0.043750003, 0.058749996, -0.063750006], [-0.1495045, -0.028326271, 0.30688214, -0.10927323, -0.019896144, 0.22833897, -0.13034347, -0.024837364, 0.2668436, -0.15372293, -0.029323108, 0.31455323], [-0.625, -0.125, 1.25]]
 right: [[-0.00016662249, -0.0002957275, -0.0004248325, -0.0008591324, -0.0001511175, -0.00026016007, -0.00036920246, -0.00081806246, -0.0001356125, -0.00022459251, -0.00031357247, -0.0007769924, -0.00016583744, -0.0002942162, -0.0004225949, -0.00085565436, 0.0015680701, 0.0035901442, 0.0056122197, 0.0041869227, -0.00015014873, -0.0002583007, -0.00036645262, -0.0008137431, 0.0015696501, 0.0035929065, 0.005616164, 0.004195269, -0.00013444494, -0.00022235932, -0.0003102735, -0.00077175023, 0.0015710732, 0.0035953103, 0.0056195464, 0.0042031985], [0.0015504998, 0.0035567498, 0.005563, 0.0041070003], [-0.00962048, -0.01166521, -0.010094382, -0.0085096955], [0.0], [0.0024563516, 0.006100869, 0.0076650265, 0.0018047802, 0.0044879476, 0.005663639, 0.0021639166, 0.005376444, 0.0067636995, 0.0025116722, 0.0062367106, 0.007828459], [0.010174999, 0.025224999, 0.031475], [0.0027565777, 0.0058843764, 0.009012175, 0.0046381885, 0.0036298253, 0.007748635, 0.011867446, 0.0061242254, 0.0032365993, 0.0069093714, 0.010582143, 0.00547697, 0.005484907, 0.011692887, 0.017900867, 0.007660279, 0.04590451, 0.09801433, 0.15012415, 0.079604186, 0.005943671, 0.01267243, 0.01940119, 0.008455926, 0.045847364, 0.09789249, 0.14993763, 0.07952361, 0.006401839, 0.013650705, 0.020899571, 0.009250725, 0.045785636, 0.097760886, 0.14973612, 0.07943507], [0.04625, 0.098749995, 0.15124999, 0.08], [0.0026243813, 0.14688012, 0.27724367, 0.0032641701, 0.10600906, 0.20681074, 0.0020522177, 0.12829126, 0.24098012, 0.0023691282, 0.1513538, 0.28404558], [0.0, 0.625, 1.125]]


failures:
    assembly_preserves_mixed_input_layouts_and_missing_directions
    encoding_matches_logical_coordinates_and_f64_reference
    encoding_rejects_nonfinite_frequencies_phases_and_dimensions
    field_gradients_and_optimizer_steps_preserve_input_and_seed_layouts

test result: FAILED. 3 passed; 4 failed; 0 ignored; 0 measured; 0 filtered out; finished in 0.00s

