{
  "torch": "2.12.1",
  "torch_file": "/Library/Frameworks/Python.framework/Versions/3.12/lib/python3.12/site-packages/torch/__init__.py",
  "python": "3.12.6 (v3.12.6:a4a2d2b0d85, Sep  6 2024, 16:08:03) [Clang 13.0.0 (clang-1300.0.29.30)]",
  "platform": "macOS-26.4.1-arm64-arm-64bit",
  "threads": 4,
  "interop_threads": 1,
  "warmups": 3,
  "intervals": 15,
  "repetitions": 8,
  "reports": [
    {
      "round": "warm",
      "cases": [
        {
          "rows": 1,
          "cols": 1,
          "backward": false,
          "elapsed_ns": [
            1349.0,
            1213.5,
            1187.5,
            1145.875,
            1166.625,
            1130.125,
            1203.125,
            1119.75,
            1099.0,
            1119.75,
            1130.25,
            1130.25,
            1151.125,
            1151.0,
            1156.25
          ],
          "valid": true,
          "max_abs": 3.167664686110072e-08,
          "output_sha256": "b69138c41ffe98a25043a16a970d8b1ab08dd84d4efa63a27923aae24983e265"
        },
        {
          "rows": 1,
          "cols": 1,
          "backward": true,
          "elapsed_ns": [
            9474.0,
            8927.125,
            7958.25,
            7859.375,
            12864.625,
            7791.75,
            7796.875,
            7802.125,
            7765.625,
            7750.0,
            7619.75,
            7572.875,
            7526.0,
            7500.0,
            7625.0
          ],
          "valid": true,
          "max_abs": 7.555898868486389e-08,
          "output_sha256": "6e1736be93db147aaba93ec855f754972e28bdd92292e455c7cbfef5f21bd8b2"
        },
        {
          "rows": 1,
          "cols": 8,
          "backward": false,
          "elapsed_ns": [
            1250.0,
            1161.375,
            1161.5,
            1197.875,
            1145.75,
            1151.0,
            1171.875,
            1140.625,
            1130.25,
            1135.5,
            1161.375,
            1135.375,
            1125.0,
            1140.625,
            1161.375
          ],
          "valid": true,
          "max_abs": 5.519016624440376e-08,
          "output_sha256": "4d6113fb2a6de6ba8553d4903184c202252c3094548ea609b57b7e9b818d6ea6"
        },
        {
          "rows": 1,
          "cols": 8,
          "backward": true,
          "elapsed_ns": [
            7791.625,
            7875.0,
            7807.25,
            7687.5,
            7687.5,
            7640.625,
            12854.25,
            10156.25,
            8005.25,
            7812.5,
            7729.125,
            7677.125,
            8130.25,
            7671.875,
            7645.875
          ],
          "valid": true,
          "max_abs": 7.247398265645012e-08,
          "output_sha256": "5f6095af3fb4721ae4c8c9038189ace4bc62bc6efda021abb8ee9c84115c93d5"
        },
        {
          "rows": 1,
          "cols": 32,
          "backward": false,
          "elapsed_ns": [
            1338.5,
            1234.375,
            1229.125,
            1244.875,
            1208.25,
            1218.75,
            1218.75,
            1239.625,
            1213.5,
            1224.0,
            1224.0,
            1229.125,
            1234.375,
            1234.375,
            1224.0
          ],
          "valid": true,
          "max_abs": 5.519016624440376e-08,
          "output_sha256": "7be562a3cb59a8e7cb2c2f80908b4a810dc5003237f6fea69ca630a6204ebb4e"
        },
        {
          "rows": 1,
          "cols": 32,
          "backward": true,
          "elapsed_ns": [
            7906.25,
            7677.125,
            7619.75,
            7599.0,
            8390.625,
            7770.75,
            7703.125,
            7755.25,
            7765.625,
            7755.25,
            7734.375,
            7692.75,
            7614.625,
            8072.875,
            7671.875
          ],
          "valid": true,
          "max_abs": 2.0266842670757512e-07,
          "output_sha256": "5a53b42612deebf303699b43ef823aa3902711604aac23a185fbd9c297b995e2"
        },
        {
          "rows": 1,
          "cols": 64,
          "backward": false,
          "elapsed_ns": [
            1380.125,
            1333.375,
            1322.875,
            1323.0,
            1354.125,
            1343.75,
            1312.5,
            1317.625,
            1307.25,
            1317.625,
            1312.5,
            1333.375,
            1322.875,
            1307.375,
            1312.5
          ],
          "valid": true,
          "max_abs": 5.519016624440376e-08,
          "output_sha256": "587429fa31f9dd14bfd3f63a456eb9ad7a0f2574801d6de5dcd751d0d6e9d70f"
        },
        {
          "rows": 1,
          "cols": 64,
          "backward": true,
          "elapsed_ns": [
            68869.875,
            7781.25,
            7656.25,
            7640.625,
            7651.125,
            7682.25,
            7635.375,
            7916.75,
            14109.375,
            9484.375,
            8359.375,
            22552.0,
            8723.875,
            8166.625,
            8099.0
          ],
          "valid": true,
          "max_abs": 2.0266842670757512e-07,
          "output_sha256": "cf13358000e36044f1093dd435b469065e4bd8f0dd675f1fad3bea1aed238eba"
        },
        {
          "rows": 8,
          "cols": 3072,
          "backward": false,
          "elapsed_ns": [
            32599.0,
            31812.5,
            31593.75,
            33510.375,
            31932.25,
            31593.75,
            31786.5,
            33562.5,
            33447.875,
            31880.125,
            31942.625,
            31421.875,
            31359.375,
            31354.125,
            31380.25
          ],
          "valid": true,
          "max_abs": 2.06243726541544e-07,
          "output_sha256": "048d6f60acfb2e660c0b8e1ef33213f1f87eaf4b36140eefcf7a8ee442048fba"
        },
        {
          "rows": 8,
          "cols": 3072,
          "backward": true,
          "elapsed_ns": [
            85921.875,
            85916.625,
            92489.625,
            88171.875,
            103109.375,
            85906.25,
            84791.75,
            88692.625,
            85416.625,
            85875.0,
            85958.375,
            86609.375,
            92203.125,
            86385.375,
            85755.25
          ],
          "valid": true,
          "max_abs": 3.9499989368252386e-07,
          "output_sha256": "75ddb4ac7944874a9122ff1a664d99db697f8a70e9ee842ad82a7768e2310c53"
        },
        {
          "rows": 32,
          "cols": 3072,
          "backward": false,
          "elapsed_ns": [
            84916.625,
            132224.0,
            86859.375,
            83250.0,
            91901.0,
            131765.625,
            132427.125,
            117635.375,
            85052.125,
            85093.75,
            86484.375,
            130791.625,
            89953.125,
            83349.0,
            92421.875
          ],
          "valid": true,
          "max_abs": 2.06243726541544e-07,
          "output_sha256": "8529b0c99c0c216664ab84f09008f3512074ee97285f22475c945d72542aea2d"
        },
        {
          "rows": 32,
          "cols": 3072,
          "backward": true,
          "elapsed_ns": [
            134713.5,
            133927.125,
            127635.375,
            129515.625,
            127442.75,
            127473.875,
            127968.75,
            155953.125,
            131083.375,
            127510.375,
            127380.25,
            128333.375,
            217718.75,
            127687.5,
            133572.875
          ],
          "valid": true,
          "max_abs": 3.9499989368252386e-07,
          "output_sha256": "4ff2a33870fb94d992b511967080c4cd83333d8efd0a203a792c332bc2fe5aa3"
        },
        {
          "rows": 64,
          "cols": 1024,
          "backward": false,
          "elapsed_ns": [
            61338.5,
            61125.0,
            67369.75,
            59885.375,
            82182.25,
            63739.5,
            61083.375,
            61333.375,
            60411.5,
            61130.125,
            59953.125,
            59979.25,
            60177.0,
            60171.875,
            60130.25
          ],
          "valid": true,
          "max_abs": 2.06243726541544e-07,
          "output_sha256": "c9c5e7c0074e0151fc0fc0c4f566cc626bb7d47159ab9e983c69fca9b8808655"
        },
        {
          "rows": 64,
          "cols": 1024,
          "backward": true,
          "elapsed_ns": [
            143880.25,
            129802.125,
            138369.875,
            129724.0,
            128515.625,
            160744.75,
            138578.125,
            141338.5,
            134718.75,
            148354.125,
            126541.75,
            129156.25,
            131479.25,
            128671.875,
            135588.5
          ],
          "valid": true,
          "max_abs": 3.9499989368252386e-07,
          "output_sha256": "52a7dc37cbcb9b004b690e939c32c3b186550547dcc2cf9beb60b95e255540f4"
        },
        {
          "rows": 17,
          "cols": 195,
          "backward": false,
          "elapsed_ns": [
            10114.5,
            9984.375,
            10291.625,
            9979.125,
            9984.375,
            10000.0,
            9942.75,
            11130.25,
            9947.875,
            10609.375,
            9958.375,
            10354.125,
            10359.375,
            10765.625,
            10307.375
          ],
          "valid": true,
          "max_abs": 2.06243726541544e-07,
          "output_sha256": "6ba4c61d4f10fbb58669503d5473a672d6610cc837380dcea211d4a5928dba85"
        },
        {
          "rows": 17,
          "cols": 195,
          "backward": true,
          "elapsed_ns": [
            19161.5,
            18000.0,
            18203.125,
            19744.75,
            18937.5,
            17776.0,
            17807.25,
            18140.625,
            17729.125,
            17734.375,
            18046.875,
            20697.875,
            20432.375,
            18317.625,
            17687.5
          ],
          "valid": true,
          "max_abs": 3.592421508845367e-07,
          "output_sha256": "c89d0ed0cc371e064bbcec6fcab50bb138913004de98731cd3b4d757158348aa"
        },
        {
          "rows": 65,
          "cols": 97,
          "backward": false,
          "elapsed_ns": [
            19328.125,
            18677.125,
            18052.125,
            18067.625,
            18052.125,
            18067.625,
            18052.125,
            19750.0,
            19921.875,
            18130.25,
            19057.25,
            19307.375,
            18015.625,
            18005.25,
            18031.25
          ],
          "valid": true,
          "max_abs": 2.06243726541544e-07,
          "output_sha256": "9b5ff1503b94a343ac1c35be4c541edfb42fb12edb6cf3f2d9cecb5adaab8723"
        },
        {
          "rows": 65,
          "cols": 97,
          "backward": true,
          "elapsed_ns": [
            27734.375,
            28010.5,
            32447.875,
            29947.875,
            27218.75,
            29437.5,
            27687.5,
            27635.375,
            28776.0,
            27651.0,
            27573.0,
            27531.25,
            27895.75,
            27854.125,
            30302.125
          ],
          "valid": true,
          "max_abs": 3.9499989368252386e-07,
          "output_sha256": "57f5b8b2296b55b56d4278c86ef0e303139f3ac77d0e55956233531a34656a36"
        }
      ]
    },
    {
      "round": "a",
      "cases": [
        {
          "rows": 1,
          "cols": 1,
          "backward": false,
          "elapsed_ns": [
            1156.25,
            1109.375,
            1114.5,
            1088.5,
            1083.375,
            1099.0,
            1062.5,
            1083.25,
            1093.75,
            1109.375,
            1088.625,
            1093.75,
            1093.75,
            1093.75,
            1083.375
          ],
          "valid": true,
          "max_abs": 3.167664686110072e-08,
          "output_sha256": "b69138c41ffe98a25043a16a970d8b1ab08dd84d4efa63a27923aae24983e265"
        },
        {
          "rows": 1,
          "cols": 1,
          "backward": true,
          "elapsed_ns": [
            7828.125,
            9458.375,
            7468.75,
            7755.25,
            7385.375,
            8494.75,
            8921.875,
            7838.5,
            7562.5,
            7604.25,
            18000.0,
            8609.375,
            8406.25,
            8005.125,
            7916.75
          ],
          "valid": true,
          "max_abs": 7.555898868486389e-08,
          "output_sha256": "6e1736be93db147aaba93ec855f754972e28bdd92292e455c7cbfef5f21bd8b2"
        },
        {
          "rows": 1,
          "cols": 8,
          "backward": false,
          "elapsed_ns": [
            1182.25,
            1151.125,
            1125.0,
            1114.5,
            1104.125,
            1135.375,
            1135.5,
            1125.0,
            1119.875,
            1125.0,
            1135.375,
            1130.25,
            1161.5,
            1130.25,
            1135.375
          ],
          "valid": true,
          "max_abs": 5.519016624440376e-08,
          "output_sha256": "4d6113fb2a6de6ba8553d4903184c202252c3094548ea609b57b7e9b818d6ea6"
        },
        {
          "rows": 1,
          "cols": 8,
          "backward": true,
          "elapsed_ns": [
            7750.0,
            7614.5,
            7562.5,
            7474.0,
            7562.5,
            8307.25,
            7593.75,
            7552.125,
            7531.25,
            7510.375,
            7510.375,
            7536.5,
            7536.5,
            7932.25,
            7536.5
          ],
          "valid": true,
          "max_abs": 7.247398265645012e-08,
          "output_sha256": "5f6095af3fb4721ae4c8c9038189ace4bc62bc6efda021abb8ee9c84115c93d5"
        },
        {
          "rows": 1,
          "cols": 32,
          "backward": false,
          "elapsed_ns": [
            1354.125,
            1312.5,
            1286.5,
            1510.375,
            1369.875,
            1296.875,
            1286.5,
            1286.5,
            1494.75,
            1474.0,
            1281.25,
            1265.625,
            1281.25,
            1265.625,
            1270.875
          ],
          "valid": true,
          "max_abs": 5.519016624440376e-08,
          "output_sha256": "7be562a3cb59a8e7cb2c2f80908b4a810dc5003237f6fea69ca630a6204ebb4e"
        },
        {
          "rows": 1,
          "cols": 32,
          "backward": true,
          "elapsed_ns": [
            8062.5,
            7989.5,
            7958.375,
            7953.125,
            7854.125,
            7822.875,
            7843.75,
            7854.25,
            7802.0,
            7770.875,
            7786.5,
            7838.5,
            7802.125,
            7791.625,
            7760.5
          ],
          "valid": true,
          "max_abs": 2.0266842670757512e-07,
          "output_sha256": "5a53b42612deebf303699b43ef823aa3902711604aac23a185fbd9c297b995e2"
        },
        {
          "rows": 1,
          "cols": 64,
          "backward": false,
          "elapsed_ns": [
            1312.5,
            1270.75,
            1281.25,
            1281.25,
            1270.875,
            1286.5,
            1276.0,
            1276.125,
            1286.5,
            1260.375,
            1260.5,
            1281.25,
            1276.0,
            1291.625,
            1265.625
          ],
          "valid": true,
          "max_abs": 5.519016624440376e-08,
          "output_sha256": "587429fa31f9dd14bfd3f63a456eb9ad7a0f2574801d6de5dcd751d0d6e9d70f"
        },
        {
          "rows": 1,
          "cols": 64,
          "backward": true,
          "elapsed_ns": [
            7869.875,
            7729.125,
            7697.875,
            7651.125,
            7640.625,
            7619.75,
            7677.125,
            7609.375,
            8708.375,
            9453.125,
            8375.0,
            9234.375,
            8614.625,
            8005.125,
            9380.125
          ],
          "valid": true,
          "max_abs": 2.0266842670757512e-07,
          "output_sha256": "cf13358000e36044f1093dd435b469065e4bd8f0dd675f1fad3bea1aed238eba"
        },
        {
          "rows": 8,
          "cols": 3072,
          "backward": false,
          "elapsed_ns": [
            33281.25,
            32921.875,
            42411.5,
            31541.75,
            43208.375,
            45645.875,
            45708.375,
            45562.5,
            45458.375,
            48099.0,
            44682.375,
            41802.125,
            31875.0,
            31531.25,
            31984.375
          ],
          "valid": true,
          "max_abs": 2.06243726541544e-07,
          "output_sha256": "048d6f60acfb2e660c0b8e1ef33213f1f87eaf4b36140eefcf7a8ee442048fba"
        },
        {
          "rows": 8,
          "cols": 3072,
          "backward": true,
          "elapsed_ns": [
            120197.875,
            86432.25,
            85526.125,
            87010.375,
            88317.75,
            86265.625,
            85953.125,
            96833.25,
            86427.0,
            88171.875,
            84765.625,
            85109.375,
            94354.125,
            84333.25,
            84724.0
          ],
          "valid": true,
          "max_abs": 3.9499989368252386e-07,
          "output_sha256": "75ddb4ac7944874a9122ff1a664d99db697f8a70e9ee842ad82a7768e2310c53"
        },
        {
          "rows": 32,
          "cols": 3072,
          "backward": false,
          "elapsed_ns": [
            89218.75,
            84343.75,
            83062.5,
            82619.75,
            82614.5,
            82458.25,
            82583.375,
            82520.875,
            82958.25,
            83838.625,
            96578.125,
            83125.0,
            83057.25,
            85286.375,
            83661.5
          ],
          "valid": true,
          "max_abs": 2.06243726541544e-07,
          "output_sha256": "8529b0c99c0c216664ab84f09008f3512074ee97285f22475c945d72542aea2d"
        },
        {
          "rows": 32,
          "cols": 3072,
          "backward": true,
          "elapsed_ns": [
            131442.75,
            138531.25,
            129119.75,
            130531.25,
            129182.375,
            127234.375,
            127635.5,
            127791.75,
            132760.5,
            143921.875,
            132828.125,
            128614.625,
            136203.125,
            145088.5,
            138942.75
          ],
          "valid": true,
          "max_abs": 3.9499989368252386e-07,
          "output_sha256": "4ff2a33870fb94d992b511967080c4cd83333d8efd0a203a792c332bc2fe5aa3"
        },
        {
          "rows": 64,
          "cols": 1024,
          "backward": false,
          "elapsed_ns": [
            60515.625,
            60572.875,
            60161.375,
            60125.0,
            60062.5,
            61474.0,
            64281.25,
            60520.875,
            72817.75,
            60484.375,
            60093.75,
            60171.875,
            62135.375,
            61390.625,
            64593.75
          ],
          "valid": true,
          "max_abs": 2.06243726541544e-07,
          "output_sha256": "c9c5e7c0074e0151fc0fc0c4f566cc626bb7d47159ab9e983c69fca9b8808655"
        },
        {
          "rows": 64,
          "cols": 1024,
          "backward": true,
          "elapsed_ns": [
            126135.375,
            125661.5,
            125880.125,
            136599.0,
            125937.5,
            138770.875,
            125505.125,
            124822.875,
            125171.875,
            124937.5,
            124953.125,
            140312.5,
            126140.625,
            137692.75,
            125937.5
          ],
          "valid": true,
          "max_abs": 3.9499989368252386e-07,
          "output_sha256": "52a7dc37cbcb9b004b690e939c32c3b186550547dcc2cf9beb60b95e255540f4"
        },
        {
          "rows": 17,
          "cols": 195,
          "backward": false,
          "elapsed_ns": [
            10010.5,
            10000.0,
            9974.0,
            9994.75,
            10020.875,
            10005.25,
            9979.125,
            9974.0,
            9927.125,
            9963.625,
            9927.0,
            9932.375,
            10260.375,
            10057.25,
            10020.875
          ],
          "valid": true,
          "max_abs": 2.06243726541544e-07,
          "output_sha256": "6ba4c61d4f10fbb58669503d5473a672d6610cc837380dcea211d4a5928dba85"
        },
        {
          "rows": 17,
          "cols": 195,
          "backward": true,
          "elapsed_ns": [
            18854.125,
            18572.875,
            18369.75,
            18328.125,
            18265.625,
            18359.375,
            18593.75,
            19000.0,
            18270.875,
            18224.0,
            18203.125,
            18192.75,
            18229.125,
            18208.375,
            18203.125
          ],
          "valid": true,
          "max_abs": 3.592421508845367e-07,
          "output_sha256": "c89d0ed0cc371e064bbcec6fcab50bb138913004de98731cd3b4d757158348aa"
        },
        {
          "rows": 65,
          "cols": 97,
          "backward": false,
          "elapsed_ns": [
            17953.125,
            17880.25,
            17890.625,
            17885.375,
            20380.25,
            19479.25,
            19401.0,
            18036.375,
            18682.375,
            18739.625,
            18057.25,
            18041.75,
            18026.0,
            18093.75,
            18036.5
          ],
          "valid": true,
          "max_abs": 2.06243726541544e-07,
          "output_sha256": "9b5ff1503b94a343ac1c35be4c541edfb42fb12edb6cf3f2d9cecb5adaab8723"
        },
        {
          "rows": 65,
          "cols": 97,
          "backward": true,
          "elapsed_ns": [
            27697.875,
            27291.75,
            27604.125,
            30239.625,
            28062.5,
            27729.25,
            27265.625,
            27255.25,
            28348.875,
            35692.75,
            28291.75,
            27765.625,
            27744.875,
            28093.75,
            27729.25
          ],
          "valid": true,
          "max_abs": 3.9499989368252386e-07,
          "output_sha256": "57f5b8b2296b55b56d4278c86ef0e303139f3ac77d0e55956233531a34656a36"
        }
      ]
    },
    {
      "round": "b",
      "cases": [
        {
          "rows": 1,
          "cols": 1,
          "backward": false,
          "elapsed_ns": [
            1171.875,
            1145.875,
            1119.875,
            1125.0,
            1130.25,
            1114.5,
            1109.375,
            1088.5,
            1114.625,
            1125.0,
            1135.375,
            1130.25,
            1099.0,
            1109.375,
            1109.375
          ],
          "valid": true,
          "max_abs": 3.167664686110072e-08,
          "output_sha256": "b69138c41ffe98a25043a16a970d8b1ab08dd84d4efa63a27923aae24983e265"
        },
        {
          "rows": 1,
          "cols": 1,
          "backward": true,
          "elapsed_ns": [
            7984.375,
            7823.0,
            8421.875,
            7791.625,
            8072.875,
            8406.25,
            8291.625,
            8078.125,
            8437.5,
            7755.25,
            7708.375,
            7692.75,
            7671.875,
            7640.625,
            7640.625
          ],
          "valid": true,
          "max_abs": 7.555898868486389e-08,
          "output_sha256": "6e1736be93db147aaba93ec855f754972e28bdd92292e455c7cbfef5f21bd8b2"
        },
        {
          "rows": 1,
          "cols": 8,
          "backward": false,
          "elapsed_ns": [
            1182.375,
            1182.25,
            1156.25,
            1161.5,
            1166.625,
            1145.875,
            1151.0,
            1166.75,
            1177.125,
            1161.375,
            1145.75,
            1161.375,
            1151.125,
            1166.625,
            1182.25
          ],
          "valid": true,
          "max_abs": 5.519016624440376e-08,
          "output_sha256": "4d6113fb2a6de6ba8553d4903184c202252c3094548ea609b57b7e9b818d6ea6"
        },
        {
          "rows": 1,
          "cols": 8,
          "backward": true,
          "elapsed_ns": [
            7755.25,
            7625.0,
            7619.875,
            7666.625,
            7562.5,
            7567.75,
            7572.875,
            7562.5,
            7588.625,
            7583.25,
            7552.125,
            7630.25,
            7609.375,
            7578.125,
            7625.0
          ],
          "valid": true,
          "max_abs": 7.247398265645012e-08,
          "output_sha256": "5f6095af3fb4721ae4c8c9038189ace4bc62bc6efda021abb8ee9c84115c93d5"
        },
        {
          "rows": 1,
          "cols": 32,
          "backward": false,
          "elapsed_ns": [
            1312.5,
            1276.0,
            1234.375,
            1250.0,
            1270.75,
            1286.5,
            1244.75,
            1250.0,
            1244.75,
            1244.75,
            1250.0,
            1250.0,
            1265.625,
            1250.0,
            1250.0
          ],
          "valid": true,
          "max_abs": 5.519016624440376e-08,
          "output_sha256": "7be562a3cb59a8e7cb2c2f80908b4a810dc5003237f6fea69ca630a6204ebb4e"
        },
        {
          "rows": 1,
          "cols": 32,
          "backward": true,
          "elapsed_ns": [
            7890.625,
            7838.5,
            7750.0,
            7791.75,
            8338.5,
            7921.875,
            7958.375,
            8010.375,
            7989.5,
            8046.875,
            8000.0,
            8385.375,
            8005.25,
            8276.0,
            8250.0
          ],
          "valid": true,
          "max_abs": 2.0266842670757512e-07,
          "output_sha256": "5a53b42612deebf303699b43ef823aa3902711604aac23a185fbd9c297b995e2"
        },
        {
          "rows": 1,
          "cols": 64,
          "backward": false,
          "elapsed_ns": [
            1385.5,
            1348.875,
            1338.625,
            1369.75,
            2937.5,
            2140.625,
            1348.875,
            1255.25,
            1265.625,
            1270.875,
            1224.0,
            1948.0,
            1567.75,
            1250.0,
            1260.5
          ],
          "valid": true,
          "max_abs": 5.519016624440376e-08,
          "output_sha256": "587429fa31f9dd14bfd3f63a456eb9ad7a0f2574801d6de5dcd751d0d6e9d70f"
        },
        {
          "rows": 1,
          "cols": 64,
          "backward": true,
          "elapsed_ns": [
            9442.75,
            8166.75,
            8421.875,
            7901.0,
            7796.875,
            7848.875,
            7812.5,
            9494.75,
            7838.625,
            7812.5,
            8182.25,
            7791.75,
            8109.375,
            7765.625,
            7822.875
          ],
          "valid": true,
          "max_abs": 2.0266842670757512e-07,
          "output_sha256": "cf13358000e36044f1093dd435b469065e4bd8f0dd675f1fad3bea1aed238eba"
        },
        {
          "rows": 8,
          "cols": 3072,
          "backward": false,
          "elapsed_ns": [
            40588.5,
            34770.875,
            32010.5,
            31479.125,
            31828.125,
            34474.0,
            31463.5,
            32541.75,
            33192.625,
            48656.25,
            31567.75,
            31598.875,
            32401.125,
            31437.5,
            31562.5
          ],
          "valid": true,
          "max_abs": 2.06243726541544e-07,
          "output_sha256": "048d6f60acfb2e660c0b8e1ef33213f1f87eaf4b36140eefcf7a8ee442048fba"
        },
        {
          "rows": 8,
          "cols": 3072,
          "backward": true,
          "elapsed_ns": [
            84937.5,
            84953.125,
            84109.375,
            84015.625,
            85255.25,
            93416.75,
            86135.375,
            95729.25,
            84312.5,
            84390.625,
            84713.5,
            86546.875,
            85625.0,
            86817.75,
            84171.875
          ],
          "valid": true,
          "max_abs": 3.9499989368252386e-07,
          "output_sha256": "75ddb4ac7944874a9122ff1a664d99db697f8a70e9ee842ad82a7768e2310c53"
        },
        {
          "rows": 32,
          "cols": 3072,
          "backward": false,
          "elapsed_ns": [
            83250.0,
            83020.875,
            82947.875,
            106140.625,
            86375.0,
            84567.75,
            108864.625,
            83020.75,
            82557.375,
            82651.125,
            82567.625,
            82593.75,
            82562.5,
            82640.625,
            82489.625
          ],
          "valid": true,
          "max_abs": 2.06243726541544e-07,
          "output_sha256": "8529b0c99c0c216664ab84f09008f3512074ee97285f22475c945d72542aea2d"
        },
        {
          "rows": 32,
          "cols": 3072,
          "backward": true,
          "elapsed_ns": [
            132432.375,
            139338.5,
            128078.125,
            127609.375,
            138489.5,
            127822.875,
            143588.5,
            129859.375,
            128921.875,
            133500.0,
            130010.5,
            127505.25,
            131208.375,
            147661.375,
            129885.375
          ],
          "valid": true,
          "max_abs": 3.9499989368252386e-07,
          "output_sha256": "4ff2a33870fb94d992b511967080c4cd83333d8efd0a203a792c332bc2fe5aa3"
        },
        {
          "rows": 64,
          "cols": 1024,
          "backward": false,
          "elapsed_ns": [
            62984.375,
            60375.0,
            83401.125,
            60390.625,
            63807.25,
            60614.5,
            66395.75,
            73573.0,
            80666.625,
            60244.75,
            60276.0,
            59942.75,
            60609.375,
            69067.625,
            61630.25
          ],
          "valid": true,
          "max_abs": 2.06243726541544e-07,
          "output_sha256": "c9c5e7c0074e0151fc0fc0c4f566cc626bb7d47159ab9e983c69fca9b8808655"
        },
        {
          "rows": 64,
          "cols": 1024,
          "backward": true,
          "elapsed_ns": [
            131130.25,
            136682.25,
            126901.125,
            126953.125,
            128520.875,
            125463.625,
            131614.625,
            138698.0,
            127739.625,
            135619.75,
            126171.875,
            128843.75,
            126432.25,
            124932.25,
            127270.875
          ],
          "valid": true,
          "max_abs": 3.9499989368252386e-07,
          "output_sha256": "52a7dc37cbcb9b004b690e939c32c3b186550547dcc2cf9beb60b95e255540f4"
        },
        {
          "rows": 17,
          "cols": 195,
          "backward": false,
          "elapsed_ns": [
            10510.5,
            10234.375,
            10588.5,
            9989.5,
            10677.125,
            11198.0,
            10078.125,
            10052.0,
            11104.125,
            10098.875,
            10046.875,
            10661.5,
            10088.5,
            10052.125,
            10083.375
          ],
          "valid": true,
          "max_abs": 2.06243726541544e-07,
          "output_sha256": "6ba4c61d4f10fbb58669503d5473a672d6610cc837380dcea211d4a5928dba85"
        },
        {
          "rows": 17,
          "cols": 195,
          "backward": true,
          "elapsed_ns": [
            18557.25,
            18161.5,
            18036.375,
            17911.5,
            17906.25,
            17916.625,
            18250.0,
            17911.5,
            20296.875,
            18453.125,
            17833.375,
            18364.625,
            18098.875,
            18093.75,
            18078.125
          ],
          "valid": true,
          "max_abs": 3.592421508845367e-07,
          "output_sha256": "c89d0ed0cc371e064bbcec6fcab50bb138913004de98731cd3b4d757158348aa"
        },
        {
          "rows": 65,
          "cols": 97,
          "backward": false,
          "elapsed_ns": [
            20567.75,
            18692.75,
            18609.375,
            18885.375,
            18838.5,
            20546.875,
            19572.875,
            19567.75,
            18250.0,
            18921.875,
            18265.625,
            18286.5,
            18270.875,
            18239.625,
            18604.125
          ],
          "valid": true,
          "max_abs": 2.06243726541544e-07,
          "output_sha256": "9b5ff1503b94a343ac1c35be4c541edfb42fb12edb6cf3f2d9cecb5adaab8723"
        },
        {
          "rows": 65,
          "cols": 97,
          "backward": true,
          "elapsed_ns": [
            28796.875,
            30000.0,
            28109.375,
            27958.375,
            27682.25,
            27635.375,
            27692.75,
            27645.75,
            27593.75,
            27604.125,
            28833.375,
            28031.25,
            27989.5,
            28635.5,
            32765.625
          ],
          "valid": true,
          "max_abs": 3.9499989368252386e-07,
          "output_sha256": "57f5b8b2296b55b56d4278c86ef0e303139f3ac77d0e55956233531a34656a36"
        }
      ]
    }
  ],
  "boundary": "CPU eager calls and allocation/free included; Python entry and autograd traversal are not Rust Module dispatch; no fastest-PyTorch claim"
}
